Archive member included because of file (symbol)

../../BSP/Debug\libBSP.a(iis.o)
                              ./lab9-wav.o (iis_init)
../../BSP/Debug\libBSP.a(keypad.o)
                              ./lab9-wav.o (keypad_pressed)
../../BSP/Debug\libBSP.a(segs.o)
                              ./lab9-wav.o (segs_init)
../../BSP/Debug\libBSP.a(system.o)
                              ./lab9-wav.o (sys_init)
../../BSP/Debug\libBSP.a(timers.o)
                              ./lab9-wav.o (timers_init)
../../BSP/Debug\libBSP.a(uart.o)
                              ./lab9-wav.o (uart0_init)
../../BSP/Debug\libBSP.a(uda1341ts.o)
                              ./lab9-wav.o (uda1341ts_init)
../../BSP/Debug\libBSP.a(dma.o)
                              ../../BSP/Debug\libBSP.a(iis.o) (bdma0_init)
../../BSP/Debug\libBSP.a(l3.o)
                              ../../BSP/Debug\libBSP.a(uda1341ts.o) (L3_init)
../../BSP/Debug\libBSP.a(leds.o)
                              ../../BSP/Debug\libBSP.a(l3.o) (led_status)
c:/eclipsearm/sourcery-g++-lite-arm-2011.03/bin/../lib/gcc/arm-none-eabi/4.5.2\libgcc.a(_udivsi3.o)
                              ../../BSP/Debug\libBSP.a(timers.o) (__aeabi_uidiv)
c:/eclipsearm/sourcery-g++-lite-arm-2011.03/bin/../lib/gcc/arm-none-eabi/4.5.2\libgcc.a(_dvmd_tls.o)
                              c:/eclipsearm/sourcery-g++-lite-arm-2011.03/bin/../lib/gcc/arm-none-eabi/4.5.2\libgcc.a(_udivsi3.o) (__aeabi_idiv0)
c:/eclipsearm/sourcery-g++-lite-arm-2011.03/bin/../lib/gcc/arm-none-eabi/4.5.2\libgcc.a(_aeabi_uldivmod.o)
                              ../../BSP/Debug\libBSP.a(timers.o) (__aeabi_uldivmod)
c:/eclipsearm/sourcery-g++-lite-arm-2011.03/bin/../lib/gcc/arm-none-eabi/4.5.2\libgcc.a(bpabi.o)
                              c:/eclipsearm/sourcery-g++-lite-arm-2011.03/bin/../lib/gcc/arm-none-eabi/4.5.2\libgcc.a(_aeabi_uldivmod.o) (__gnu_uldivmod_helper)
c:/eclipsearm/sourcery-g++-lite-arm-2011.03/bin/../lib/gcc/arm-none-eabi/4.5.2\libgcc.a(_divdi3.o)
                              c:/eclipsearm/sourcery-g++-lite-arm-2011.03/bin/../lib/gcc/arm-none-eabi/4.5.2\libgcc.a(bpabi.o) (__divdi3)
c:/eclipsearm/sourcery-g++-lite-arm-2011.03/bin/../lib/gcc/arm-none-eabi/4.5.2\libgcc.a(_udivdi3.o)
                              c:/eclipsearm/sourcery-g++-lite-arm-2011.03/bin/../lib/gcc/arm-none-eabi/4.5.2\libgcc.a(bpabi.o) (__udivdi3)
c:/eclipsearm/sourcery-g++-lite-arm-2011.03/bin/../lib/gcc/arm-none-eabi/4.5.2\libgcc.a(_clzsi2.o)
                              c:/eclipsearm/sourcery-g++-lite-arm-2011.03/bin/../lib/gcc/arm-none-eabi/4.5.2\libgcc.a(_divdi3.o) (__clzsi2)

Memory Configuration

Name             Origin             Length             Attributes
*default*        0x00000000         0xffffffff

Linker script and memory map

LOAD ./lab9-wav.o
LOAD ../../BSP/Debug\libBSP.a
START GROUP
LOAD c:/eclipsearm/sourcery-g++-lite-arm-2011.03/bin/../lib/gcc/arm-none-eabi/4.5.2\libgcc.a
LOAD c:/eclipsearm/sourcery-g++-lite-arm-2011.03/bin/../lib/gcc/arm-none-eabi/4.5.2/../../../../arm-none-eabi/lib\libc.a
END GROUP
                0x0c100000                . = 0xc100000

.text           0x0c100000     0x42c0
 *(.text)
 .text          0x0c100000      0x6b0 ./lab9-wav.o
                0x0c100000                main
 .text          0x0c1006b0      0x6ec ../../BSP/Debug\libBSP.a(iis.o)
                0x0c1006b0                iis_init
                0x0c1007cc                iis_putSample
                0x0c100830                iis_getSample
                0x0c1008a4                iis_play
                0x0c100a84                iis_rec
                0x0c100c00                iis_pause
                0x0c100c30                iis_continue
                0x0c100c60                iis_status
                0x0c100c94                iis_playWawFile
 .text          0x0c100d9c      0x4c8 ../../BSP/Debug\libBSP.a(keypad.o)
                0x0c100d9c                keypad_scan
                0x0c100fc0                keypad_pressed
                0x0c100ffc                keypad_open
                0x0c101054                keypad_close
                0x0c101098                keypad_init
                0x0c1010b4                keypad_getchar
                0x0c10111c                keypad_getchartime
                0x0c1011b8                keypad_timeout_getchar
 .text          0x0c101264       0xd4 ../../BSP/Debug\libBSP.a(segs.o)
                0x0c101264                segs_init
                0x0c101280                segs_off
                0x0c1012b8                segs_putchar
                0x0c101310                segs_status
 .text          0x0c101338      0xde4 ../../BSP/Debug\libBSP.a(system.o)
                0x0c101338                sys_init
                0x0c1018a8                isr_SWI_dummy
                0x0c1018d4                isr_UNDEF_dummy
                0x0c101900                isr_IRQ_dummy
                0x0c10192c                isr_FIQ_dummy
                0x0c101958                isr_PABORT_dummy
                0x0c101984                isr_DABORT_dummy
                0x0c1019b0                isr_ADC_dummy
                0x0c1019dc                isr_RTC_dummy
                0x0c101a08                isr_UTXD1_dummy
                0x0c101a34                isr_UTXD0_dummy
                0x0c101a60                isr_SIO_dummy
                0x0c101a8c                isr_IIC_dummy
                0x0c101ab8                isr_URXD1_dummy
                0x0c101ae4                isr_URXD0_dummy
                0x0c101b10                isr_TIMER5_dummy
                0x0c101b3c                isr_TIMER4_dummy
                0x0c101b68                isr_TIMER3_dummy
                0x0c101b94                isr_TIMER2_dummy
                0x0c101bc0                isr_TIMER1_dummy
                0x0c101bec                isr_TIMER0_dummy
                0x0c101c18                isr_UERR01_dummy
                0x0c101c44                isr_WDT_dummy
                0x0c101c70                isr_BDMA1_dummy
                0x0c101c9c                isr_BDMA0_dummy
                0x0c101cc8                isr_ZDMA1_dummy
                0x0c101cf4                isr_ZDMA0_dummy
                0x0c101d20                isr_TICK_dummy
                0x0c101d4c                isr_PB_dummy
                0x0c101d78                isr_ETHERNET_dummy
                0x0c101da4                isr_TS_dummy
                0x0c101dd0                isr_KEYPAD_dummy
                0x0c101dfc                isr_USB_dummy
                0x0c101ecc                sleep
 .text          0x0c10211c      0xa50 ../../BSP/Debug\libBSP.a(timers.o)
                0x0c10211c                timers_init
                0x0c1022dc                wait_for_1ms
                0x0c102394                wait_for_1s
                0x0c102458                timer3_delay_ms
                0x0c10249c                sw_delay_ms
                0x0c1024f4                timer3_delay_s
                0x0c102538                sw_delay_s
                0x0c102590                timer3_start
                0x0c102640                timer3_stop
                0x0c102694                timer3_start_timeout
                0x0c10274c                timer3_timeout
                0x0c102788                timer0_open_tick
                0x0c1029c4                timer0_open_ms
                0x0c102ad0                timer0_close
 .text          0x0c102b6c      0x5c0 ../../BSP/Debug\libBSP.a(uart.o)
                0x0c102b6c                uart0_init
                0x0c102bd0                uart0_putchar
                0x0c102c20                uart0_getchar
                0x0c102c68                uart0_puts
                0x0c102cb8                uart0_putint
                0x0c102df0                uart0_puthex
                0x0c102ea8                uart0_gets
                0x0c102f14                uart0_getint
                0x0c103028                uart0_gethex
 .text          0x0c10312c      0x294 ../../BSP/Debug\libBSP.a(uda1341ts.o)
                0x0c10312c                uda1341ts_init
                0x0c1031a8                uda1341ts_mute
                0x0c103204                uda1341ts_on
                0x0c103274                uda1341ts_off
                0x0c1032e8                uda1341ts_status
                0x0c103338                uda1341ts_setvol
                0x0c103398                uda1341ts_getvol
 .text          0x0c1033c0       0xf8 ../../BSP/Debug\libBSP.a(dma.o)
                0x0c1033c0                bdma0_init
                0x0c103414                bdma0_open
                0x0c103470                bdma0_close
 .text          0x0c1034b8      0x1ac ../../BSP/Debug\libBSP.a(l3.o)
                0x0c1034b8                L3_init
                0x0c1034e8                L3_putByte
 .text          0x0c103664      0x164 ../../BSP/Debug\libBSP.a(leds.o)
                0x0c103664                leds_init
                0x0c1036a4                led_on
                0x0c1036ec                led_off
                0x0c103730                led_toggle
                0x0c103774                led_status
 .text          0x0c1037c8      0x114 c:/eclipsearm/sourcery-g++-lite-arm-2011.03/bin/../lib/gcc/arm-none-eabi/4.5.2\libgcc.a(_udivsi3.o)
                0x0c1037c8                __aeabi_uidiv
                0x0c1037c8                __udivsi3
                0x0c1038bc                __aeabi_uidivmod
 .text          0x0c1038dc        0x4 c:/eclipsearm/sourcery-g++-lite-arm-2011.03/bin/../lib/gcc/arm-none-eabi/4.5.2\libgcc.a(_dvmd_tls.o)
                0x0c1038dc                __aeabi_idiv0
                0x0c1038dc                __aeabi_ldiv0
 .text          0x0c1038e0       0x3c c:/eclipsearm/sourcery-g++-lite-arm-2011.03/bin/../lib/gcc/arm-none-eabi/4.5.2\libgcc.a(_aeabi_uldivmod.o)
                0x0c1038e0                __aeabi_uldivmod
 .text          0x0c10391c       0x80 c:/eclipsearm/sourcery-g++-lite-arm-2011.03/bin/../lib/gcc/arm-none-eabi/4.5.2\libgcc.a(bpabi.o)
                0x0c10391c                __gnu_ldivmod_helper
                0x0c10395c                __gnu_uldivmod_helper
 .text          0x0c10399c      0x4a8 c:/eclipsearm/sourcery-g++-lite-arm-2011.03/bin/../lib/gcc/arm-none-eabi/4.5.2\libgcc.a(_divdi3.o)
                0x0c10399c                __divdi3
 .text          0x0c103e44      0x434 c:/eclipsearm/sourcery-g++-lite-arm-2011.03/bin/../lib/gcc/arm-none-eabi/4.5.2\libgcc.a(_udivdi3.o)
                0x0c103e44                __udivdi3
 .text          0x0c104278       0x48 c:/eclipsearm/sourcery-g++-lite-arm-2011.03/bin/../lib/gcc/arm-none-eabi/4.5.2\libgcc.a(_clzsi2.o)
                0x0c104278                __clzsi2

.glue_7         0x0c1042c0        0x0
 .glue_7        0x00000000        0x0 linker stubs

.glue_7t        0x0c1042c0        0x0
 .glue_7t       0x00000000        0x0 linker stubs

.vfp11_veneer   0x0c1042c0        0x0
 .vfp11_veneer  0x00000000        0x0 linker stubs

.v4_bx          0x0c1042c0        0x0
 .v4_bx         0x00000000        0x0 linker stubs

.rodata         0x0c1042c0      0xb20
 *(.rodata)
 .rodata        0x0c1042c0      0x3f4 ./lab9-wav.o
 .rodata        0x0c1046b4       0x10 ../../BSP/Debug\libBSP.a(segs.o)
 .rodata        0x0c1046c4      0x71c ../../BSP/Debug\libBSP.a(system.o)

.ARM.extab      0x0c104de0        0x0
 .ARM.extab     0x0c104de0        0x0 c:/eclipsearm/sourcery-g++-lite-arm-2011.03/bin/../lib/gcc/arm-none-eabi/4.5.2\libgcc.a(_divdi3.o)
 .ARM.extab     0x0c104de0        0x0 c:/eclipsearm/sourcery-g++-lite-arm-2011.03/bin/../lib/gcc/arm-none-eabi/4.5.2\libgcc.a(_udivdi3.o)

.ARM.exidx      0x0c104de0        0x8
 .ARM.exidx     0x0c104de0        0x8 c:/eclipsearm/sourcery-g++-lite-arm-2011.03/bin/../lib/gcc/arm-none-eabi/4.5.2\libgcc.a(_divdi3.o)
 .ARM.exidx     0x0c104de8        0x0 c:/eclipsearm/sourcery-g++-lite-arm-2011.03/bin/../lib/gcc/arm-none-eabi/4.5.2\libgcc.a(_udivdi3.o)
                                  0x8 (size before relaxing)

.data           0x0c104de8        0x0
 *(.data)
 .data          0x0c104de8        0x0 ./lab9-wav.o
 .data          0x0c104de8        0x0 ../../BSP/Debug\libBSP.a(iis.o)
 .data          0x0c104de8        0x0 ../../BSP/Debug\libBSP.a(keypad.o)
 .data          0x0c104de8        0x0 ../../BSP/Debug\libBSP.a(segs.o)
 .data          0x0c104de8        0x0 ../../BSP/Debug\libBSP.a(system.o)
 .data          0x0c104de8        0x0 ../../BSP/Debug\libBSP.a(timers.o)
 .data          0x0c104de8        0x0 ../../BSP/Debug\libBSP.a(uart.o)
 .data          0x0c104de8        0x0 ../../BSP/Debug\libBSP.a(uda1341ts.o)
 .data          0x0c104de8        0x0 ../../BSP/Debug\libBSP.a(dma.o)
 .data          0x0c104de8        0x0 ../../BSP/Debug\libBSP.a(l3.o)
 .data          0x0c104de8        0x0 ../../BSP/Debug\libBSP.a(leds.o)
 .data          0x0c104de8        0x0 c:/eclipsearm/sourcery-g++-lite-arm-2011.03/bin/../lib/gcc/arm-none-eabi/4.5.2\libgcc.a(_udivsi3.o)
 .data          0x0c104de8        0x0 c:/eclipsearm/sourcery-g++-lite-arm-2011.03/bin/../lib/gcc/arm-none-eabi/4.5.2\libgcc.a(_dvmd_tls.o)
 .data          0x0c104de8        0x0 c:/eclipsearm/sourcery-g++-lite-arm-2011.03/bin/../lib/gcc/arm-none-eabi/4.5.2\libgcc.a(_aeabi_uldivmod.o)
 .data          0x0c104de8        0x0 c:/eclipsearm/sourcery-g++-lite-arm-2011.03/bin/../lib/gcc/arm-none-eabi/4.5.2\libgcc.a(bpabi.o)
 .data          0x0c104de8        0x0 c:/eclipsearm/sourcery-g++-lite-arm-2011.03/bin/../lib/gcc/arm-none-eabi/4.5.2\libgcc.a(_divdi3.o)
 .data          0x0c104de8        0x0 c:/eclipsearm/sourcery-g++-lite-arm-2011.03/bin/../lib/gcc/arm-none-eabi/4.5.2\libgcc.a(_udivdi3.o)
 .data          0x0c104de8        0x0 c:/eclipsearm/sourcery-g++-lite-arm-2011.03/bin/../lib/gcc/arm-none-eabi/4.5.2\libgcc.a(_clzsi2.o)

.bss            0x0c104de8        0xe
 *(.bss)
 .bss           0x0c104de8        0x0 ./lab9-wav.o
 .bss           0x0c104de8        0x1 ../../BSP/Debug\libBSP.a(iis.o)
 .bss           0x0c104de9        0x0 ../../BSP/Debug\libBSP.a(keypad.o)
 .bss           0x0c104de9        0x1 ../../BSP/Debug\libBSP.a(segs.o)
 .bss           0x0c104dea        0x0 ../../BSP/Debug\libBSP.a(system.o)
 *fill*         0x0c104dea        0x2 00
 .bss           0x0c104dec        0x8 ../../BSP/Debug\libBSP.a(timers.o)
 .bss           0x0c104df4        0x0 ../../BSP/Debug\libBSP.a(uart.o)
 .bss           0x0c104df4        0x2 ../../BSP/Debug\libBSP.a(uda1341ts.o)
 .bss           0x0c104df6        0x0 ../../BSP/Debug\libBSP.a(dma.o)
 .bss           0x0c104df6        0x0 ../../BSP/Debug\libBSP.a(l3.o)
 .bss           0x0c104df6        0x0 ../../BSP/Debug\libBSP.a(leds.o)
 .bss           0x0c104df6        0x0 c:/eclipsearm/sourcery-g++-lite-arm-2011.03/bin/../lib/gcc/arm-none-eabi/4.5.2\libgcc.a(_udivsi3.o)
 .bss           0x0c104df6        0x0 c:/eclipsearm/sourcery-g++-lite-arm-2011.03/bin/../lib/gcc/arm-none-eabi/4.5.2\libgcc.a(_dvmd_tls.o)
 .bss           0x0c104df6        0x0 c:/eclipsearm/sourcery-g++-lite-arm-2011.03/bin/../lib/gcc/arm-none-eabi/4.5.2\libgcc.a(_aeabi_uldivmod.o)
 .bss           0x0c104df6        0x0 c:/eclipsearm/sourcery-g++-lite-arm-2011.03/bin/../lib/gcc/arm-none-eabi/4.5.2\libgcc.a(bpabi.o)
 .bss           0x0c104df6        0x0 c:/eclipsearm/sourcery-g++-lite-arm-2011.03/bin/../lib/gcc/arm-none-eabi/4.5.2\libgcc.a(_divdi3.o)
 .bss           0x0c104df6        0x0 c:/eclipsearm/sourcery-g++-lite-arm-2011.03/bin/../lib/gcc/arm-none-eabi/4.5.2\libgcc.a(_udivdi3.o)
 .bss           0x0c104df6        0x0 c:/eclipsearm/sourcery-g++-lite-arm-2011.03/bin/../lib/gcc/arm-none-eabi/4.5.2\libgcc.a(_clzsi2.o)
                0x0c104df6                end = .
OUTPUT(lab9-wav.elf elf32-littlearm)

.debug_abbrev   0x00000000      0x816
 .debug_abbrev  0x00000000       0x6c ./lab9-wav.o
 .debug_abbrev  0x0000006c       0xd4 ../../BSP/Debug\libBSP.a(iis.o)
 .debug_abbrev  0x00000140       0xe9 ../../BSP/Debug\libBSP.a(keypad.o)
 .debug_abbrev  0x00000229       0xb3 ../../BSP/Debug\libBSP.a(segs.o)
 .debug_abbrev  0x000002dc       0xeb ../../BSP/Debug\libBSP.a(system.o)
 .debug_abbrev  0x000003c7       0xdd ../../BSP/Debug\libBSP.a(timers.o)
 .debug_abbrev  0x000004a4       0xfd ../../BSP/Debug\libBSP.a(uart.o)
 .debug_abbrev  0x000005a1       0xc2 ../../BSP/Debug\libBSP.a(uda1341ts.o)
 .debug_abbrev  0x00000663       0x84 ../../BSP/Debug\libBSP.a(dma.o)
 .debug_abbrev  0x000006e7       0xa4 ../../BSP/Debug\libBSP.a(l3.o)
 .debug_abbrev  0x0000078b       0x8b ../../BSP/Debug\libBSP.a(leds.o)

.debug_info     0x00000000     0x148a
 .debug_info    0x00000000       0xb5 ./lab9-wav.o
 .debug_info    0x000000b5      0x2ac ../../BSP/Debug\libBSP.a(iis.o)
 .debug_info    0x00000361      0x1c2 ../../BSP/Debug\libBSP.a(keypad.o)
 .debug_info    0x00000523      0x10d ../../BSP/Debug\libBSP.a(segs.o)
 .debug_info    0x00000630      0x423 ../../BSP/Debug\libBSP.a(system.o)
 .debug_info    0x00000a53      0x2c7 ../../BSP/Debug\libBSP.a(timers.o)
 .debug_info    0x00000d1a      0x2b8 ../../BSP/Debug\libBSP.a(uart.o)
 .debug_info    0x00000fd2      0x188 ../../BSP/Debug\libBSP.a(uda1341ts.o)
 .debug_info    0x0000115a       0xc7 ../../BSP/Debug\libBSP.a(dma.o)
 .debug_info    0x00001221      0x13c ../../BSP/Debug\libBSP.a(l3.o)
 .debug_info    0x0000135d      0x12d ../../BSP/Debug\libBSP.a(leds.o)

.debug_line     0x00000000      0xbd7
 .debug_line    0x00000000      0x1ab ./lab9-wav.o
 .debug_line    0x000001ab      0x121 ../../BSP/Debug\libBSP.a(iis.o)
 .debug_line    0x000002cc      0x114 ../../BSP/Debug\libBSP.a(keypad.o)
 .debug_line    0x000003e0       0x93 ../../BSP/Debug\libBSP.a(segs.o)
 .debug_line    0x00000473      0x23c ../../BSP/Debug\libBSP.a(system.o)
 .debug_line    0x000006af      0x191 ../../BSP/Debug\libBSP.a(timers.o)
 .debug_line    0x00000840      0x11e ../../BSP/Debug\libBSP.a(uart.o)
 .debug_line    0x0000095e       0xa5 ../../BSP/Debug\libBSP.a(uda1341ts.o)
 .debug_line    0x00000a03       0x90 ../../BSP/Debug\libBSP.a(dma.o)
 .debug_line    0x00000a93       0xbb ../../BSP/Debug\libBSP.a(l3.o)
 .debug_line    0x00000b4e       0x89 ../../BSP/Debug\libBSP.a(leds.o)

.debug_macinfo  0x00000000    0x31408
 .debug_macinfo
                0x00000000     0x4da4 ./lab9-wav.o
 .debug_macinfo
                0x00004da4     0x4d1f ../../BSP/Debug\libBSP.a(iis.o)
 .debug_macinfo
                0x00009ac3     0x4eba ../../BSP/Debug\libBSP.a(keypad.o)
 .debug_macinfo
                0x0000e97d     0x4d01 ../../BSP/Debug\libBSP.a(segs.o)
 .debug_macinfo
                0x0001367e     0x5568 ../../BSP/Debug\libBSP.a(system.o)
 .debug_macinfo
                0x00018be6     0x4d1b ../../BSP/Debug\libBSP.a(timers.o)
 .debug_macinfo
                0x0001d901     0x430d ../../BSP/Debug\libBSP.a(uart.o)
 .debug_macinfo
                0x00021c0e     0x244e ../../BSP/Debug\libBSP.a(uda1341ts.o)
 .debug_macinfo
                0x0002405c     0x4cee ../../BSP/Debug\libBSP.a(dma.o)
 .debug_macinfo
                0x00028d4a     0x4392 ../../BSP/Debug\libBSP.a(l3.o)
 .debug_macinfo
                0x0002d0dc     0x432c ../../BSP/Debug\libBSP.a(leds.o)

.debug_loc      0x00000000     0x1188
 .debug_loc     0x00000000       0x2c ./lab9-wav.o
 .debug_loc     0x0000002c      0x1b8 ../../BSP/Debug\libBSP.a(iis.o)
 .debug_loc     0x000001e4      0x160 ../../BSP/Debug\libBSP.a(keypad.o)
 .debug_loc     0x00000344       0xb0 ../../BSP/Debug\libBSP.a(segs.o)
 .debug_loc     0x000003f4      0x688 ../../BSP/Debug\libBSP.a(system.o)
 .debug_loc     0x00000a7c      0x294 ../../BSP/Debug\libBSP.a(timers.o)
 .debug_loc     0x00000d10      0x18c ../../BSP/Debug\libBSP.a(uart.o)
 .debug_loc     0x00000e9c      0x134 ../../BSP/Debug\libBSP.a(uda1341ts.o)
 .debug_loc     0x00000fd0       0x84 ../../BSP/Debug\libBSP.a(dma.o)
 .debug_loc     0x00001054       0x58 ../../BSP/Debug\libBSP.a(l3.o)
 .debug_loc     0x000010ac       0xdc ../../BSP/Debug\libBSP.a(leds.o)

.debug_pubnames
                0x00000000      0x761
 .debug_pubnames
                0x00000000       0x1b ./lab9-wav.o
 .debug_pubnames
                0x0000001b       0x9e ../../BSP/Debug\libBSP.a(iis.o)
 .debug_pubnames
                0x000000b9       0xab ../../BSP/Debug\libBSP.a(keypad.o)
 .debug_pubnames
                0x00000164       0x4e ../../BSP/Debug\libBSP.a(segs.o)
 .debug_pubnames
                0x000001b2      0x29d ../../BSP/Debug\libBSP.a(system.o)
 .debug_pubnames
                0x0000044f      0x10f ../../BSP/Debug\libBSP.a(timers.o)
 .debug_pubnames
                0x0000055e       0xa7 ../../BSP/Debug\libBSP.a(uart.o)
 .debug_pubnames
                0x00000605       0x9a ../../BSP/Debug\libBSP.a(uda1341ts.o)
 .debug_pubnames
                0x0000069f       0x40 ../../BSP/Debug\libBSP.a(dma.o)
 .debug_pubnames
                0x000006df       0x2d ../../BSP/Debug\libBSP.a(l3.o)
 .debug_pubnames
                0x0000070c       0x55 ../../BSP/Debug\libBSP.a(leds.o)

.debug_pubtypes
                0x00000000      0x1e2
 .debug_pubtypes
                0x00000000       0x32 ./lab9-wav.o
 .debug_pubtypes
                0x00000032       0x31 ../../BSP/Debug\libBSP.a(iis.o)
 .debug_pubtypes
                0x00000063       0x32 ../../BSP/Debug\libBSP.a(keypad.o)
 .debug_pubtypes
                0x00000095       0x1c ../../BSP/Debug\libBSP.a(segs.o)
 .debug_pubtypes
                0x000000b1       0x27 ../../BSP/Debug\libBSP.a(system.o)
 .debug_pubtypes
                0x000000d8       0x3d ../../BSP/Debug\libBSP.a(timers.o)
 .debug_pubtypes
                0x00000115       0x3d ../../BSP/Debug\libBSP.a(uart.o)
 .debug_pubtypes
                0x00000152       0x1c ../../BSP/Debug\libBSP.a(uda1341ts.o)
 .debug_pubtypes
                0x0000016e       0x1d ../../BSP/Debug\libBSP.a(dma.o)
 .debug_pubtypes
                0x0000018b       0x30 ../../BSP/Debug\libBSP.a(l3.o)
 .debug_pubtypes
                0x000001bb       0x27 ../../BSP/Debug\libBSP.a(leds.o)

.debug_aranges  0x00000000      0x160
 .debug_aranges
                0x00000000       0x20 ./lab9-wav.o
 .debug_aranges
                0x00000020       0x20 ../../BSP/Debug\libBSP.a(iis.o)
 .debug_aranges
                0x00000040       0x20 ../../BSP/Debug\libBSP.a(keypad.o)
 .debug_aranges
                0x00000060       0x20 ../../BSP/Debug\libBSP.a(segs.o)
 .debug_aranges
                0x00000080       0x20 ../../BSP/Debug\libBSP.a(system.o)
 .debug_aranges
                0x000000a0       0x20 ../../BSP/Debug\libBSP.a(timers.o)
 .debug_aranges
                0x000000c0       0x20 ../../BSP/Debug\libBSP.a(uart.o)
 .debug_aranges
                0x000000e0       0x20 ../../BSP/Debug\libBSP.a(uda1341ts.o)
 .debug_aranges
                0x00000100       0x20 ../../BSP/Debug\libBSP.a(dma.o)
 .debug_aranges
                0x00000120       0x20 ../../BSP/Debug\libBSP.a(l3.o)
 .debug_aranges
                0x00000140       0x20 ../../BSP/Debug\libBSP.a(leds.o)

.debug_str      0x00000000      0x75e
 .debug_str     0x00000000       0x9e ./lab9-wav.o
                                 0xbd (size before relaxing)
 .debug_str     0x0000009e       0xbc ../../BSP/Debug\libBSP.a(iis.o)
                                0x147 (size before relaxing)
 .debug_str     0x0000015a       0x98 ../../BSP/Debug\libBSP.a(keypad.o)
                                0x131 (size before relaxing)
 .debug_str     0x000001f2       0x49 ../../BSP/Debug\libBSP.a(segs.o)
                                 0xdb (size before relaxing)
 .debug_str     0x0000023b      0x265 ../../BSP/Debug\libBSP.a(system.o)
                                0x303 (size before relaxing)
 .debug_str     0x000004a0       0xf9 ../../BSP/Debug\libBSP.a(timers.o)
                                0x19e (size before relaxing)
 .debug_str     0x00000599       0x9b ../../BSP/Debug\libBSP.a(uart.o)
                                0x147 (size before relaxing)
 .debug_str     0x00000634       0x90 ../../BSP/Debug\libBSP.a(uda1341ts.o)
                                0x128 (size before relaxing)
 .debug_str     0x000006c4       0x2f ../../BSP/Debug\libBSP.a(dma.o)
                                 0xc2 (size before relaxing)
 .debug_str     0x000006f3       0x2e ../../BSP/Debug\libBSP.a(l3.o)
                                 0xd1 (size before relaxing)
 .debug_str     0x00000721       0x3d ../../BSP/Debug\libBSP.a(leds.o)
                                 0xd6 (size before relaxing)

.comment        0x00000000       0x2a
 .comment       0x00000000       0x2a ./lab9-wav.o
                                 0x2b (size before relaxing)
 .comment       0x00000000       0x2b ../../BSP/Debug\libBSP.a(iis.o)
 .comment       0x00000000       0x2b ../../BSP/Debug\libBSP.a(keypad.o)
 .comment       0x00000000       0x2b ../../BSP/Debug\libBSP.a(segs.o)
 .comment       0x00000000       0x2b ../../BSP/Debug\libBSP.a(system.o)
 .comment       0x00000000       0x2b ../../BSP/Debug\libBSP.a(timers.o)
 .comment       0x00000000       0x2b ../../BSP/Debug\libBSP.a(uart.o)
 .comment       0x00000000       0x2b ../../BSP/Debug\libBSP.a(uda1341ts.o)
 .comment       0x00000000       0x2b ../../BSP/Debug\libBSP.a(dma.o)
 .comment       0x00000000       0x2b ../../BSP/Debug\libBSP.a(l3.o)
 .comment       0x00000000       0x2b ../../BSP/Debug\libBSP.a(leds.o)

.ARM.attributes
                0x00000000       0x32
 .ARM.attributes
                0x00000000       0x32 ./lab9-wav.o
 .ARM.attributes
                0x00000032       0x32 ../../BSP/Debug\libBSP.a(iis.o)
 .ARM.attributes
                0x00000064       0x32 ../../BSP/Debug\libBSP.a(keypad.o)
 .ARM.attributes
                0x00000096       0x32 ../../BSP/Debug\libBSP.a(segs.o)
 .ARM.attributes
                0x000000c8       0x32 ../../BSP/Debug\libBSP.a(system.o)
 .ARM.attributes
                0x000000fa       0x32 ../../BSP/Debug\libBSP.a(timers.o)
 .ARM.attributes
                0x0000012c       0x32 ../../BSP/Debug\libBSP.a(uart.o)
 .ARM.attributes
                0x0000015e       0x32 ../../BSP/Debug\libBSP.a(uda1341ts.o)
 .ARM.attributes
                0x00000190       0x32 ../../BSP/Debug\libBSP.a(dma.o)
 .ARM.attributes
                0x000001c2       0x32 ../../BSP/Debug\libBSP.a(l3.o)
 .ARM.attributes
                0x000001f4       0x32 ../../BSP/Debug\libBSP.a(leds.o)
 .ARM.attributes
                0x00000226       0x1a c:/eclipsearm/sourcery-g++-lite-arm-2011.03/bin/../lib/gcc/arm-none-eabi/4.5.2\libgcc.a(_udivsi3.o)
 .ARM.attributes
                0x00000240       0x18 c:/eclipsearm/sourcery-g++-lite-arm-2011.03/bin/../lib/gcc/arm-none-eabi/4.5.2\libgcc.a(_dvmd_tls.o)
 .ARM.attributes
                0x00000258       0x1a c:/eclipsearm/sourcery-g++-lite-arm-2011.03/bin/../lib/gcc/arm-none-eabi/4.5.2\libgcc.a(_aeabi_uldivmod.o)
 .ARM.attributes
                0x00000272       0x34 c:/eclipsearm/sourcery-g++-lite-arm-2011.03/bin/../lib/gcc/arm-none-eabi/4.5.2\libgcc.a(bpabi.o)
 .ARM.attributes
                0x000002a6       0x34 c:/eclipsearm/sourcery-g++-lite-arm-2011.03/bin/../lib/gcc/arm-none-eabi/4.5.2\libgcc.a(_divdi3.o)
 .ARM.attributes
                0x000002da       0x34 c:/eclipsearm/sourcery-g++-lite-arm-2011.03/bin/../lib/gcc/arm-none-eabi/4.5.2\libgcc.a(_udivdi3.o)
 .ARM.attributes
                0x0000030e       0x1a c:/eclipsearm/sourcery-g++-lite-arm-2011.03/bin/../lib/gcc/arm-none-eabi/4.5.2\libgcc.a(_clzsi2.o)

.debug_frame    0x00000000      0xfe8
 .debug_frame   0x00000000       0x30 ./lab9-wav.o
 .debug_frame   0x00000030      0x158 ../../BSP/Debug\libBSP.a(iis.o)
 .debug_frame   0x00000188      0x110 ../../BSP/Debug\libBSP.a(keypad.o)
 .debug_frame   0x00000298       0x90 ../../BSP/Debug\libBSP.a(segs.o)
 .debug_frame   0x00000328      0x650 ../../BSP/Debug\libBSP.a(system.o)
 .debug_frame   0x00000978      0x1f8 ../../BSP/Debug\libBSP.a(timers.o)
 .debug_frame   0x00000b70      0x130 ../../BSP/Debug\libBSP.a(uart.o)
 .debug_frame   0x00000ca0       0xf0 ../../BSP/Debug\libBSP.a(uda1341ts.o)
 .debug_frame   0x00000d90       0x70 ../../BSP/Debug\libBSP.a(dma.o)
 .debug_frame   0x00000e00       0x50 ../../BSP/Debug\libBSP.a(l3.o)
 .debug_frame   0x00000e50       0xb0 ../../BSP/Debug\libBSP.a(leds.o)
 .debug_frame   0x00000f00       0x20 c:/eclipsearm/sourcery-g++-lite-arm-2011.03/bin/../lib/gcc/arm-none-eabi/4.5.2\libgcc.a(_udivsi3.o)
 .debug_frame   0x00000f20       0x50 c:/eclipsearm/sourcery-g++-lite-arm-2011.03/bin/../lib/gcc/arm-none-eabi/4.5.2\libgcc.a(bpabi.o)
 .debug_frame   0x00000f70       0x3c c:/eclipsearm/sourcery-g++-lite-arm-2011.03/bin/../lib/gcc/arm-none-eabi/4.5.2\libgcc.a(_divdi3.o)
 .debug_frame   0x00000fac       0x3c c:/eclipsearm/sourcery-g++-lite-arm-2011.03/bin/../lib/gcc/arm-none-eabi/4.5.2\libgcc.a(_udivdi3.o)
