Archive member included because of file (symbol)

../../BSP/Debug\libBSP.a(keypad.o)
                              ./lab12-foreback.o (keypad_scan)
../../BSP/Debug\libBSP.a(lcd.o)
                              ./lab12-foreback.o (lcd_init)
../../BSP/Debug\libBSP.a(leds.o)
                              ./lab12-foreback.o (leds_init)
../../BSP/Debug\libBSP.a(pbs.o)
                              ./lab12-foreback.o (pbs_init)
../../BSP/Debug\libBSP.a(rtc.o)
                              ./lab12-foreback.o (rtc_init)
../../BSP/Debug\libBSP.a(segs.o)
                              ./lab12-foreback.o (segs_init)
../../BSP/Debug\libBSP.a(system.o)
                              ./lab12-foreback.o (sys_init)
../../BSP/Debug\libBSP.a(timers.o)
                              ./lab12-foreback.o (timers_init)
../../BSP/Debug\libBSP.a(uart.o)
                              ./lab12-foreback.o (uart0_init)
../../BSP/Debug\libBSP.a(font8x16.o)
                              ../../BSP/Debug\libBSP.a(lcd.o) (font)
c:/software/electronica/arm/eclipsearm/sourcery-g++-lite-arm-2011.03/bin/../lib/gcc/arm-none-eabi/4.5.2\libgcc.a(_udivsi3.o)
                              ../../BSP/Debug\libBSP.a(timers.o) (__aeabi_uidiv)
c:/software/electronica/arm/eclipsearm/sourcery-g++-lite-arm-2011.03/bin/../lib/gcc/arm-none-eabi/4.5.2\libgcc.a(_dvmd_tls.o)
                              c:/software/electronica/arm/eclipsearm/sourcery-g++-lite-arm-2011.03/bin/../lib/gcc/arm-none-eabi/4.5.2\libgcc.a(_udivsi3.o) (__aeabi_idiv0)
c:/software/electronica/arm/eclipsearm/sourcery-g++-lite-arm-2011.03/bin/../lib/gcc/arm-none-eabi/4.5.2\libgcc.a(_aeabi_uldivmod.o)
                              ../../BSP/Debug\libBSP.a(timers.o) (__aeabi_uldivmod)
c:/software/electronica/arm/eclipsearm/sourcery-g++-lite-arm-2011.03/bin/../lib/gcc/arm-none-eabi/4.5.2\libgcc.a(bpabi.o)
                              c:/software/electronica/arm/eclipsearm/sourcery-g++-lite-arm-2011.03/bin/../lib/gcc/arm-none-eabi/4.5.2\libgcc.a(_aeabi_uldivmod.o) (__gnu_uldivmod_helper)
c:/software/electronica/arm/eclipsearm/sourcery-g++-lite-arm-2011.03/bin/../lib/gcc/arm-none-eabi/4.5.2\libgcc.a(_divdi3.o)
                              c:/software/electronica/arm/eclipsearm/sourcery-g++-lite-arm-2011.03/bin/../lib/gcc/arm-none-eabi/4.5.2\libgcc.a(bpabi.o) (__divdi3)
c:/software/electronica/arm/eclipsearm/sourcery-g++-lite-arm-2011.03/bin/../lib/gcc/arm-none-eabi/4.5.2\libgcc.a(_udivdi3.o)
                              c:/software/electronica/arm/eclipsearm/sourcery-g++-lite-arm-2011.03/bin/../lib/gcc/arm-none-eabi/4.5.2\libgcc.a(bpabi.o) (__udivdi3)
c:/software/electronica/arm/eclipsearm/sourcery-g++-lite-arm-2011.03/bin/../lib/gcc/arm-none-eabi/4.5.2\libgcc.a(_clzsi2.o)
                              c:/software/electronica/arm/eclipsearm/sourcery-g++-lite-arm-2011.03/bin/../lib/gcc/arm-none-eabi/4.5.2\libgcc.a(_divdi3.o) (__clzsi2)

Allocating common symbols
Common symbol       size              file

scancode            0x1               ./lab12-foreback.o
lcd_buffer          0x9600            ../../BSP/Debug\libBSP.a(lcd.o)
flagTask5           0x1               ./lab12-foreback.o
flagTask6           0x1               ./lab12-foreback.o
flagReadKeypad      0x1               ./lab12-foreback.o
flagPb              0x1               ./lab12-foreback.o
flagToggleLeds      0x1               ./lab12-foreback.o
flagWriteTicks      0x1               ./lab12-foreback.o
flagWriteRTC        0x1               ./lab12-foreback.o
flagTask8           0x1               ./lab12-foreback.o

Memory Configuration

Name             Origin             Length             Attributes
*default*        0x00000000         0xffffffff

Linker script and memory map

LOAD ./lab12-foreback.o
LOAD ../../BSP/Debug\libBSP.a
START GROUP
LOAD c:/software/electronica/arm/eclipsearm/sourcery-g++-lite-arm-2011.03/bin/../lib/gcc/arm-none-eabi/4.5.2\libgcc.a
LOAD c:/software/electronica/arm/eclipsearm/sourcery-g++-lite-arm-2011.03/bin/../lib/gcc/arm-none-eabi/4.5.2/../../../../arm-none-eabi/lib\libc.a
END GROUP
                0x0c100000                . = 0xc100000

.text           0x0c100000     0x5520
 *(.text)
 .text          0x0c100000      0x8f4 ./lab12-foreback.o
                0x0c100000                main
                0x0c100238                Task1
                0x0c1002a0                Task2
                0x0c1003cc                Task3
                0x0c100470                Task4
                0x0c100504                Task5
                0x0c100578                Task6
                0x0c1005d4                Task7
                0x0c100628                Task8
                0x0c1006a8                Task9
                0x0c100744                isr_pb
                0x0c100794                isr_tick
 .text          0x0c1008f4      0x4c8 ../../BSP/Debug\libBSP.a(keypad.o)
                0x0c1008f4                keypad_scan
                0x0c100b18                keypad_pressed
                0x0c100b54                keypad_open
                0x0c100bac                keypad_close
                0x0c100bf0                keypad_init
                0x0c100c0c                keypad_getchar
                0x0c100c74                keypad_getchartime
                0x0c100d10                keypad_timeout_getchar
 .text          0x0c100dbc      0xfe8 ../../BSP/Debug\libBSP.a(lcd.o)
                0x0c100dbc                lcd_init
                0x0c100f40                lcd_on
                0x0c100f7c                lcd_off
                0x0c100fb8                lcd_status
                0x0c100fe0                lcd_clear
                0x0c10103c                lcd_putpixel
                0x0c101128                lcd_getpixel
                0x0c1011a4                lcd_draw_hrow
                0x0c101248                lcd_draw_vrow
                0x0c1012ec                lcd_draw_box
                0x0c101388                lcd_putchar
                0x0c1014dc                lcd_puts
                0x0c101568                lcd_putint
                0x0c1016e0                lcd_puthex
                0x0c1017c0                lcd_putchar_x2
                0x0c101964                lcd_puts_x2
                0x0c1019f0                lcd_putint_x2
                0x0c101b68                lcd_puthex_x2
                0x0c101c48                lcd_putWallpaper
 .text          0x0c101da4      0x164 ../../BSP/Debug\libBSP.a(leds.o)
                0x0c101da4                leds_init
                0x0c101de4                led_on
                0x0c101e2c                led_off
                0x0c101e70                led_toggle
                0x0c101eb4                led_status
 .text          0x0c101f08      0x32c ../../BSP/Debug\libBSP.a(pbs.o)
                0x0c101f08                pbs_init
                0x0c101f24                pb_scan
                0x0c101f80                pb_pressed
                0x0c101fd8                pb_getchar
                0x0c102040                pb_getchartime
                0x0c1020dc                pb_timeout_getchar
                0x0c102188                pbs_open
                0x0c1021f0                pbs_close
 .text          0x0c102234      0x92c ../../BSP/Debug\libBSP.a(rtc.o)
                0x0c102234                rtc_init
                0x0c102370                rtc_puttime
                0x0c102628                rtc_gettime
                0x0c102a90                rtc_open
                0x0c102b0c                rtc_close
 .text          0x0c102b60       0xd4 ../../BSP/Debug\libBSP.a(segs.o)
                0x0c102b60                segs_init
                0x0c102b7c                segs_off
                0x0c102bb4                segs_putchar
                0x0c102c0c                segs_status
 .text          0x0c102c34      0xde4 ../../BSP/Debug\libBSP.a(system.o)
                0x0c102c34                sys_init
                0x0c1031a4                isr_SWI_dummy
                0x0c1031d0                isr_UNDEF_dummy
                0x0c1031fc                isr_IRQ_dummy
                0x0c103228                isr_FIQ_dummy
                0x0c103254                isr_PABORT_dummy
                0x0c103280                isr_DABORT_dummy
                0x0c1032ac                isr_ADC_dummy
                0x0c1032d8                isr_RTC_dummy
                0x0c103304                isr_UTXD1_dummy
                0x0c103330                isr_UTXD0_dummy
                0x0c10335c                isr_SIO_dummy
                0x0c103388                isr_IIC_dummy
                0x0c1033b4                isr_URXD1_dummy
                0x0c1033e0                isr_URXD0_dummy
                0x0c10340c                isr_TIMER5_dummy
                0x0c103438                isr_TIMER4_dummy
                0x0c103464                isr_TIMER3_dummy
                0x0c103490                isr_TIMER2_dummy
                0x0c1034bc                isr_TIMER1_dummy
                0x0c1034e8                isr_TIMER0_dummy
                0x0c103514                isr_UERR01_dummy
                0x0c103540                isr_WDT_dummy
                0x0c10356c                isr_BDMA1_dummy
                0x0c103598                isr_BDMA0_dummy
                0x0c1035c4                isr_ZDMA1_dummy
                0x0c1035f0                isr_ZDMA0_dummy
                0x0c10361c                isr_TICK_dummy
                0x0c103648                isr_PB_dummy
                0x0c103674                isr_ETHERNET_dummy
                0x0c1036a0                isr_TS_dummy
                0x0c1036cc                isr_KEYPAD_dummy
                0x0c1036f8                isr_USB_dummy
                0x0c1037c8                sleep
 .text          0x0c103a18      0xa50 ../../BSP/Debug\libBSP.a(timers.o)
                0x0c103a18                timers_init
                0x0c103bd8                wait_for_1ms
                0x0c103c90                wait_for_1s
                0x0c103d54                timer3_delay_ms
                0x0c103d98                sw_delay_ms
                0x0c103df0                timer3_delay_s
                0x0c103e34                sw_delay_s
                0x0c103e8c                timer3_start
                0x0c103f3c                timer3_stop
                0x0c103f90                timer3_start_timeout
                0x0c104048                timer3_timeout
                0x0c104084                timer0_open_tick
                0x0c1042c0                timer0_open_ms
                0x0c1043cc                timer0_close
 .text          0x0c104468      0x5c0 ../../BSP/Debug\libBSP.a(uart.o)
                0x0c104468                uart0_init
                0x0c1044cc                uart0_putchar
                0x0c10451c                uart0_getchar
                0x0c104564                uart0_puts
                0x0c1045b4                uart0_putint
                0x0c1046ec                uart0_puthex
                0x0c1047a4                uart0_gets
                0x0c104810                uart0_getint
                0x0c104924                uart0_gethex
 .text          0x0c104a28        0x0 ../../BSP/Debug\libBSP.a(font8x16.o)
 .text          0x0c104a28      0x114 c:/software/electronica/arm/eclipsearm/sourcery-g++-lite-arm-2011.03/bin/../lib/gcc/arm-none-eabi/4.5.2\libgcc.a(_udivsi3.o)
                0x0c104a28                __aeabi_uidiv
                0x0c104a28                __udivsi3
                0x0c104b1c                __aeabi_uidivmod
 .text          0x0c104b3c        0x4 c:/software/electronica/arm/eclipsearm/sourcery-g++-lite-arm-2011.03/bin/../lib/gcc/arm-none-eabi/4.5.2\libgcc.a(_dvmd_tls.o)
                0x0c104b3c                __aeabi_idiv0
                0x0c104b3c                __aeabi_ldiv0
 .text          0x0c104b40       0x3c c:/software/electronica/arm/eclipsearm/sourcery-g++-lite-arm-2011.03/bin/../lib/gcc/arm-none-eabi/4.5.2\libgcc.a(_aeabi_uldivmod.o)
                0x0c104b40                __aeabi_uldivmod
 .text          0x0c104b7c       0x80 c:/software/electronica/arm/eclipsearm/sourcery-g++-lite-arm-2011.03/bin/../lib/gcc/arm-none-eabi/4.5.2\libgcc.a(bpabi.o)
                0x0c104b7c                __gnu_ldivmod_helper
                0x0c104bbc                __gnu_uldivmod_helper
 .text          0x0c104bfc      0x4a8 c:/software/electronica/arm/eclipsearm/sourcery-g++-lite-arm-2011.03/bin/../lib/gcc/arm-none-eabi/4.5.2\libgcc.a(_divdi3.o)
                0x0c104bfc                __divdi3
 .text          0x0c1050a4      0x434 c:/software/electronica/arm/eclipsearm/sourcery-g++-lite-arm-2011.03/bin/../lib/gcc/arm-none-eabi/4.5.2\libgcc.a(_udivdi3.o)
                0x0c1050a4                __udivdi3
 .text          0x0c1054d8       0x48 c:/software/electronica/arm/eclipsearm/sourcery-g++-lite-arm-2011.03/bin/../lib/gcc/arm-none-eabi/4.5.2\libgcc.a(_clzsi2.o)
                0x0c1054d8                __clzsi2

.glue_7         0x0c105520        0x0
 .glue_7        0x00000000        0x0 linker stubs

.glue_7t        0x0c105520        0x0
 .glue_7t       0x00000000        0x0 linker stubs

.vfp11_veneer   0x0c105520        0x0
 .vfp11_veneer  0x00000000        0x0 linker stubs

.v4_bx          0x0c105520        0x0
 .v4_bx         0x00000000        0x0 linker stubs

.rodata         0x0c105520     0x18dc
 *(.rodata)
 .rodata        0x0c105520      0x1b0 ./lab12-foreback.o
 .rodata        0x0c1056d0       0x10 ../../BSP/Debug\libBSP.a(segs.o)
 .rodata        0x0c1056e0      0x71c ../../BSP/Debug\libBSP.a(system.o)
 .rodata        0x0c105dfc     0x1000 ../../BSP/Debug\libBSP.a(font8x16.o)
                0x0c105dfc                font

.ARM.extab      0x0c106dfc        0x0
 .ARM.extab     0x0c106dfc        0x0 c:/software/electronica/arm/eclipsearm/sourcery-g++-lite-arm-2011.03/bin/../lib/gcc/arm-none-eabi/4.5.2\libgcc.a(_divdi3.o)
 .ARM.extab     0x0c106dfc        0x0 c:/software/electronica/arm/eclipsearm/sourcery-g++-lite-arm-2011.03/bin/../lib/gcc/arm-none-eabi/4.5.2\libgcc.a(_udivdi3.o)

.ARM.exidx      0x0c106dfc        0x8
 .ARM.exidx     0x0c106dfc        0x8 c:/software/electronica/arm/eclipsearm/sourcery-g++-lite-arm-2011.03/bin/../lib/gcc/arm-none-eabi/4.5.2\libgcc.a(_divdi3.o)
 .ARM.exidx     0x0c106e04        0x0 c:/software/electronica/arm/eclipsearm/sourcery-g++-lite-arm-2011.03/bin/../lib/gcc/arm-none-eabi/4.5.2\libgcc.a(_udivdi3.o)
                                  0x8 (size before relaxing)

.data           0x0c106e04       0x18
 *(.data)
 .data          0x0c106e04       0x18 ./lab12-foreback.o
 .data          0x0c106e1c        0x0 ../../BSP/Debug\libBSP.a(keypad.o)
 .data          0x0c106e1c        0x0 ../../BSP/Debug\libBSP.a(lcd.o)
 .data          0x0c106e1c        0x0 ../../BSP/Debug\libBSP.a(leds.o)
 .data          0x0c106e1c        0x0 ../../BSP/Debug\libBSP.a(pbs.o)
 .data          0x0c106e1c        0x0 ../../BSP/Debug\libBSP.a(rtc.o)
 .data          0x0c106e1c        0x0 ../../BSP/Debug\libBSP.a(segs.o)
 .data          0x0c106e1c        0x0 ../../BSP/Debug\libBSP.a(system.o)
 .data          0x0c106e1c        0x0 ../../BSP/Debug\libBSP.a(timers.o)
 .data          0x0c106e1c        0x0 ../../BSP/Debug\libBSP.a(uart.o)
 .data          0x0c106e1c        0x0 ../../BSP/Debug\libBSP.a(font8x16.o)
 .data          0x0c106e1c        0x0 c:/software/electronica/arm/eclipsearm/sourcery-g++-lite-arm-2011.03/bin/../lib/gcc/arm-none-eabi/4.5.2\libgcc.a(_udivsi3.o)
 .data          0x0c106e1c        0x0 c:/software/electronica/arm/eclipsearm/sourcery-g++-lite-arm-2011.03/bin/../lib/gcc/arm-none-eabi/4.5.2\libgcc.a(_dvmd_tls.o)
 .data          0x0c106e1c        0x0 c:/software/electronica/arm/eclipsearm/sourcery-g++-lite-arm-2011.03/bin/../lib/gcc/arm-none-eabi/4.5.2\libgcc.a(_aeabi_uldivmod.o)
 .data          0x0c106e1c        0x0 c:/software/electronica/arm/eclipsearm/sourcery-g++-lite-arm-2011.03/bin/../lib/gcc/arm-none-eabi/4.5.2\libgcc.a(bpabi.o)
 .data          0x0c106e1c        0x0 c:/software/electronica/arm/eclipsearm/sourcery-g++-lite-arm-2011.03/bin/../lib/gcc/arm-none-eabi/4.5.2\libgcc.a(_divdi3.o)
 .data          0x0c106e1c        0x0 c:/software/electronica/arm/eclipsearm/sourcery-g++-lite-arm-2011.03/bin/../lib/gcc/arm-none-eabi/4.5.2\libgcc.a(_udivdi3.o)
 .data          0x0c106e1c        0x0 c:/software/electronica/arm/eclipsearm/sourcery-g++-lite-arm-2011.03/bin/../lib/gcc/arm-none-eabi/4.5.2\libgcc.a(_clzsi2.o)

.bss            0x0c106e1c     0x9624
 *(.bss)
 .bss           0x0c106e1c        0xc ./lab12-foreback.o
 .bss           0x0c106e28        0x0 ../../BSP/Debug\libBSP.a(keypad.o)
 .bss           0x0c106e28        0x1 ../../BSP/Debug\libBSP.a(lcd.o)
 .bss           0x0c106e29        0x0 ../../BSP/Debug\libBSP.a(leds.o)
 .bss           0x0c106e29        0x0 ../../BSP/Debug\libBSP.a(pbs.o)
 .bss           0x0c106e29        0x0 ../../BSP/Debug\libBSP.a(rtc.o)
 .bss           0x0c106e29        0x1 ../../BSP/Debug\libBSP.a(segs.o)
 .bss           0x0c106e2a        0x0 ../../BSP/Debug\libBSP.a(system.o)
 *fill*         0x0c106e2a        0x2 00
 .bss           0x0c106e2c        0x8 ../../BSP/Debug\libBSP.a(timers.o)
 .bss           0x0c106e34        0x0 ../../BSP/Debug\libBSP.a(uart.o)
 .bss           0x0c106e34        0x0 ../../BSP/Debug\libBSP.a(font8x16.o)
 .bss           0x0c106e34        0x0 c:/software/electronica/arm/eclipsearm/sourcery-g++-lite-arm-2011.03/bin/../lib/gcc/arm-none-eabi/4.5.2\libgcc.a(_udivsi3.o)
 .bss           0x0c106e34        0x0 c:/software/electronica/arm/eclipsearm/sourcery-g++-lite-arm-2011.03/bin/../lib/gcc/arm-none-eabi/4.5.2\libgcc.a(_dvmd_tls.o)
 .bss           0x0c106e34        0x0 c:/software/electronica/arm/eclipsearm/sourcery-g++-lite-arm-2011.03/bin/../lib/gcc/arm-none-eabi/4.5.2\libgcc.a(_aeabi_uldivmod.o)
 .bss           0x0c106e34        0x0 c:/software/electronica/arm/eclipsearm/sourcery-g++-lite-arm-2011.03/bin/../lib/gcc/arm-none-eabi/4.5.2\libgcc.a(bpabi.o)
 .bss           0x0c106e34        0x0 c:/software/electronica/arm/eclipsearm/sourcery-g++-lite-arm-2011.03/bin/../lib/gcc/arm-none-eabi/4.5.2\libgcc.a(_divdi3.o)
 .bss           0x0c106e34        0x0 c:/software/electronica/arm/eclipsearm/sourcery-g++-lite-arm-2011.03/bin/../lib/gcc/arm-none-eabi/4.5.2\libgcc.a(_udivdi3.o)
 .bss           0x0c106e34        0x0 c:/software/electronica/arm/eclipsearm/sourcery-g++-lite-arm-2011.03/bin/../lib/gcc/arm-none-eabi/4.5.2\libgcc.a(_clzsi2.o)
 COMMON         0x0c106e34        0x9 ./lab12-foreback.o
                0x0c106e34                scancode
                0x0c106e35                flagTask5
                0x0c106e36                flagTask6
                0x0c106e37                flagReadKeypad
                0x0c106e38                flagPb
                0x0c106e39                flagToggleLeds
                0x0c106e3a                flagWriteTicks
                0x0c106e3b                flagWriteRTC
                0x0c106e3c                flagTask8
 *fill*         0x0c106e3d        0x3 00
 COMMON         0x0c106e40     0x9600 ../../BSP/Debug\libBSP.a(lcd.o)
                0x0c106e40                lcd_buffer
                0x0c110440                end = .
OUTPUT(lab12-foreback.elf elf32-littlearm)

.debug_abbrev   0x00000000      0x961
 .debug_abbrev  0x00000000      0x131 ./lab12-foreback.o
 .debug_abbrev  0x00000131       0xe9 ../../BSP/Debug\libBSP.a(keypad.o)
 .debug_abbrev  0x0000021a      0x160 ../../BSP/Debug\libBSP.a(lcd.o)
 .debug_abbrev  0x0000037a       0x8b ../../BSP/Debug\libBSP.a(leds.o)
 .debug_abbrev  0x00000405       0xc3 ../../BSP/Debug\libBSP.a(pbs.o)
 .debug_abbrev  0x000004c8       0xbe ../../BSP/Debug\libBSP.a(rtc.o)
 .debug_abbrev  0x00000586       0xb3 ../../BSP/Debug\libBSP.a(segs.o)
 .debug_abbrev  0x00000639       0xeb ../../BSP/Debug\libBSP.a(system.o)
 .debug_abbrev  0x00000724       0xdd ../../BSP/Debug\libBSP.a(timers.o)
 .debug_abbrev  0x00000801       0xfd ../../BSP/Debug\libBSP.a(uart.o)
 .debug_abbrev  0x000008fe       0x63 ../../BSP/Debug\libBSP.a(font8x16.o)

.debug_info     0x00000000     0x1e0f
 .debug_info    0x00000000      0x4b5 ./lab12-foreback.o
 .debug_info    0x000004b5      0x1c2 ../../BSP/Debug\libBSP.a(keypad.o)
 .debug_info    0x00000677      0x7c8 ../../BSP/Debug\libBSP.a(lcd.o)
 .debug_info    0x00000e3f      0x12d ../../BSP/Debug\libBSP.a(leds.o)
 .debug_info    0x00000f6c      0x1b3 ../../BSP/Debug\libBSP.a(pbs.o)
 .debug_info    0x0000111f      0x1ac ../../BSP/Debug\libBSP.a(rtc.o)
 .debug_info    0x000012cb      0x10d ../../BSP/Debug\libBSP.a(segs.o)
 .debug_info    0x000013d8      0x423 ../../BSP/Debug\libBSP.a(system.o)
 .debug_info    0x000017fb      0x2c7 ../../BSP/Debug\libBSP.a(timers.o)
 .debug_info    0x00001ac2      0x2b8 ../../BSP/Debug\libBSP.a(uart.o)
 .debug_info    0x00001d7a       0x95 ../../BSP/Debug\libBSP.a(font8x16.o)

.debug_line     0x00000000      0xcec
 .debug_line    0x00000000      0x198 ./lab12-foreback.o
 .debug_line    0x00000198      0x114 ../../BSP/Debug\libBSP.a(keypad.o)
 .debug_line    0x000002ac      0x1f7 ../../BSP/Debug\libBSP.a(lcd.o)
 .debug_line    0x000004a3       0x89 ../../BSP/Debug\libBSP.a(leds.o)
 .debug_line    0x0000052c      0x100 ../../BSP/Debug\libBSP.a(pbs.o)
 .debug_line    0x0000062c       0xec ../../BSP/Debug\libBSP.a(rtc.o)
 .debug_line    0x00000718       0x93 ../../BSP/Debug\libBSP.a(segs.o)
 .debug_line    0x000007ab      0x23c ../../BSP/Debug\libBSP.a(system.o)
 .debug_line    0x000009e7      0x191 ../../BSP/Debug\libBSP.a(timers.o)
 .debug_line    0x00000b78      0x11e ../../BSP/Debug\libBSP.a(uart.o)
 .debug_line    0x00000c96       0x56 ../../BSP/Debug\libBSP.a(font8x16.o)

.debug_macinfo  0x00000000    0x31b2b
 .debug_macinfo
                0x00000000     0x5561 ./lab12-foreback.o
 .debug_macinfo
                0x00005561     0x4eba ../../BSP/Debug\libBSP.a(keypad.o)
 .debug_macinfo
                0x0000a41b     0x439b ../../BSP/Debug\libBSP.a(lcd.o)
 .debug_macinfo
                0x0000e7b6     0x432c ../../BSP/Debug\libBSP.a(leds.o)
 .debug_macinfo
                0x00012ae2     0x4d91 ../../BSP/Debug\libBSP.a(pbs.o)
 .debug_macinfo
                0x00017873     0x4cee ../../BSP/Debug\libBSP.a(rtc.o)
 .debug_macinfo
                0x0001c561     0x4d01 ../../BSP/Debug\libBSP.a(segs.o)
 .debug_macinfo
                0x00021262     0x5568 ../../BSP/Debug\libBSP.a(system.o)
 .debug_macinfo
                0x000267ca     0x4d1b ../../BSP/Debug\libBSP.a(timers.o)
 .debug_macinfo
                0x0002b4e5     0x430d ../../BSP/Debug\libBSP.a(uart.o)
 .debug_macinfo
                0x0002f7f2     0x2339 ../../BSP/Debug\libBSP.a(font8x16.o)

.debug_loc      0x00000000     0x1524
 .debug_loc     0x00000000      0x210 ./lab12-foreback.o
 .debug_loc     0x00000210      0x160 ../../BSP/Debug\libBSP.a(keypad.o)
 .debug_loc     0x00000370      0x344 ../../BSP/Debug\libBSP.a(lcd.o)
 .debug_loc     0x000006b4       0xdc ../../BSP/Debug\libBSP.a(leds.o)
 .debug_loc     0x00000790      0x160 ../../BSP/Debug\libBSP.a(pbs.o)
 .debug_loc     0x000008f0       0xdc ../../BSP/Debug\libBSP.a(rtc.o)
 .debug_loc     0x000009cc       0xb0 ../../BSP/Debug\libBSP.a(segs.o)
 .debug_loc     0x00000a7c      0x688 ../../BSP/Debug\libBSP.a(system.o)
 .debug_loc     0x00001104      0x294 ../../BSP/Debug\libBSP.a(timers.o)
 .debug_loc     0x00001398      0x18c ../../BSP/Debug\libBSP.a(uart.o)

.debug_pubnames
                0x00000000      0x90d
 .debug_pubnames
                0x00000000      0x119 ./lab12-foreback.o
 .debug_pubnames
                0x00000119       0xab ../../BSP/Debug\libBSP.a(keypad.o)
 .debug_pubnames
                0x000001c4      0x150 ../../BSP/Debug\libBSP.a(lcd.o)
 .debug_pubnames
                0x00000314       0x55 ../../BSP/Debug\libBSP.a(leds.o)
 .debug_pubnames
                0x00000369       0x8e ../../BSP/Debug\libBSP.a(pbs.o)
 .debug_pubnames
                0x000003f7       0x5a ../../BSP/Debug\libBSP.a(rtc.o)
 .debug_pubnames
                0x00000451       0x4e ../../BSP/Debug\libBSP.a(segs.o)
 .debug_pubnames
                0x0000049f      0x29d ../../BSP/Debug\libBSP.a(system.o)
 .debug_pubnames
                0x0000073c      0x10f ../../BSP/Debug\libBSP.a(timers.o)
 .debug_pubnames
                0x0000084b       0xa7 ../../BSP/Debug\libBSP.a(uart.o)
 .debug_pubnames
                0x000008f2       0x1b ../../BSP/Debug\libBSP.a(font8x16.o)

.debug_pubtypes
                0x00000000      0x22f
 .debug_pubtypes
                0x00000000       0x4d ./lab12-foreback.o
 .debug_pubtypes
                0x0000004d       0x32 ../../BSP/Debug\libBSP.a(keypad.o)
 .debug_pubtypes
                0x0000007f       0x48 ../../BSP/Debug\libBSP.a(lcd.o)
 .debug_pubtypes
                0x000000c7       0x27 ../../BSP/Debug\libBSP.a(leds.o)
 .debug_pubtypes
                0x000000ee       0x32 ../../BSP/Debug\libBSP.a(pbs.o)
 .debug_pubtypes
                0x00000120       0x36 ../../BSP/Debug\libBSP.a(rtc.o)
 .debug_pubtypes
                0x00000156       0x1c ../../BSP/Debug\libBSP.a(segs.o)
 .debug_pubtypes
                0x00000172       0x27 ../../BSP/Debug\libBSP.a(system.o)
 .debug_pubtypes
                0x00000199       0x3d ../../BSP/Debug\libBSP.a(timers.o)
 .debug_pubtypes
                0x000001d6       0x3d ../../BSP/Debug\libBSP.a(uart.o)
 .debug_pubtypes
                0x00000213       0x1c ../../BSP/Debug\libBSP.a(font8x16.o)

.debug_aranges  0x00000000      0x140
 .debug_aranges
                0x00000000       0x20 ./lab12-foreback.o
 .debug_aranges
                0x00000020       0x20 ../../BSP/Debug\libBSP.a(keypad.o)
 .debug_aranges
                0x00000040       0x20 ../../BSP/Debug\libBSP.a(lcd.o)
 .debug_aranges
                0x00000060       0x20 ../../BSP/Debug\libBSP.a(leds.o)
 .debug_aranges
                0x00000080       0x20 ../../BSP/Debug\libBSP.a(pbs.o)
 .debug_aranges
                0x000000a0       0x20 ../../BSP/Debug\libBSP.a(rtc.o)
 .debug_aranges
                0x000000c0       0x20 ../../BSP/Debug\libBSP.a(segs.o)
 .debug_aranges
                0x000000e0       0x20 ../../BSP/Debug\libBSP.a(system.o)
 .debug_aranges
                0x00000100       0x20 ../../BSP/Debug\libBSP.a(timers.o)
 .debug_aranges
                0x00000120       0x20 ../../BSP/Debug\libBSP.a(uart.o)

.debug_str      0x00000000      0x90f
 .debug_str     0x00000000      0x1cf ./lab12-foreback.o
                                0x20f (size before relaxing)
 .debug_str     0x000001cf       0xa8 ../../BSP/Debug\libBSP.a(keypad.o)
                                0x131 (size before relaxing)
 .debug_str     0x00000277      0x162 ../../BSP/Debug\libBSP.a(lcd.o)
                                0x221 (size before relaxing)
 .debug_str     0x000003d9       0x3d ../../BSP/Debug\libBSP.a(leds.o)
                                 0xd6 (size before relaxing)
 .debug_str     0x00000416       0x69 ../../BSP/Debug\libBSP.a(pbs.o)
                                0x112 (size before relaxing)
 .debug_str     0x0000047f       0x4c ../../BSP/Debug\libBSP.a(rtc.o)
                                0x10d (size before relaxing)
 .debug_str     0x000004cb       0x43 ../../BSP/Debug\libBSP.a(segs.o)
                                 0xdb (size before relaxing)
 .debug_str     0x0000050e      0x26a ../../BSP/Debug\libBSP.a(system.o)
                                0x303 (size before relaxing)
 .debug_str     0x00000778       0xf9 ../../BSP/Debug\libBSP.a(timers.o)
                                0x19e (size before relaxing)
 .debug_str     0x00000871       0x8c ../../BSP/Debug\libBSP.a(uart.o)
                                0x147 (size before relaxing)
 .debug_str     0x000008fd       0x12 ../../BSP/Debug\libBSP.a(font8x16.o)
                                 0xa9 (size before relaxing)

.comment        0x00000000       0x2a
 .comment       0x00000000       0x2a ./lab12-foreback.o
                                 0x2b (size before relaxing)
 .comment       0x00000000       0x2b ../../BSP/Debug\libBSP.a(keypad.o)
 .comment       0x00000000       0x2b ../../BSP/Debug\libBSP.a(lcd.o)
 .comment       0x00000000       0x2b ../../BSP/Debug\libBSP.a(leds.o)
 .comment       0x00000000       0x2b ../../BSP/Debug\libBSP.a(pbs.o)
 .comment       0x00000000       0x2b ../../BSP/Debug\libBSP.a(rtc.o)
 .comment       0x00000000       0x2b ../../BSP/Debug\libBSP.a(segs.o)
 .comment       0x00000000       0x2b ../../BSP/Debug\libBSP.a(system.o)
 .comment       0x00000000       0x2b ../../BSP/Debug\libBSP.a(timers.o)
 .comment       0x00000000       0x2b ../../BSP/Debug\libBSP.a(uart.o)
 .comment       0x00000000       0x2b ../../BSP/Debug\libBSP.a(font8x16.o)

.ARM.attributes
                0x00000000       0x32
 .ARM.attributes
                0x00000000       0x32 ./lab12-foreback.o
 .ARM.attributes
                0x00000032       0x32 ../../BSP/Debug\libBSP.a(keypad.o)
 .ARM.attributes
                0x00000064       0x32 ../../BSP/Debug\libBSP.a(lcd.o)
 .ARM.attributes
                0x00000096       0x32 ../../BSP/Debug\libBSP.a(leds.o)
 .ARM.attributes
                0x000000c8       0x32 ../../BSP/Debug\libBSP.a(pbs.o)
 .ARM.attributes
                0x000000fa       0x32 ../../BSP/Debug\libBSP.a(rtc.o)
 .ARM.attributes
                0x0000012c       0x32 ../../BSP/Debug\libBSP.a(segs.o)
 .ARM.attributes
                0x0000015e       0x32 ../../BSP/Debug\libBSP.a(system.o)
 .ARM.attributes
                0x00000190       0x32 ../../BSP/Debug\libBSP.a(timers.o)
 .ARM.attributes
                0x000001c2       0x32 ../../BSP/Debug\libBSP.a(uart.o)
 .ARM.attributes
                0x000001f4       0x32 ../../BSP/Debug\libBSP.a(font8x16.o)
 .ARM.attributes
                0x00000226       0x1a c:/software/electronica/arm/eclipsearm/sourcery-g++-lite-arm-2011.03/bin/../lib/gcc/arm-none-eabi/4.5.2\libgcc.a(_udivsi3.o)
 .ARM.attributes
                0x00000240       0x18 c:/software/electronica/arm/eclipsearm/sourcery-g++-lite-arm-2011.03/bin/../lib/gcc/arm-none-eabi/4.5.2\libgcc.a(_dvmd_tls.o)
 .ARM.attributes
                0x00000258       0x1a c:/software/electronica/arm/eclipsearm/sourcery-g++-lite-arm-2011.03/bin/../lib/gcc/arm-none-eabi/4.5.2\libgcc.a(_aeabi_uldivmod.o)
 .ARM.attributes
                0x00000272       0x34 c:/software/electronica/arm/eclipsearm/sourcery-g++-lite-arm-2011.03/bin/../lib/gcc/arm-none-eabi/4.5.2\libgcc.a(bpabi.o)
 .ARM.attributes
                0x000002a6       0x34 c:/software/electronica/arm/eclipsearm/sourcery-g++-lite-arm-2011.03/bin/../lib/gcc/arm-none-eabi/4.5.2\libgcc.a(_divdi3.o)
 .ARM.attributes
                0x000002da       0x34 c:/software/electronica/arm/eclipsearm/sourcery-g++-lite-arm-2011.03/bin/../lib/gcc/arm-none-eabi/4.5.2\libgcc.a(_udivdi3.o)
 .ARM.attributes
                0x0000030e       0x1a c:/software/electronica/arm/eclipsearm/sourcery-g++-lite-arm-2011.03/bin/../lib/gcc/arm-none-eabi/4.5.2\libgcc.a(_clzsi2.o)

.debug_frame    0x00000000     0x1280
 .debug_frame   0x00000000      0x1a0 ./lab12-foreback.o
 .debug_frame   0x000001a0      0x110 ../../BSP/Debug\libBSP.a(keypad.o)
 .debug_frame   0x000002b0      0x270 ../../BSP/Debug\libBSP.a(lcd.o)
 .debug_frame   0x00000520       0xb0 ../../BSP/Debug\libBSP.a(leds.o)
 .debug_frame   0x000005d0      0x110 ../../BSP/Debug\libBSP.a(pbs.o)
 .debug_frame   0x000006e0       0xb0 ../../BSP/Debug\libBSP.a(rtc.o)
 .debug_frame   0x00000790       0x90 ../../BSP/Debug\libBSP.a(segs.o)
 .debug_frame   0x00000820      0x650 ../../BSP/Debug\libBSP.a(system.o)
 .debug_frame   0x00000e70      0x1f8 ../../BSP/Debug\libBSP.a(timers.o)
 .debug_frame   0x00001068      0x130 ../../BSP/Debug\libBSP.a(uart.o)
 .debug_frame   0x00001198       0x20 c:/software/electronica/arm/eclipsearm/sourcery-g++-lite-arm-2011.03/bin/../lib/gcc/arm-none-eabi/4.5.2\libgcc.a(_udivsi3.o)
 .debug_frame   0x000011b8       0x50 c:/software/electronica/arm/eclipsearm/sourcery-g++-lite-arm-2011.03/bin/../lib/gcc/arm-none-eabi/4.5.2\libgcc.a(bpabi.o)
 .debug_frame   0x00001208       0x3c c:/software/electronica/arm/eclipsearm/sourcery-g++-lite-arm-2011.03/bin/../lib/gcc/arm-none-eabi/4.5.2\libgcc.a(_divdi3.o)
 .debug_frame   0x00001244       0x3c c:/software/electronica/arm/eclipsearm/sourcery-g++-lite-arm-2011.03/bin/../lib/gcc/arm-none-eabi/4.5.2\libgcc.a(_udivdi3.o)
