Archive member included because of file (symbol)

../../BSP/Debug\libBSP.a(keypad.o)
                              ./lab13.o (keypad_scan)
../../BSP/Debug\libBSP.a(lcd.o)
                              ./lab13.o (lcd_init)
../../BSP/Debug\libBSP.a(leds.o)
                              ./lab13.o (leds_init)
../../BSP/Debug\libBSP.a(pbs.o)
                              ./lab13.o (pbs_init)
../../BSP/Debug\libBSP.a(rtc.o)
                              ./lab13.o (rtc_init)
../../BSP/Debug\libBSP.a(segs.o)
                              ./lab13.o (segs_init)
../../BSP/Debug\libBSP.a(system.o)
                              ./lab13.o (sys_init)
../../BSP/Debug\libBSP.a(timers.o)
                              ./lab13.o (timers_init)
../../BSP/Debug\libBSP.a(uart.o)
                              ./lab13.o (uart0_init)
../../BSP/Debug\libBSP.a(font8x16.o)
                              ../../BSP/Debug\libBSP.a(lcd.o) (font)
c:/software/electronica/arm/eclipsearm/sourcery-g++-lite-arm-2011.03/bin/../lib/gcc/arm-none-eabi/4.5.2\libgcc.a(_udivsi3.o)
                              ../../BSP/Debug\libBSP.a(timers.o) (__aeabi_uidiv)
c:/software/electronica/arm/eclipsearm/sourcery-g++-lite-arm-2011.03/bin/../lib/gcc/arm-none-eabi/4.5.2\libgcc.a(_dvmd_tls.o)
                              c:/software/electronica/arm/eclipsearm/sourcery-g++-lite-arm-2011.03/bin/../lib/gcc/arm-none-eabi/4.5.2\libgcc.a(_udivsi3.o) (__aeabi_idiv0)
c:/software/electronica/arm/eclipsearm/sourcery-g++-lite-arm-2011.03/bin/../lib/gcc/arm-none-eabi/4.5.2\libgcc.a(_aeabi_uldivmod.o)
                              ../../BSP/Debug\libBSP.a(timers.o) (__aeabi_uldivmod)
c:/software/electronica/arm/eclipsearm/sourcery-g++-lite-arm-2011.03/bin/../lib/gcc/arm-none-eabi/4.5.2\libgcc.a(bpabi.o)
                              c:/software/electronica/arm/eclipsearm/sourcery-g++-lite-arm-2011.03/bin/../lib/gcc/arm-none-eabi/4.5.2\libgcc.a(_aeabi_uldivmod.o) (__gnu_uldivmod_helper)
c:/software/electronica/arm/eclipsearm/sourcery-g++-lite-arm-2011.03/bin/../lib/gcc/arm-none-eabi/4.5.2\libgcc.a(_divdi3.o)
                              c:/software/electronica/arm/eclipsearm/sourcery-g++-lite-arm-2011.03/bin/../lib/gcc/arm-none-eabi/4.5.2\libgcc.a(bpabi.o) (__divdi3)
c:/software/electronica/arm/eclipsearm/sourcery-g++-lite-arm-2011.03/bin/../lib/gcc/arm-none-eabi/4.5.2\libgcc.a(_udivdi3.o)
                              c:/software/electronica/arm/eclipsearm/sourcery-g++-lite-arm-2011.03/bin/../lib/gcc/arm-none-eabi/4.5.2\libgcc.a(bpabi.o) (__udivdi3)
c:/software/electronica/arm/eclipsearm/sourcery-g++-lite-arm-2011.03/bin/../lib/gcc/arm-none-eabi/4.5.2\libgcc.a(_clzsi2.o)
                              c:/software/electronica/arm/eclipsearm/sourcery-g++-lite-arm-2011.03/bin/../lib/gcc/arm-none-eabi/4.5.2\libgcc.a(_divdi3.o) (__clzsi2)

Allocating common symbols
Common symbol       size              file

scancode            0x1               ./lab13.o
lcd_buffer          0x9600            ../../BSP/Debug\libBSP.a(lcd.o)
flagTask5           0x1               ./lab13.o
flagTask6           0x1               ./lab13.o
flagPb              0x1               ./lab13.o
flagTask8           0x1               ./lab13.o

Memory Configuration

Name             Origin             Length             Attributes
*default*        0x00000000         0xffffffff

Linker script and memory map

LOAD ./kernelcoop.o
LOAD ./lab13.o
LOAD ../../BSP/Debug\libBSP.a
START GROUP
LOAD c:/software/electronica/arm/eclipsearm/sourcery-g++-lite-arm-2011.03/bin/../lib/gcc/arm-none-eabi/4.5.2\libgcc.a
LOAD c:/software/electronica/arm/eclipsearm/sourcery-g++-lite-arm-2011.03/bin/../lib/gcc/arm-none-eabi/4.5.2/../../../../arm-none-eabi/lib\libc.a
END GROUP
                0x0c100000                . = 0xc100000

.text           0x0c100000     0x56b0
 *(.text)
 .text          0x0c100000      0x388 ./kernelcoop.o
                0x0c100000                delete_task
                0x0c100094                create_task
                0x0c100178                scheduler_init
                0x0c1001c0                scheduler
                0x0c1002ec                dispacher
 .text          0x0c100388      0x6fc ./lab13.o
                0x0c100388                main
                0x0c1004c4                Task1
                0x0c10052c                Task2
                0x0c100658                Task3
                0x0c1006fc                Task4
                0x0c100790                Task5
                0x0c100824                Task6
                0x0c1008a0                Task7
                0x0c100918                Task8
                0x0c100998                Task9
                0x0c100a34                isr_pb
 .text          0x0c100a84      0x4c8 ../../BSP/Debug\libBSP.a(keypad.o)
                0x0c100a84                keypad_scan
                0x0c100ca8                keypad_pressed
                0x0c100ce4                keypad_open
                0x0c100d3c                keypad_close
                0x0c100d80                keypad_init
                0x0c100d9c                keypad_getchar
                0x0c100e04                keypad_getchartime
                0x0c100ea0                keypad_timeout_getchar
 .text          0x0c100f4c      0xfe8 ../../BSP/Debug\libBSP.a(lcd.o)
                0x0c100f4c                lcd_init
                0x0c1010d0                lcd_on
                0x0c10110c                lcd_off
                0x0c101148                lcd_status
                0x0c101170                lcd_clear
                0x0c1011cc                lcd_putpixel
                0x0c1012b8                lcd_getpixel
                0x0c101334                lcd_draw_hrow
                0x0c1013d8                lcd_draw_vrow
                0x0c10147c                lcd_draw_box
                0x0c101518                lcd_putchar
                0x0c10166c                lcd_puts
                0x0c1016f8                lcd_putint
                0x0c101870                lcd_puthex
                0x0c101950                lcd_putchar_x2
                0x0c101af4                lcd_puts_x2
                0x0c101b80                lcd_putint_x2
                0x0c101cf8                lcd_puthex_x2
                0x0c101dd8                lcd_putWallpaper
 .text          0x0c101f34      0x164 ../../BSP/Debug\libBSP.a(leds.o)
                0x0c101f34                leds_init
                0x0c101f74                led_on
                0x0c101fbc                led_off
                0x0c102000                led_toggle
                0x0c102044                led_status
 .text          0x0c102098      0x32c ../../BSP/Debug\libBSP.a(pbs.o)
                0x0c102098                pbs_init
                0x0c1020b4                pb_scan
                0x0c102110                pb_pressed
                0x0c102168                pb_getchar
                0x0c1021d0                pb_getchartime
                0x0c10226c                pb_timeout_getchar
                0x0c102318                pbs_open
                0x0c102380                pbs_close
 .text          0x0c1023c4      0x92c ../../BSP/Debug\libBSP.a(rtc.o)
                0x0c1023c4                rtc_init
                0x0c102500                rtc_puttime
                0x0c1027b8                rtc_gettime
                0x0c102c20                rtc_open
                0x0c102c9c                rtc_close
 .text          0x0c102cf0       0xd4 ../../BSP/Debug\libBSP.a(segs.o)
                0x0c102cf0                segs_init
                0x0c102d0c                segs_off
                0x0c102d44                segs_putchar
                0x0c102d9c                segs_status
 .text          0x0c102dc4      0xde4 ../../BSP/Debug\libBSP.a(system.o)
                0x0c102dc4                sys_init
                0x0c103334                isr_SWI_dummy
                0x0c103360                isr_UNDEF_dummy
                0x0c10338c                isr_IRQ_dummy
                0x0c1033b8                isr_FIQ_dummy
                0x0c1033e4                isr_PABORT_dummy
                0x0c103410                isr_DABORT_dummy
                0x0c10343c                isr_ADC_dummy
                0x0c103468                isr_RTC_dummy
                0x0c103494                isr_UTXD1_dummy
                0x0c1034c0                isr_UTXD0_dummy
                0x0c1034ec                isr_SIO_dummy
                0x0c103518                isr_IIC_dummy
                0x0c103544                isr_URXD1_dummy
                0x0c103570                isr_URXD0_dummy
                0x0c10359c                isr_TIMER5_dummy
                0x0c1035c8                isr_TIMER4_dummy
                0x0c1035f4                isr_TIMER3_dummy
                0x0c103620                isr_TIMER2_dummy
                0x0c10364c                isr_TIMER1_dummy
                0x0c103678                isr_TIMER0_dummy
                0x0c1036a4                isr_UERR01_dummy
                0x0c1036d0                isr_WDT_dummy
                0x0c1036fc                isr_BDMA1_dummy
                0x0c103728                isr_BDMA0_dummy
                0x0c103754                isr_ZDMA1_dummy
                0x0c103780                isr_ZDMA0_dummy
                0x0c1037ac                isr_TICK_dummy
                0x0c1037d8                isr_PB_dummy
                0x0c103804                isr_ETHERNET_dummy
                0x0c103830                isr_TS_dummy
                0x0c10385c                isr_KEYPAD_dummy
                0x0c103888                isr_USB_dummy
                0x0c103958                sleep
 .text          0x0c103ba8      0xa50 ../../BSP/Debug\libBSP.a(timers.o)
                0x0c103ba8                timers_init
                0x0c103d68                wait_for_1ms
                0x0c103e20                wait_for_1s
                0x0c103ee4                timer3_delay_ms
                0x0c103f28                sw_delay_ms
                0x0c103f80                timer3_delay_s
                0x0c103fc4                sw_delay_s
                0x0c10401c                timer3_start
                0x0c1040cc                timer3_stop
                0x0c104120                timer3_start_timeout
                0x0c1041d8                timer3_timeout
                0x0c104214                timer0_open_tick
                0x0c104450                timer0_open_ms
                0x0c10455c                timer0_close
 .text          0x0c1045f8      0x5c0 ../../BSP/Debug\libBSP.a(uart.o)
                0x0c1045f8                uart0_init
                0x0c10465c                uart0_putchar
                0x0c1046ac                uart0_getchar
                0x0c1046f4                uart0_puts
                0x0c104744                uart0_putint
                0x0c10487c                uart0_puthex
                0x0c104934                uart0_gets
                0x0c1049a0                uart0_getint
                0x0c104ab4                uart0_gethex
 .text          0x0c104bb8        0x0 ../../BSP/Debug\libBSP.a(font8x16.o)
 .text          0x0c104bb8      0x114 c:/software/electronica/arm/eclipsearm/sourcery-g++-lite-arm-2011.03/bin/../lib/gcc/arm-none-eabi/4.5.2\libgcc.a(_udivsi3.o)
                0x0c104bb8                __aeabi_uidiv
                0x0c104bb8                __udivsi3
                0x0c104cac                __aeabi_uidivmod
 .text          0x0c104ccc        0x4 c:/software/electronica/arm/eclipsearm/sourcery-g++-lite-arm-2011.03/bin/../lib/gcc/arm-none-eabi/4.5.2\libgcc.a(_dvmd_tls.o)
                0x0c104ccc                __aeabi_idiv0
                0x0c104ccc                __aeabi_ldiv0
 .text          0x0c104cd0       0x3c c:/software/electronica/arm/eclipsearm/sourcery-g++-lite-arm-2011.03/bin/../lib/gcc/arm-none-eabi/4.5.2\libgcc.a(_aeabi_uldivmod.o)
                0x0c104cd0                __aeabi_uldivmod
 .text          0x0c104d0c       0x80 c:/software/electronica/arm/eclipsearm/sourcery-g++-lite-arm-2011.03/bin/../lib/gcc/arm-none-eabi/4.5.2\libgcc.a(bpabi.o)
                0x0c104d0c                __gnu_ldivmod_helper
                0x0c104d4c                __gnu_uldivmod_helper
 .text          0x0c104d8c      0x4a8 c:/software/electronica/arm/eclipsearm/sourcery-g++-lite-arm-2011.03/bin/../lib/gcc/arm-none-eabi/4.5.2\libgcc.a(_divdi3.o)
                0x0c104d8c                __divdi3
 .text          0x0c105234      0x434 c:/software/electronica/arm/eclipsearm/sourcery-g++-lite-arm-2011.03/bin/../lib/gcc/arm-none-eabi/4.5.2\libgcc.a(_udivdi3.o)
                0x0c105234                __udivdi3
 .text          0x0c105668       0x48 c:/software/electronica/arm/eclipsearm/sourcery-g++-lite-arm-2011.03/bin/../lib/gcc/arm-none-eabi/4.5.2\libgcc.a(_clzsi2.o)
                0x0c105668                __clzsi2

.glue_7         0x0c1056b0        0x0
 .glue_7        0x00000000        0x0 linker stubs

.glue_7t        0x0c1056b0        0x0
 .glue_7t       0x00000000        0x0 linker stubs

.vfp11_veneer   0x0c1056b0        0x0
 .vfp11_veneer  0x00000000        0x0 linker stubs

.v4_bx          0x0c1056b0        0x0
 .v4_bx         0x00000000        0x0 linker stubs

.rodata         0x0c1056b0     0x18e4
 *(.rodata)
 .rodata        0x0c1056b0      0x1b8 ./lab13.o
 .rodata        0x0c105868       0x10 ../../BSP/Debug\libBSP.a(segs.o)
 .rodata        0x0c105878      0x71c ../../BSP/Debug\libBSP.a(system.o)
 .rodata        0x0c105f94     0x1000 ../../BSP/Debug\libBSP.a(font8x16.o)
                0x0c105f94                font

.ARM.extab      0x0c106f94        0x0
 .ARM.extab     0x0c106f94        0x0 c:/software/electronica/arm/eclipsearm/sourcery-g++-lite-arm-2011.03/bin/../lib/gcc/arm-none-eabi/4.5.2\libgcc.a(_divdi3.o)
 .ARM.extab     0x0c106f94        0x0 c:/software/electronica/arm/eclipsearm/sourcery-g++-lite-arm-2011.03/bin/../lib/gcc/arm-none-eabi/4.5.2\libgcc.a(_udivdi3.o)

.ARM.exidx      0x0c106f94        0x8
 .ARM.exidx     0x0c106f94        0x8 c:/software/electronica/arm/eclipsearm/sourcery-g++-lite-arm-2011.03/bin/../lib/gcc/arm-none-eabi/4.5.2\libgcc.a(_divdi3.o)
 .ARM.exidx     0x0c106f9c        0x0 c:/software/electronica/arm/eclipsearm/sourcery-g++-lite-arm-2011.03/bin/../lib/gcc/arm-none-eabi/4.5.2\libgcc.a(_udivdi3.o)
                                  0x8 (size before relaxing)

.data           0x0c106f9c       0x10
 *(.data)
 .data          0x0c106f9c        0x0 ./kernelcoop.o
 .data          0x0c106f9c       0x10 ./lab13.o
 .data          0x0c106fac        0x0 ../../BSP/Debug\libBSP.a(keypad.o)
 .data          0x0c106fac        0x0 ../../BSP/Debug\libBSP.a(lcd.o)
 .data          0x0c106fac        0x0 ../../BSP/Debug\libBSP.a(leds.o)
 .data          0x0c106fac        0x0 ../../BSP/Debug\libBSP.a(pbs.o)
 .data          0x0c106fac        0x0 ../../BSP/Debug\libBSP.a(rtc.o)
 .data          0x0c106fac        0x0 ../../BSP/Debug\libBSP.a(segs.o)
 .data          0x0c106fac        0x0 ../../BSP/Debug\libBSP.a(system.o)
 .data          0x0c106fac        0x0 ../../BSP/Debug\libBSP.a(timers.o)
 .data          0x0c106fac        0x0 ../../BSP/Debug\libBSP.a(uart.o)
 .data          0x0c106fac        0x0 ../../BSP/Debug\libBSP.a(font8x16.o)
 .data          0x0c106fac        0x0 c:/software/electronica/arm/eclipsearm/sourcery-g++-lite-arm-2011.03/bin/../lib/gcc/arm-none-eabi/4.5.2\libgcc.a(_udivsi3.o)
 .data          0x0c106fac        0x0 c:/software/electronica/arm/eclipsearm/sourcery-g++-lite-arm-2011.03/bin/../lib/gcc/arm-none-eabi/4.5.2\libgcc.a(_dvmd_tls.o)
 .data          0x0c106fac        0x0 c:/software/electronica/arm/eclipsearm/sourcery-g++-lite-arm-2011.03/bin/../lib/gcc/arm-none-eabi/4.5.2\libgcc.a(_aeabi_uldivmod.o)
 .data          0x0c106fac        0x0 c:/software/electronica/arm/eclipsearm/sourcery-g++-lite-arm-2011.03/bin/../lib/gcc/arm-none-eabi/4.5.2\libgcc.a(bpabi.o)
 .data          0x0c106fac        0x0 c:/software/electronica/arm/eclipsearm/sourcery-g++-lite-arm-2011.03/bin/../lib/gcc/arm-none-eabi/4.5.2\libgcc.a(_divdi3.o)
 .data          0x0c106fac        0x0 c:/software/electronica/arm/eclipsearm/sourcery-g++-lite-arm-2011.03/bin/../lib/gcc/arm-none-eabi/4.5.2\libgcc.a(_udivdi3.o)
 .data          0x0c106fac        0x0 c:/software/electronica/arm/eclipsearm/sourcery-g++-lite-arm-2011.03/bin/../lib/gcc/arm-none-eabi/4.5.2\libgcc.a(_clzsi2.o)

.bss            0x0c106fac     0x96c0
 *(.bss)
 .bss           0x0c106fac       0xa0 ./kernelcoop.o
 .bss           0x0c10704c        0xc ./lab13.o
 .bss           0x0c107058        0x0 ../../BSP/Debug\libBSP.a(keypad.o)
 .bss           0x0c107058        0x1 ../../BSP/Debug\libBSP.a(lcd.o)
 .bss           0x0c107059        0x0 ../../BSP/Debug\libBSP.a(leds.o)
 .bss           0x0c107059        0x0 ../../BSP/Debug\libBSP.a(pbs.o)
 .bss           0x0c107059        0x0 ../../BSP/Debug\libBSP.a(rtc.o)
 .bss           0x0c107059        0x1 ../../BSP/Debug\libBSP.a(segs.o)
 .bss           0x0c10705a        0x0 ../../BSP/Debug\libBSP.a(system.o)
 *fill*         0x0c10705a        0x2 00
 .bss           0x0c10705c        0x8 ../../BSP/Debug\libBSP.a(timers.o)
 .bss           0x0c107064        0x0 ../../BSP/Debug\libBSP.a(uart.o)
 .bss           0x0c107064        0x0 ../../BSP/Debug\libBSP.a(font8x16.o)
 .bss           0x0c107064        0x0 c:/software/electronica/arm/eclipsearm/sourcery-g++-lite-arm-2011.03/bin/../lib/gcc/arm-none-eabi/4.5.2\libgcc.a(_udivsi3.o)
 .bss           0x0c107064        0x0 c:/software/electronica/arm/eclipsearm/sourcery-g++-lite-arm-2011.03/bin/../lib/gcc/arm-none-eabi/4.5.2\libgcc.a(_dvmd_tls.o)
 .bss           0x0c107064        0x0 c:/software/electronica/arm/eclipsearm/sourcery-g++-lite-arm-2011.03/bin/../lib/gcc/arm-none-eabi/4.5.2\libgcc.a(_aeabi_uldivmod.o)
 .bss           0x0c107064        0x0 c:/software/electronica/arm/eclipsearm/sourcery-g++-lite-arm-2011.03/bin/../lib/gcc/arm-none-eabi/4.5.2\libgcc.a(bpabi.o)
 .bss           0x0c107064        0x0 c:/software/electronica/arm/eclipsearm/sourcery-g++-lite-arm-2011.03/bin/../lib/gcc/arm-none-eabi/4.5.2\libgcc.a(_divdi3.o)
 .bss           0x0c107064        0x0 c:/software/electronica/arm/eclipsearm/sourcery-g++-lite-arm-2011.03/bin/../lib/gcc/arm-none-eabi/4.5.2\libgcc.a(_udivdi3.o)
 .bss           0x0c107064        0x0 c:/software/electronica/arm/eclipsearm/sourcery-g++-lite-arm-2011.03/bin/../lib/gcc/arm-none-eabi/4.5.2\libgcc.a(_clzsi2.o)
 COMMON         0x0c107064        0x5 ./lab13.o
                0x0c107064                scancode
                0x0c107065                flagTask5
                0x0c107066                flagTask6
                0x0c107067                flagPb
                0x0c107068                flagTask8
 *fill*         0x0c107069        0x3 00
 COMMON         0x0c10706c     0x9600 ../../BSP/Debug\libBSP.a(lcd.o)
                0x0c10706c                lcd_buffer
                0x0c11066c                end = .
OUTPUT(lab13.elf elf32-littlearm)

.debug_abbrev   0x00000000      0xa44
 .debug_abbrev  0x00000000       0xe3 ./kernelcoop.o
 .debug_abbrev  0x000000e3      0x131 ./lab13.o
 .debug_abbrev  0x00000214       0xe9 ../../BSP/Debug\libBSP.a(keypad.o)
 .debug_abbrev  0x000002fd      0x160 ../../BSP/Debug\libBSP.a(lcd.o)
 .debug_abbrev  0x0000045d       0x8b ../../BSP/Debug\libBSP.a(leds.o)
 .debug_abbrev  0x000004e8       0xc3 ../../BSP/Debug\libBSP.a(pbs.o)
 .debug_abbrev  0x000005ab       0xbe ../../BSP/Debug\libBSP.a(rtc.o)
 .debug_abbrev  0x00000669       0xb3 ../../BSP/Debug\libBSP.a(segs.o)
 .debug_abbrev  0x0000071c       0xeb ../../BSP/Debug\libBSP.a(system.o)
 .debug_abbrev  0x00000807       0xdd ../../BSP/Debug\libBSP.a(timers.o)
 .debug_abbrev  0x000008e4       0xfd ../../BSP/Debug\libBSP.a(uart.o)
 .debug_abbrev  0x000009e1       0x63 ../../BSP/Debug\libBSP.a(font8x16.o)

.debug_info     0x00000000     0x1eee
 .debug_info    0x00000000      0x1d0 ./kernelcoop.o
 .debug_info    0x000001d0      0x3c4 ./lab13.o
 .debug_info    0x00000594      0x1c2 ../../BSP/Debug\libBSP.a(keypad.o)
 .debug_info    0x00000756      0x7c8 ../../BSP/Debug\libBSP.a(lcd.o)
 .debug_info    0x00000f1e      0x12d ../../BSP/Debug\libBSP.a(leds.o)
 .debug_info    0x0000104b      0x1b3 ../../BSP/Debug\libBSP.a(pbs.o)
 .debug_info    0x000011fe      0x1ac ../../BSP/Debug\libBSP.a(rtc.o)
 .debug_info    0x000013aa      0x10d ../../BSP/Debug\libBSP.a(segs.o)
 .debug_info    0x000014b7      0x423 ../../BSP/Debug\libBSP.a(system.o)
 .debug_info    0x000018da      0x2c7 ../../BSP/Debug\libBSP.a(timers.o)
 .debug_info    0x00001ba1      0x2b8 ../../BSP/Debug\libBSP.a(uart.o)
 .debug_info    0x00001e59       0x95 ../../BSP/Debug\libBSP.a(font8x16.o)

.debug_line     0x00000000      0xda8
 .debug_line    0x00000000       0xd3 ./kernelcoop.o
 .debug_line    0x000000d3      0x181 ./lab13.o
 .debug_line    0x00000254      0x114 ../../BSP/Debug\libBSP.a(keypad.o)
 .debug_line    0x00000368      0x1f7 ../../BSP/Debug\libBSP.a(lcd.o)
 .debug_line    0x0000055f       0x89 ../../BSP/Debug\libBSP.a(leds.o)
 .debug_line    0x000005e8      0x100 ../../BSP/Debug\libBSP.a(pbs.o)
 .debug_line    0x000006e8       0xec ../../BSP/Debug\libBSP.a(rtc.o)
 .debug_line    0x000007d4       0x93 ../../BSP/Debug\libBSP.a(segs.o)
 .debug_line    0x00000867      0x23c ../../BSP/Debug\libBSP.a(system.o)
 .debug_line    0x00000aa3      0x191 ../../BSP/Debug\libBSP.a(timers.o)
 .debug_line    0x00000c34      0x11e ../../BSP/Debug\libBSP.a(uart.o)
 .debug_line    0x00000d52       0x56 ../../BSP/Debug\libBSP.a(font8x16.o)

.debug_macinfo  0x00000000    0x35e66
 .debug_macinfo
                0x00000000     0x4326 ./kernelcoop.o
 .debug_macinfo
                0x00004326     0x5576 ./lab13.o
 .debug_macinfo
                0x0000989c     0x4eba ../../BSP/Debug\libBSP.a(keypad.o)
 .debug_macinfo
                0x0000e756     0x439b ../../BSP/Debug\libBSP.a(lcd.o)
 .debug_macinfo
                0x00012af1     0x432c ../../BSP/Debug\libBSP.a(leds.o)
 .debug_macinfo
                0x00016e1d     0x4d91 ../../BSP/Debug\libBSP.a(pbs.o)
 .debug_macinfo
                0x0001bbae     0x4cee ../../BSP/Debug\libBSP.a(rtc.o)
 .debug_macinfo
                0x0002089c     0x4d01 ../../BSP/Debug\libBSP.a(segs.o)
 .debug_macinfo
                0x0002559d     0x5568 ../../BSP/Debug\libBSP.a(system.o)
 .debug_macinfo
                0x0002ab05     0x4d1b ../../BSP/Debug\libBSP.a(timers.o)
 .debug_macinfo
                0x0002f820     0x430d ../../BSP/Debug\libBSP.a(uart.o)
 .debug_macinfo
                0x00033b2d     0x2339 ../../BSP/Debug\libBSP.a(font8x16.o)

.debug_loc      0x00000000     0x15d4
 .debug_loc     0x00000000       0xdc ./kernelcoop.o
 .debug_loc     0x000000dc      0x1e4 ./lab13.o
 .debug_loc     0x000002c0      0x160 ../../BSP/Debug\libBSP.a(keypad.o)
 .debug_loc     0x00000420      0x344 ../../BSP/Debug\libBSP.a(lcd.o)
 .debug_loc     0x00000764       0xdc ../../BSP/Debug\libBSP.a(leds.o)
 .debug_loc     0x00000840      0x160 ../../BSP/Debug\libBSP.a(pbs.o)
 .debug_loc     0x000009a0       0xdc ../../BSP/Debug\libBSP.a(rtc.o)
 .debug_loc     0x00000a7c       0xb0 ../../BSP/Debug\libBSP.a(segs.o)
 .debug_loc     0x00000b2c      0x688 ../../BSP/Debug\libBSP.a(system.o)
 .debug_loc     0x000011b4      0x294 ../../BSP/Debug\libBSP.a(timers.o)
 .debug_loc     0x00001448      0x18c ../../BSP/Debug\libBSP.a(uart.o)

.debug_pubnames
                0x00000000      0x917
 .debug_pubnames
                0x00000000       0x61 ./kernelcoop.o
 .debug_pubnames
                0x00000061       0xc2 ./lab13.o
 .debug_pubnames
                0x00000123       0xab ../../BSP/Debug\libBSP.a(keypad.o)
 .debug_pubnames
                0x000001ce      0x150 ../../BSP/Debug\libBSP.a(lcd.o)
 .debug_pubnames
                0x0000031e       0x55 ../../BSP/Debug\libBSP.a(leds.o)
 .debug_pubnames
                0x00000373       0x8e ../../BSP/Debug\libBSP.a(pbs.o)
 .debug_pubnames
                0x00000401       0x5a ../../BSP/Debug\libBSP.a(rtc.o)
 .debug_pubnames
                0x0000045b       0x4e ../../BSP/Debug\libBSP.a(segs.o)
 .debug_pubnames
                0x000004a9      0x29d ../../BSP/Debug\libBSP.a(system.o)
 .debug_pubnames
                0x00000746      0x10f ../../BSP/Debug\libBSP.a(timers.o)
 .debug_pubnames
                0x00000855       0xa7 ../../BSP/Debug\libBSP.a(uart.o)
 .debug_pubnames
                0x000008fc       0x1b ../../BSP/Debug\libBSP.a(font8x16.o)

.debug_pubtypes
                0x00000000      0x258
 .debug_pubtypes
                0x00000000       0x34 ./kernelcoop.o
 .debug_pubtypes
                0x00000034       0x42 ./lab13.o
 .debug_pubtypes
                0x00000076       0x32 ../../BSP/Debug\libBSP.a(keypad.o)
 .debug_pubtypes
                0x000000a8       0x48 ../../BSP/Debug\libBSP.a(lcd.o)
 .debug_pubtypes
                0x000000f0       0x27 ../../BSP/Debug\libBSP.a(leds.o)
 .debug_pubtypes
                0x00000117       0x32 ../../BSP/Debug\libBSP.a(pbs.o)
 .debug_pubtypes
                0x00000149       0x36 ../../BSP/Debug\libBSP.a(rtc.o)
 .debug_pubtypes
                0x0000017f       0x1c ../../BSP/Debug\libBSP.a(segs.o)
 .debug_pubtypes
                0x0000019b       0x27 ../../BSP/Debug\libBSP.a(system.o)
 .debug_pubtypes
                0x000001c2       0x3d ../../BSP/Debug\libBSP.a(timers.o)
 .debug_pubtypes
                0x000001ff       0x3d ../../BSP/Debug\libBSP.a(uart.o)
 .debug_pubtypes
                0x0000023c       0x1c ../../BSP/Debug\libBSP.a(font8x16.o)

.debug_aranges  0x00000000      0x160
 .debug_aranges
                0x00000000       0x20 ./kernelcoop.o
 .debug_aranges
                0x00000020       0x20 ./lab13.o
 .debug_aranges
                0x00000040       0x20 ../../BSP/Debug\libBSP.a(keypad.o)
 .debug_aranges
                0x00000060       0x20 ../../BSP/Debug\libBSP.a(lcd.o)
 .debug_aranges
                0x00000080       0x20 ../../BSP/Debug\libBSP.a(leds.o)
 .debug_aranges
                0x000000a0       0x20 ../../BSP/Debug\libBSP.a(pbs.o)
 .debug_aranges
                0x000000c0       0x20 ../../BSP/Debug\libBSP.a(rtc.o)
 .debug_aranges
                0x000000e0       0x20 ../../BSP/Debug\libBSP.a(segs.o)
 .debug_aranges
                0x00000100       0x20 ../../BSP/Debug\libBSP.a(system.o)
 .debug_aranges
                0x00000120       0x20 ../../BSP/Debug\libBSP.a(timers.o)
 .debug_aranges
                0x00000140       0x20 ../../BSP/Debug\libBSP.a(uart.o)

.debug_str      0x00000000      0x8fd
 .debug_str     0x00000000       0xf9 ./kernelcoop.o
                                0x112 (size before relaxing)
 .debug_str     0x000000f9       0xbd ./lab13.o
                                0x181 (size before relaxing)
 .debug_str     0x000001b6       0xaf ../../BSP/Debug\libBSP.a(keypad.o)
                                0x131 (size before relaxing)
 .debug_str     0x00000265      0x162 ../../BSP/Debug\libBSP.a(lcd.o)
                                0x221 (size before relaxing)
 .debug_str     0x000003c7       0x3d ../../BSP/Debug\libBSP.a(leds.o)
                                 0xd6 (size before relaxing)
 .debug_str     0x00000404       0x69 ../../BSP/Debug\libBSP.a(pbs.o)
                                0x112 (size before relaxing)
 .debug_str     0x0000046d       0x4c ../../BSP/Debug\libBSP.a(rtc.o)
                                0x10d (size before relaxing)
 .debug_str     0x000004b9       0x43 ../../BSP/Debug\libBSP.a(segs.o)
                                 0xdb (size before relaxing)
 .debug_str     0x000004fc      0x26a ../../BSP/Debug\libBSP.a(system.o)
                                0x303 (size before relaxing)
 .debug_str     0x00000766       0xf9 ../../BSP/Debug\libBSP.a(timers.o)
                                0x19e (size before relaxing)
 .debug_str     0x0000085f       0x8c ../../BSP/Debug\libBSP.a(uart.o)
                                0x147 (size before relaxing)
 .debug_str     0x000008eb       0x12 ../../BSP/Debug\libBSP.a(font8x16.o)
                                 0xa9 (size before relaxing)

.comment        0x00000000       0x2a
 .comment       0x00000000       0x2a ./kernelcoop.o
                                 0x2b (size before relaxing)
 .comment       0x00000000       0x2b ./lab13.o
 .comment       0x00000000       0x2b ../../BSP/Debug\libBSP.a(keypad.o)
 .comment       0x00000000       0x2b ../../BSP/Debug\libBSP.a(lcd.o)
 .comment       0x00000000       0x2b ../../BSP/Debug\libBSP.a(leds.o)
 .comment       0x00000000       0x2b ../../BSP/Debug\libBSP.a(pbs.o)
 .comment       0x00000000       0x2b ../../BSP/Debug\libBSP.a(rtc.o)
 .comment       0x00000000       0x2b ../../BSP/Debug\libBSP.a(segs.o)
 .comment       0x00000000       0x2b ../../BSP/Debug\libBSP.a(system.o)
 .comment       0x00000000       0x2b ../../BSP/Debug\libBSP.a(timers.o)
 .comment       0x00000000       0x2b ../../BSP/Debug\libBSP.a(uart.o)
 .comment       0x00000000       0x2b ../../BSP/Debug\libBSP.a(font8x16.o)

.ARM.attributes
                0x00000000       0x32
 .ARM.attributes
                0x00000000       0x32 ./kernelcoop.o
 .ARM.attributes
                0x00000032       0x32 ./lab13.o
 .ARM.attributes
                0x00000064       0x32 ../../BSP/Debug\libBSP.a(keypad.o)
 .ARM.attributes
                0x00000096       0x32 ../../BSP/Debug\libBSP.a(lcd.o)
 .ARM.attributes
                0x000000c8       0x32 ../../BSP/Debug\libBSP.a(leds.o)
 .ARM.attributes
                0x000000fa       0x32 ../../BSP/Debug\libBSP.a(pbs.o)
 .ARM.attributes
                0x0000012c       0x32 ../../BSP/Debug\libBSP.a(rtc.o)
 .ARM.attributes
                0x0000015e       0x32 ../../BSP/Debug\libBSP.a(segs.o)
 .ARM.attributes
                0x00000190       0x32 ../../BSP/Debug\libBSP.a(system.o)
 .ARM.attributes
                0x000001c2       0x32 ../../BSP/Debug\libBSP.a(timers.o)
 .ARM.attributes
                0x000001f4       0x32 ../../BSP/Debug\libBSP.a(uart.o)
 .ARM.attributes
                0x00000226       0x32 ../../BSP/Debug\libBSP.a(font8x16.o)
 .ARM.attributes
                0x00000258       0x1a c:/software/electronica/arm/eclipsearm/sourcery-g++-lite-arm-2011.03/bin/../lib/gcc/arm-none-eabi/4.5.2\libgcc.a(_udivsi3.o)
 .ARM.attributes
                0x00000272       0x18 c:/software/electronica/arm/eclipsearm/sourcery-g++-lite-arm-2011.03/bin/../lib/gcc/arm-none-eabi/4.5.2\libgcc.a(_dvmd_tls.o)
 .ARM.attributes
                0x0000028a       0x1a c:/software/electronica/arm/eclipsearm/sourcery-g++-lite-arm-2011.03/bin/../lib/gcc/arm-none-eabi/4.5.2\libgcc.a(_aeabi_uldivmod.o)
 .ARM.attributes
                0x000002a4       0x34 c:/software/electronica/arm/eclipsearm/sourcery-g++-lite-arm-2011.03/bin/../lib/gcc/arm-none-eabi/4.5.2\libgcc.a(bpabi.o)
 .ARM.attributes
                0x000002d8       0x34 c:/software/electronica/arm/eclipsearm/sourcery-g++-lite-arm-2011.03/bin/../lib/gcc/arm-none-eabi/4.5.2\libgcc.a(_divdi3.o)
 .ARM.attributes
                0x0000030c       0x34 c:/software/electronica/arm/eclipsearm/sourcery-g++-lite-arm-2011.03/bin/../lib/gcc/arm-none-eabi/4.5.2\libgcc.a(_udivdi3.o)
 .ARM.attributes
                0x00000340       0x1a c:/software/electronica/arm/eclipsearm/sourcery-g++-lite-arm-2011.03/bin/../lib/gcc/arm-none-eabi/4.5.2\libgcc.a(_clzsi2.o)

.debug_frame    0x00000000     0x1314
 .debug_frame   0x00000000       0xbc ./kernelcoop.o
 .debug_frame   0x000000bc      0x178 ./lab13.o
 .debug_frame   0x00000234      0x110 ../../BSP/Debug\libBSP.a(keypad.o)
 .debug_frame   0x00000344      0x270 ../../BSP/Debug\libBSP.a(lcd.o)
 .debug_frame   0x000005b4       0xb0 ../../BSP/Debug\libBSP.a(leds.o)
 .debug_frame   0x00000664      0x110 ../../BSP/Debug\libBSP.a(pbs.o)
 .debug_frame   0x00000774       0xb0 ../../BSP/Debug\libBSP.a(rtc.o)
 .debug_frame   0x00000824       0x90 ../../BSP/Debug\libBSP.a(segs.o)
 .debug_frame   0x000008b4      0x650 ../../BSP/Debug\libBSP.a(system.o)
 .debug_frame   0x00000f04      0x1f8 ../../BSP/Debug\libBSP.a(timers.o)
 .debug_frame   0x000010fc      0x130 ../../BSP/Debug\libBSP.a(uart.o)
 .debug_frame   0x0000122c       0x20 c:/software/electronica/arm/eclipsearm/sourcery-g++-lite-arm-2011.03/bin/../lib/gcc/arm-none-eabi/4.5.2\libgcc.a(_udivsi3.o)
 .debug_frame   0x0000124c       0x50 c:/software/electronica/arm/eclipsearm/sourcery-g++-lite-arm-2011.03/bin/../lib/gcc/arm-none-eabi/4.5.2\libgcc.a(bpabi.o)
 .debug_frame   0x0000129c       0x3c c:/software/electronica/arm/eclipsearm/sourcery-g++-lite-arm-2011.03/bin/../lib/gcc/arm-none-eabi/4.5.2\libgcc.a(_divdi3.o)
 .debug_frame   0x000012d8       0x3c c:/software/electronica/arm/eclipsearm/sourcery-g++-lite-arm-2011.03/bin/../lib/gcc/arm-none-eabi/4.5.2\libgcc.a(_udivdi3.o)
