Archive member included because of file (symbol)

../../BSP/Debug\libBSP.a(keypad.o)
                              ./lab12-queue.o (keypad_scan)
../../BSP/Debug\libBSP.a(lcd.o)
                              ./lab12-queue.o (lcd_init)
../../BSP/Debug\libBSP.a(leds.o)
                              ./lab12-queue.o (leds_init)
../../BSP/Debug\libBSP.a(pbs.o)
                              ./lab12-queue.o (pbs_init)
../../BSP/Debug\libBSP.a(rtc.o)
                              ./lab12-queue.o (rtc_init)
../../BSP/Debug\libBSP.a(segs.o)
                              ./lab12-queue.o (segs_init)
../../BSP/Debug\libBSP.a(system.o)
                              ./lab12-queue.o (sys_init)
../../BSP/Debug\libBSP.a(timers.o)
                              ./lab12-queue.o (timers_init)
../../BSP/Debug\libBSP.a(uart.o)
                              ./lab12-queue.o (uart0_init)
../../BSP/Debug\libBSP.a(font8x16.o)
                              ../../BSP/Debug\libBSP.a(lcd.o) (font)
c:/software/electronica/arm/eclipsearm/sourcery-g++-lite-arm-2011.03/bin/../lib/gcc/arm-none-eabi/4.5.2\libgcc.a(_udivsi3.o)
                              ../../BSP/Debug\libBSP.a(timers.o) (__aeabi_uidiv)
c:/software/electronica/arm/eclipsearm/sourcery-g++-lite-arm-2011.03/bin/../lib/gcc/arm-none-eabi/4.5.2\libgcc.a(_dvmd_tls.o)
                              c:/software/electronica/arm/eclipsearm/sourcery-g++-lite-arm-2011.03/bin/../lib/gcc/arm-none-eabi/4.5.2\libgcc.a(_udivsi3.o) (__aeabi_idiv0)
c:/software/electronica/arm/eclipsearm/sourcery-g++-lite-arm-2011.03/bin/../lib/gcc/arm-none-eabi/4.5.2\libgcc.a(_aeabi_uldivmod.o)
                              ../../BSP/Debug\libBSP.a(timers.o) (__aeabi_uldivmod)
c:/software/electronica/arm/eclipsearm/sourcery-g++-lite-arm-2011.03/bin/../lib/gcc/arm-none-eabi/4.5.2\libgcc.a(bpabi.o)
                              c:/software/electronica/arm/eclipsearm/sourcery-g++-lite-arm-2011.03/bin/../lib/gcc/arm-none-eabi/4.5.2\libgcc.a(_aeabi_uldivmod.o) (__gnu_uldivmod_helper)
c:/software/electronica/arm/eclipsearm/sourcery-g++-lite-arm-2011.03/bin/../lib/gcc/arm-none-eabi/4.5.2\libgcc.a(_divdi3.o)
                              c:/software/electronica/arm/eclipsearm/sourcery-g++-lite-arm-2011.03/bin/../lib/gcc/arm-none-eabi/4.5.2\libgcc.a(bpabi.o) (__divdi3)
c:/software/electronica/arm/eclipsearm/sourcery-g++-lite-arm-2011.03/bin/../lib/gcc/arm-none-eabi/4.5.2\libgcc.a(_udivdi3.o)
                              c:/software/electronica/arm/eclipsearm/sourcery-g++-lite-arm-2011.03/bin/../lib/gcc/arm-none-eabi/4.5.2\libgcc.a(bpabi.o) (__udivdi3)
c:/software/electronica/arm/eclipsearm/sourcery-g++-lite-arm-2011.03/bin/../lib/gcc/arm-none-eabi/4.5.2\libgcc.a(_clzsi2.o)
                              c:/software/electronica/arm/eclipsearm/sourcery-g++-lite-arm-2011.03/bin/../lib/gcc/arm-none-eabi/4.5.2\libgcc.a(_divdi3.o) (__clzsi2)

Allocating common symbols
Common symbol       size              file

scancode            0x1               ./lab12-queue.o
lcd_buffer          0x9600            ../../BSP/Debug\libBSP.a(lcd.o)
fifo                0x808             ./lab12-queue.o

Memory Configuration

Name             Origin             Length             Attributes
*default*        0x00000000         0xffffffff

Linker script and memory map

LOAD ./lab12-queue.o
LOAD ../../BSP/Debug\libBSP.a
START GROUP
LOAD c:/software/electronica/arm/eclipsearm/sourcery-g++-lite-arm-2011.03/bin/../lib/gcc/arm-none-eabi/4.5.2\libgcc.a
LOAD c:/software/electronica/arm/eclipsearm/sourcery-g++-lite-arm-2011.03/bin/../lib/gcc/arm-none-eabi/4.5.2/../../../../arm-none-eabi/lib\libc.a
END GROUP
                0x0c100000                . = 0xc100000

.text           0x0c100000     0x55e0
 *(.text)
 .text          0x0c100000      0x9b4 ./lab12-queue.o
                0x0c100000                main
                0x0c1000c8                Task1
                0x0c100130                Task2
                0x0c100250                Task3
                0x0c1002f4                Task4
                0x0c100388                Task5
                0x0c1003fc                Task6
                0x0c100458                Task7
                0x0c1004ac                Task8
                0x0c10052c                Task9
                0x0c1005c8                isr_pb
                0x0c100614                isr_tick
                0x0c100770                fifo_init
                0x0c1007b0                fifo_enqueue
                0x0c10086c                fifo_dequeue
                0x0c10092c                fifo_is_empty
                0x0c10096c                fifo_is_full
 .text          0x0c1009b4      0x4c8 ../../BSP/Debug\libBSP.a(keypad.o)
                0x0c1009b4                keypad_scan
                0x0c100bd8                keypad_pressed
                0x0c100c14                keypad_open
                0x0c100c6c                keypad_close
                0x0c100cb0                keypad_init
                0x0c100ccc                keypad_getchar
                0x0c100d34                keypad_getchartime
                0x0c100dd0                keypad_timeout_getchar
 .text          0x0c100e7c      0xfe8 ../../BSP/Debug\libBSP.a(lcd.o)
                0x0c100e7c                lcd_init
                0x0c101000                lcd_on
                0x0c10103c                lcd_off
                0x0c101078                lcd_status
                0x0c1010a0                lcd_clear
                0x0c1010fc                lcd_putpixel
                0x0c1011e8                lcd_getpixel
                0x0c101264                lcd_draw_hrow
                0x0c101308                lcd_draw_vrow
                0x0c1013ac                lcd_draw_box
                0x0c101448                lcd_putchar
                0x0c10159c                lcd_puts
                0x0c101628                lcd_putint
                0x0c1017a0                lcd_puthex
                0x0c101880                lcd_putchar_x2
                0x0c101a24                lcd_puts_x2
                0x0c101ab0                lcd_putint_x2
                0x0c101c28                lcd_puthex_x2
                0x0c101d08                lcd_putWallpaper
 .text          0x0c101e64      0x164 ../../BSP/Debug\libBSP.a(leds.o)
                0x0c101e64                leds_init
                0x0c101ea4                led_on
                0x0c101eec                led_off
                0x0c101f30                led_toggle
                0x0c101f74                led_status
 .text          0x0c101fc8      0x32c ../../BSP/Debug\libBSP.a(pbs.o)
                0x0c101fc8                pbs_init
                0x0c101fe4                pb_scan
                0x0c102040                pb_pressed
                0x0c102098                pb_getchar
                0x0c102100                pb_getchartime
                0x0c10219c                pb_timeout_getchar
                0x0c102248                pbs_open
                0x0c1022b0                pbs_close
 .text          0x0c1022f4      0x92c ../../BSP/Debug\libBSP.a(rtc.o)
                0x0c1022f4                rtc_init
                0x0c102430                rtc_puttime
                0x0c1026e8                rtc_gettime
                0x0c102b50                rtc_open
                0x0c102bcc                rtc_close
 .text          0x0c102c20       0xd4 ../../BSP/Debug\libBSP.a(segs.o)
                0x0c102c20                segs_init
                0x0c102c3c                segs_off
                0x0c102c74                segs_putchar
                0x0c102ccc                segs_status
 .text          0x0c102cf4      0xde4 ../../BSP/Debug\libBSP.a(system.o)
                0x0c102cf4                sys_init
                0x0c103264                isr_SWI_dummy
                0x0c103290                isr_UNDEF_dummy
                0x0c1032bc                isr_IRQ_dummy
                0x0c1032e8                isr_FIQ_dummy
                0x0c103314                isr_PABORT_dummy
                0x0c103340                isr_DABORT_dummy
                0x0c10336c                isr_ADC_dummy
                0x0c103398                isr_RTC_dummy
                0x0c1033c4                isr_UTXD1_dummy
                0x0c1033f0                isr_UTXD0_dummy
                0x0c10341c                isr_SIO_dummy
                0x0c103448                isr_IIC_dummy
                0x0c103474                isr_URXD1_dummy
                0x0c1034a0                isr_URXD0_dummy
                0x0c1034cc                isr_TIMER5_dummy
                0x0c1034f8                isr_TIMER4_dummy
                0x0c103524                isr_TIMER3_dummy
                0x0c103550                isr_TIMER2_dummy
                0x0c10357c                isr_TIMER1_dummy
                0x0c1035a8                isr_TIMER0_dummy
                0x0c1035d4                isr_UERR01_dummy
                0x0c103600                isr_WDT_dummy
                0x0c10362c                isr_BDMA1_dummy
                0x0c103658                isr_BDMA0_dummy
                0x0c103684                isr_ZDMA1_dummy
                0x0c1036b0                isr_ZDMA0_dummy
                0x0c1036dc                isr_TICK_dummy
                0x0c103708                isr_PB_dummy
                0x0c103734                isr_ETHERNET_dummy
                0x0c103760                isr_TS_dummy
                0x0c10378c                isr_KEYPAD_dummy
                0x0c1037b8                isr_USB_dummy
                0x0c103888                sleep
 .text          0x0c103ad8      0xa50 ../../BSP/Debug\libBSP.a(timers.o)
                0x0c103ad8                timers_init
                0x0c103c98                wait_for_1ms
                0x0c103d50                wait_for_1s
                0x0c103e14                timer3_delay_ms
                0x0c103e58                sw_delay_ms
                0x0c103eb0                timer3_delay_s
                0x0c103ef4                sw_delay_s
                0x0c103f4c                timer3_start
                0x0c103ffc                timer3_stop
                0x0c104050                timer3_start_timeout
                0x0c104108                timer3_timeout
                0x0c104144                timer0_open_tick
                0x0c104380                timer0_open_ms
                0x0c10448c                timer0_close
 .text          0x0c104528      0x5c0 ../../BSP/Debug\libBSP.a(uart.o)
                0x0c104528                uart0_init
                0x0c10458c                uart0_putchar
                0x0c1045dc                uart0_getchar
                0x0c104624                uart0_puts
                0x0c104674                uart0_putint
                0x0c1047ac                uart0_puthex
                0x0c104864                uart0_gets
                0x0c1048d0                uart0_getint
                0x0c1049e4                uart0_gethex
 .text          0x0c104ae8        0x0 ../../BSP/Debug\libBSP.a(font8x16.o)
 .text          0x0c104ae8      0x114 c:/software/electronica/arm/eclipsearm/sourcery-g++-lite-arm-2011.03/bin/../lib/gcc/arm-none-eabi/4.5.2\libgcc.a(_udivsi3.o)
                0x0c104ae8                __aeabi_uidiv
                0x0c104ae8                __udivsi3
                0x0c104bdc                __aeabi_uidivmod
 .text          0x0c104bfc        0x4 c:/software/electronica/arm/eclipsearm/sourcery-g++-lite-arm-2011.03/bin/../lib/gcc/arm-none-eabi/4.5.2\libgcc.a(_dvmd_tls.o)
                0x0c104bfc                __aeabi_idiv0
                0x0c104bfc                __aeabi_ldiv0
 .text          0x0c104c00       0x3c c:/software/electronica/arm/eclipsearm/sourcery-g++-lite-arm-2011.03/bin/../lib/gcc/arm-none-eabi/4.5.2\libgcc.a(_aeabi_uldivmod.o)
                0x0c104c00                __aeabi_uldivmod
 .text          0x0c104c3c       0x80 c:/software/electronica/arm/eclipsearm/sourcery-g++-lite-arm-2011.03/bin/../lib/gcc/arm-none-eabi/4.5.2\libgcc.a(bpabi.o)
                0x0c104c3c                __gnu_ldivmod_helper
                0x0c104c7c                __gnu_uldivmod_helper
 .text          0x0c104cbc      0x4a8 c:/software/electronica/arm/eclipsearm/sourcery-g++-lite-arm-2011.03/bin/../lib/gcc/arm-none-eabi/4.5.2\libgcc.a(_divdi3.o)
                0x0c104cbc                __divdi3
 .text          0x0c105164      0x434 c:/software/electronica/arm/eclipsearm/sourcery-g++-lite-arm-2011.03/bin/../lib/gcc/arm-none-eabi/4.5.2\libgcc.a(_udivdi3.o)
                0x0c105164                __udivdi3
 .text          0x0c105598       0x48 c:/software/electronica/arm/eclipsearm/sourcery-g++-lite-arm-2011.03/bin/../lib/gcc/arm-none-eabi/4.5.2\libgcc.a(_clzsi2.o)
                0x0c105598                __clzsi2

.glue_7         0x0c1055e0        0x0
 .glue_7        0x00000000        0x0 linker stubs

.glue_7t        0x0c1055e0        0x0
 .glue_7t       0x00000000        0x0 linker stubs

.vfp11_veneer   0x0c1055e0        0x0
 .vfp11_veneer  0x00000000        0x0 linker stubs

.v4_bx          0x0c1055e0        0x0
 .v4_bx         0x00000000        0x0 linker stubs

.rodata         0x0c1055e0     0x18e0
 *(.rodata)
 .rodata        0x0c1055e0      0x1b4 ./lab12-queue.o
 .rodata        0x0c105794       0x10 ../../BSP/Debug\libBSP.a(segs.o)
 .rodata        0x0c1057a4      0x71c ../../BSP/Debug\libBSP.a(system.o)
 .rodata        0x0c105ec0     0x1000 ../../BSP/Debug\libBSP.a(font8x16.o)
                0x0c105ec0                font

.ARM.extab      0x0c106ec0        0x0
 .ARM.extab     0x0c106ec0        0x0 c:/software/electronica/arm/eclipsearm/sourcery-g++-lite-arm-2011.03/bin/../lib/gcc/arm-none-eabi/4.5.2\libgcc.a(_divdi3.o)
 .ARM.extab     0x0c106ec0        0x0 c:/software/electronica/arm/eclipsearm/sourcery-g++-lite-arm-2011.03/bin/../lib/gcc/arm-none-eabi/4.5.2\libgcc.a(_udivdi3.o)

.ARM.exidx      0x0c106ec0        0x8
 .ARM.exidx     0x0c106ec0        0x8 c:/software/electronica/arm/eclipsearm/sourcery-g++-lite-arm-2011.03/bin/../lib/gcc/arm-none-eabi/4.5.2\libgcc.a(_divdi3.o)
 .ARM.exidx     0x0c106ec8        0x0 c:/software/electronica/arm/eclipsearm/sourcery-g++-lite-arm-2011.03/bin/../lib/gcc/arm-none-eabi/4.5.2\libgcc.a(_udivdi3.o)
                                  0x8 (size before relaxing)

.data           0x0c106ec8       0x18
 *(.data)
 .data          0x0c106ec8       0x18 ./lab12-queue.o
 .data          0x0c106ee0        0x0 ../../BSP/Debug\libBSP.a(keypad.o)
 .data          0x0c106ee0        0x0 ../../BSP/Debug\libBSP.a(lcd.o)
 .data          0x0c106ee0        0x0 ../../BSP/Debug\libBSP.a(leds.o)
 .data          0x0c106ee0        0x0 ../../BSP/Debug\libBSP.a(pbs.o)
 .data          0x0c106ee0        0x0 ../../BSP/Debug\libBSP.a(rtc.o)
 .data          0x0c106ee0        0x0 ../../BSP/Debug\libBSP.a(segs.o)
 .data          0x0c106ee0        0x0 ../../BSP/Debug\libBSP.a(system.o)
 .data          0x0c106ee0        0x0 ../../BSP/Debug\libBSP.a(timers.o)
 .data          0x0c106ee0        0x0 ../../BSP/Debug\libBSP.a(uart.o)
 .data          0x0c106ee0        0x0 ../../BSP/Debug\libBSP.a(font8x16.o)
 .data          0x0c106ee0        0x0 c:/software/electronica/arm/eclipsearm/sourcery-g++-lite-arm-2011.03/bin/../lib/gcc/arm-none-eabi/4.5.2\libgcc.a(_udivsi3.o)
 .data          0x0c106ee0        0x0 c:/software/electronica/arm/eclipsearm/sourcery-g++-lite-arm-2011.03/bin/../lib/gcc/arm-none-eabi/4.5.2\libgcc.a(_dvmd_tls.o)
 .data          0x0c106ee0        0x0 c:/software/electronica/arm/eclipsearm/sourcery-g++-lite-arm-2011.03/bin/../lib/gcc/arm-none-eabi/4.5.2\libgcc.a(_aeabi_uldivmod.o)
 .data          0x0c106ee0        0x0 c:/software/electronica/arm/eclipsearm/sourcery-g++-lite-arm-2011.03/bin/../lib/gcc/arm-none-eabi/4.5.2\libgcc.a(bpabi.o)
 .data          0x0c106ee0        0x0 c:/software/electronica/arm/eclipsearm/sourcery-g++-lite-arm-2011.03/bin/../lib/gcc/arm-none-eabi/4.5.2\libgcc.a(_divdi3.o)
 .data          0x0c106ee0        0x0 c:/software/electronica/arm/eclipsearm/sourcery-g++-lite-arm-2011.03/bin/../lib/gcc/arm-none-eabi/4.5.2\libgcc.a(_udivdi3.o)
 .data          0x0c106ee0        0x0 c:/software/electronica/arm/eclipsearm/sourcery-g++-lite-arm-2011.03/bin/../lib/gcc/arm-none-eabi/4.5.2\libgcc.a(_clzsi2.o)

.bss            0x0c106ee0     0x9e24
 *(.bss)
 .bss           0x0c106ee0        0xc ./lab12-queue.o
 .bss           0x0c106eec        0x0 ../../BSP/Debug\libBSP.a(keypad.o)
 .bss           0x0c106eec        0x1 ../../BSP/Debug\libBSP.a(lcd.o)
 .bss           0x0c106eed        0x0 ../../BSP/Debug\libBSP.a(leds.o)
 .bss           0x0c106eed        0x0 ../../BSP/Debug\libBSP.a(pbs.o)
 .bss           0x0c106eed        0x0 ../../BSP/Debug\libBSP.a(rtc.o)
 .bss           0x0c106eed        0x1 ../../BSP/Debug\libBSP.a(segs.o)
 .bss           0x0c106eee        0x0 ../../BSP/Debug\libBSP.a(system.o)
 *fill*         0x0c106eee        0x2 00
 .bss           0x0c106ef0        0x8 ../../BSP/Debug\libBSP.a(timers.o)
 .bss           0x0c106ef8        0x0 ../../BSP/Debug\libBSP.a(uart.o)
 .bss           0x0c106ef8        0x0 ../../BSP/Debug\libBSP.a(font8x16.o)
 .bss           0x0c106ef8        0x0 c:/software/electronica/arm/eclipsearm/sourcery-g++-lite-arm-2011.03/bin/../lib/gcc/arm-none-eabi/4.5.2\libgcc.a(_udivsi3.o)
 .bss           0x0c106ef8        0x0 c:/software/electronica/arm/eclipsearm/sourcery-g++-lite-arm-2011.03/bin/../lib/gcc/arm-none-eabi/4.5.2\libgcc.a(_dvmd_tls.o)
 .bss           0x0c106ef8        0x0 c:/software/electronica/arm/eclipsearm/sourcery-g++-lite-arm-2011.03/bin/../lib/gcc/arm-none-eabi/4.5.2\libgcc.a(_aeabi_uldivmod.o)
 .bss           0x0c106ef8        0x0 c:/software/electronica/arm/eclipsearm/sourcery-g++-lite-arm-2011.03/bin/../lib/gcc/arm-none-eabi/4.5.2\libgcc.a(bpabi.o)
 .bss           0x0c106ef8        0x0 c:/software/electronica/arm/eclipsearm/sourcery-g++-lite-arm-2011.03/bin/../lib/gcc/arm-none-eabi/4.5.2\libgcc.a(_divdi3.o)
 .bss           0x0c106ef8        0x0 c:/software/electronica/arm/eclipsearm/sourcery-g++-lite-arm-2011.03/bin/../lib/gcc/arm-none-eabi/4.5.2\libgcc.a(_udivdi3.o)
 .bss           0x0c106ef8        0x0 c:/software/electronica/arm/eclipsearm/sourcery-g++-lite-arm-2011.03/bin/../lib/gcc/arm-none-eabi/4.5.2\libgcc.a(_clzsi2.o)
 COMMON         0x0c106ef8      0x80c ./lab12-queue.o
                0x0c106ef8                scancode
                0x0c106efc                fifo
 COMMON         0x0c107704     0x9600 ../../BSP/Debug\libBSP.a(lcd.o)
                0x0c107704                lcd_buffer
                0x0c110d04                end = .
OUTPUT(lab12-queue.elf elf32-littlearm)

.debug_abbrev   0x00000000      0x9c2
 .debug_abbrev  0x00000000      0x192 ./lab12-queue.o
 .debug_abbrev  0x00000192       0xe9 ../../BSP/Debug\libBSP.a(keypad.o)
 .debug_abbrev  0x0000027b      0x160 ../../BSP/Debug\libBSP.a(lcd.o)
 .debug_abbrev  0x000003db       0x8b ../../BSP/Debug\libBSP.a(leds.o)
 .debug_abbrev  0x00000466       0xc3 ../../BSP/Debug\libBSP.a(pbs.o)
 .debug_abbrev  0x00000529       0xbe ../../BSP/Debug\libBSP.a(rtc.o)
 .debug_abbrev  0x000005e7       0xb3 ../../BSP/Debug\libBSP.a(segs.o)
 .debug_abbrev  0x0000069a       0xeb ../../BSP/Debug\libBSP.a(system.o)
 .debug_abbrev  0x00000785       0xdd ../../BSP/Debug\libBSP.a(timers.o)
 .debug_abbrev  0x00000862       0xfd ../../BSP/Debug\libBSP.a(uart.o)
 .debug_abbrev  0x0000095f       0x63 ../../BSP/Debug\libBSP.a(font8x16.o)

.debug_info     0x00000000     0x1e59
 .debug_info    0x00000000      0x4ff ./lab12-queue.o
 .debug_info    0x000004ff      0x1c2 ../../BSP/Debug\libBSP.a(keypad.o)
 .debug_info    0x000006c1      0x7c8 ../../BSP/Debug\libBSP.a(lcd.o)
 .debug_info    0x00000e89      0x12d ../../BSP/Debug\libBSP.a(leds.o)
 .debug_info    0x00000fb6      0x1b3 ../../BSP/Debug\libBSP.a(pbs.o)
 .debug_info    0x00001169      0x1ac ../../BSP/Debug\libBSP.a(rtc.o)
 .debug_info    0x00001315      0x10d ../../BSP/Debug\libBSP.a(segs.o)
 .debug_info    0x00001422      0x423 ../../BSP/Debug\libBSP.a(system.o)
 .debug_info    0x00001845      0x2c7 ../../BSP/Debug\libBSP.a(timers.o)
 .debug_info    0x00001b0c      0x2b8 ../../BSP/Debug\libBSP.a(uart.o)
 .debug_info    0x00001dc4       0x95 ../../BSP/Debug\libBSP.a(font8x16.o)

.debug_line     0x00000000      0xcee
 .debug_line    0x00000000      0x19a ./lab12-queue.o
 .debug_line    0x0000019a      0x114 ../../BSP/Debug\libBSP.a(keypad.o)
 .debug_line    0x000002ae      0x1f7 ../../BSP/Debug\libBSP.a(lcd.o)
 .debug_line    0x000004a5       0x89 ../../BSP/Debug\libBSP.a(leds.o)
 .debug_line    0x0000052e      0x100 ../../BSP/Debug\libBSP.a(pbs.o)
 .debug_line    0x0000062e       0xec ../../BSP/Debug\libBSP.a(rtc.o)
 .debug_line    0x0000071a       0x93 ../../BSP/Debug\libBSP.a(segs.o)
 .debug_line    0x000007ad      0x23c ../../BSP/Debug\libBSP.a(system.o)
 .debug_line    0x000009e9      0x191 ../../BSP/Debug\libBSP.a(timers.o)
 .debug_line    0x00000b7a      0x11e ../../BSP/Debug\libBSP.a(uart.o)
 .debug_line    0x00000c98       0x56 ../../BSP/Debug\libBSP.a(font8x16.o)

.debug_macinfo  0x00000000    0x31b3e
 .debug_macinfo
                0x00000000     0x5574 ./lab12-queue.o
 .debug_macinfo
                0x00005574     0x4eba ../../BSP/Debug\libBSP.a(keypad.o)
 .debug_macinfo
                0x0000a42e     0x439b ../../BSP/Debug\libBSP.a(lcd.o)
 .debug_macinfo
                0x0000e7c9     0x432c ../../BSP/Debug\libBSP.a(leds.o)
 .debug_macinfo
                0x00012af5     0x4d91 ../../BSP/Debug\libBSP.a(pbs.o)
 .debug_macinfo
                0x00017886     0x4cee ../../BSP/Debug\libBSP.a(rtc.o)
 .debug_macinfo
                0x0001c574     0x4d01 ../../BSP/Debug\libBSP.a(segs.o)
 .debug_macinfo
                0x00021275     0x5568 ../../BSP/Debug\libBSP.a(system.o)
 .debug_macinfo
                0x000267dd     0x4d1b ../../BSP/Debug\libBSP.a(timers.o)
 .debug_macinfo
                0x0002b4f8     0x430d ../../BSP/Debug\libBSP.a(uart.o)
 .debug_macinfo
                0x0002f805     0x2339 ../../BSP/Debug\libBSP.a(font8x16.o)

.debug_loc      0x00000000     0x1600
 .debug_loc     0x00000000      0x2ec ./lab12-queue.o
 .debug_loc     0x000002ec      0x160 ../../BSP/Debug\libBSP.a(keypad.o)
 .debug_loc     0x0000044c      0x344 ../../BSP/Debug\libBSP.a(lcd.o)
 .debug_loc     0x00000790       0xdc ../../BSP/Debug\libBSP.a(leds.o)
 .debug_loc     0x0000086c      0x160 ../../BSP/Debug\libBSP.a(pbs.o)
 .debug_loc     0x000009cc       0xdc ../../BSP/Debug\libBSP.a(rtc.o)
 .debug_loc     0x00000aa8       0xb0 ../../BSP/Debug\libBSP.a(segs.o)
 .debug_loc     0x00000b58      0x688 ../../BSP/Debug\libBSP.a(system.o)
 .debug_loc     0x000011e0      0x294 ../../BSP/Debug\libBSP.a(timers.o)
 .debug_loc     0x00001474      0x18c ../../BSP/Debug\libBSP.a(uart.o)

.debug_pubnames
                0x00000000      0x8ea
 .debug_pubnames
                0x00000000       0xf6 ./lab12-queue.o
 .debug_pubnames
                0x000000f6       0xab ../../BSP/Debug\libBSP.a(keypad.o)
 .debug_pubnames
                0x000001a1      0x150 ../../BSP/Debug\libBSP.a(lcd.o)
 .debug_pubnames
                0x000002f1       0x55 ../../BSP/Debug\libBSP.a(leds.o)
 .debug_pubnames
                0x00000346       0x8e ../../BSP/Debug\libBSP.a(pbs.o)
 .debug_pubnames
                0x000003d4       0x5a ../../BSP/Debug\libBSP.a(rtc.o)
 .debug_pubnames
                0x0000042e       0x4e ../../BSP/Debug\libBSP.a(segs.o)
 .debug_pubnames
                0x0000047c      0x29d ../../BSP/Debug\libBSP.a(system.o)
 .debug_pubnames
                0x00000719      0x10f ../../BSP/Debug\libBSP.a(timers.o)
 .debug_pubnames
                0x00000828       0xa7 ../../BSP/Debug\libBSP.a(uart.o)
 .debug_pubnames
                0x000008cf       0x1b ../../BSP/Debug\libBSP.a(font8x16.o)

.debug_pubtypes
                0x00000000      0x24c
 .debug_pubtypes
                0x00000000       0x6a ./lab12-queue.o
 .debug_pubtypes
                0x0000006a       0x32 ../../BSP/Debug\libBSP.a(keypad.o)
 .debug_pubtypes
                0x0000009c       0x48 ../../BSP/Debug\libBSP.a(lcd.o)
 .debug_pubtypes
                0x000000e4       0x27 ../../BSP/Debug\libBSP.a(leds.o)
 .debug_pubtypes
                0x0000010b       0x32 ../../BSP/Debug\libBSP.a(pbs.o)
 .debug_pubtypes
                0x0000013d       0x36 ../../BSP/Debug\libBSP.a(rtc.o)
 .debug_pubtypes
                0x00000173       0x1c ../../BSP/Debug\libBSP.a(segs.o)
 .debug_pubtypes
                0x0000018f       0x27 ../../BSP/Debug\libBSP.a(system.o)
 .debug_pubtypes
                0x000001b6       0x3d ../../BSP/Debug\libBSP.a(timers.o)
 .debug_pubtypes
                0x000001f3       0x3d ../../BSP/Debug\libBSP.a(uart.o)
 .debug_pubtypes
                0x00000230       0x1c ../../BSP/Debug\libBSP.a(font8x16.o)

.debug_aranges  0x00000000      0x140
 .debug_aranges
                0x00000000       0x20 ./lab12-queue.o
 .debug_aranges
                0x00000020       0x20 ../../BSP/Debug\libBSP.a(keypad.o)
 .debug_aranges
                0x00000040       0x20 ../../BSP/Debug\libBSP.a(lcd.o)
 .debug_aranges
                0x00000060       0x20 ../../BSP/Debug\libBSP.a(leds.o)
 .debug_aranges
                0x00000080       0x20 ../../BSP/Debug\libBSP.a(pbs.o)
 .debug_aranges
                0x000000a0       0x20 ../../BSP/Debug\libBSP.a(rtc.o)
 .debug_aranges
                0x000000c0       0x20 ../../BSP/Debug\libBSP.a(segs.o)
 .debug_aranges
                0x000000e0       0x20 ../../BSP/Debug\libBSP.a(system.o)
 .debug_aranges
                0x00000100       0x20 ../../BSP/Debug\libBSP.a(timers.o)
 .debug_aranges
                0x00000120       0x20 ../../BSP/Debug\libBSP.a(uart.o)

.debug_str      0x00000000      0x91b
 .debug_str     0x00000000      0x1db ./lab12-queue.o
                                0x210 (size before relaxing)
 .debug_str     0x000001db       0xa8 ../../BSP/Debug\libBSP.a(keypad.o)
                                0x131 (size before relaxing)
 .debug_str     0x00000283      0x162 ../../BSP/Debug\libBSP.a(lcd.o)
                                0x221 (size before relaxing)
 .debug_str     0x000003e5       0x3d ../../BSP/Debug\libBSP.a(leds.o)
                                 0xd6 (size before relaxing)
 .debug_str     0x00000422       0x69 ../../BSP/Debug\libBSP.a(pbs.o)
                                0x112 (size before relaxing)
 .debug_str     0x0000048b       0x4c ../../BSP/Debug\libBSP.a(rtc.o)
                                0x10d (size before relaxing)
 .debug_str     0x000004d7       0x43 ../../BSP/Debug\libBSP.a(segs.o)
                                 0xdb (size before relaxing)
 .debug_str     0x0000051a      0x26a ../../BSP/Debug\libBSP.a(system.o)
                                0x303 (size before relaxing)
 .debug_str     0x00000784       0xf9 ../../BSP/Debug\libBSP.a(timers.o)
                                0x19e (size before relaxing)
 .debug_str     0x0000087d       0x8c ../../BSP/Debug\libBSP.a(uart.o)
                                0x147 (size before relaxing)
 .debug_str     0x00000909       0x12 ../../BSP/Debug\libBSP.a(font8x16.o)
                                 0xa9 (size before relaxing)

.comment        0x00000000       0x2a
 .comment       0x00000000       0x2a ./lab12-queue.o
                                 0x2b (size before relaxing)
 .comment       0x00000000       0x2b ../../BSP/Debug\libBSP.a(keypad.o)
 .comment       0x00000000       0x2b ../../BSP/Debug\libBSP.a(lcd.o)
 .comment       0x00000000       0x2b ../../BSP/Debug\libBSP.a(leds.o)
 .comment       0x00000000       0x2b ../../BSP/Debug\libBSP.a(pbs.o)
 .comment       0x00000000       0x2b ../../BSP/Debug\libBSP.a(rtc.o)
 .comment       0x00000000       0x2b ../../BSP/Debug\libBSP.a(segs.o)
 .comment       0x00000000       0x2b ../../BSP/Debug\libBSP.a(system.o)
 .comment       0x00000000       0x2b ../../BSP/Debug\libBSP.a(timers.o)
 .comment       0x00000000       0x2b ../../BSP/Debug\libBSP.a(uart.o)
 .comment       0x00000000       0x2b ../../BSP/Debug\libBSP.a(font8x16.o)

.ARM.attributes
                0x00000000       0x32
 .ARM.attributes
                0x00000000       0x32 ./lab12-queue.o
 .ARM.attributes
                0x00000032       0x32 ../../BSP/Debug\libBSP.a(keypad.o)
 .ARM.attributes
                0x00000064       0x32 ../../BSP/Debug\libBSP.a(lcd.o)
 .ARM.attributes
                0x00000096       0x32 ../../BSP/Debug\libBSP.a(leds.o)
 .ARM.attributes
                0x000000c8       0x32 ../../BSP/Debug\libBSP.a(pbs.o)
 .ARM.attributes
                0x000000fa       0x32 ../../BSP/Debug\libBSP.a(rtc.o)
 .ARM.attributes
                0x0000012c       0x32 ../../BSP/Debug\libBSP.a(segs.o)
 .ARM.attributes
                0x0000015e       0x32 ../../BSP/Debug\libBSP.a(system.o)
 .ARM.attributes
                0x00000190       0x32 ../../BSP/Debug\libBSP.a(timers.o)
 .ARM.attributes
                0x000001c2       0x32 ../../BSP/Debug\libBSP.a(uart.o)
 .ARM.attributes
                0x000001f4       0x32 ../../BSP/Debug\libBSP.a(font8x16.o)
 .ARM.attributes
                0x00000226       0x1a c:/software/electronica/arm/eclipsearm/sourcery-g++-lite-arm-2011.03/bin/../lib/gcc/arm-none-eabi/4.5.2\libgcc.a(_udivsi3.o)
 .ARM.attributes
                0x00000240       0x18 c:/software/electronica/arm/eclipsearm/sourcery-g++-lite-arm-2011.03/bin/../lib/gcc/arm-none-eabi/4.5.2\libgcc.a(_dvmd_tls.o)
 .ARM.attributes
                0x00000258       0x1a c:/software/electronica/arm/eclipsearm/sourcery-g++-lite-arm-2011.03/bin/../lib/gcc/arm-none-eabi/4.5.2\libgcc.a(_aeabi_uldivmod.o)
 .ARM.attributes
                0x00000272       0x34 c:/software/electronica/arm/eclipsearm/sourcery-g++-lite-arm-2011.03/bin/../lib/gcc/arm-none-eabi/4.5.2\libgcc.a(bpabi.o)
 .ARM.attributes
                0x000002a6       0x34 c:/software/electronica/arm/eclipsearm/sourcery-g++-lite-arm-2011.03/bin/../lib/gcc/arm-none-eabi/4.5.2\libgcc.a(_divdi3.o)
 .ARM.attributes
                0x000002da       0x34 c:/software/electronica/arm/eclipsearm/sourcery-g++-lite-arm-2011.03/bin/../lib/gcc/arm-none-eabi/4.5.2\libgcc.a(_udivdi3.o)
 .ARM.attributes
                0x0000030e       0x1a c:/software/electronica/arm/eclipsearm/sourcery-g++-lite-arm-2011.03/bin/../lib/gcc/arm-none-eabi/4.5.2\libgcc.a(_clzsi2.o)

.debug_frame    0x00000000     0x1328
 .debug_frame   0x00000000      0x248 ./lab12-queue.o
 .debug_frame   0x00000248      0x110 ../../BSP/Debug\libBSP.a(keypad.o)
 .debug_frame   0x00000358      0x270 ../../BSP/Debug\libBSP.a(lcd.o)
 .debug_frame   0x000005c8       0xb0 ../../BSP/Debug\libBSP.a(leds.o)
 .debug_frame   0x00000678      0x110 ../../BSP/Debug\libBSP.a(pbs.o)
 .debug_frame   0x00000788       0xb0 ../../BSP/Debug\libBSP.a(rtc.o)
 .debug_frame   0x00000838       0x90 ../../BSP/Debug\libBSP.a(segs.o)
 .debug_frame   0x000008c8      0x650 ../../BSP/Debug\libBSP.a(system.o)
 .debug_frame   0x00000f18      0x1f8 ../../BSP/Debug\libBSP.a(timers.o)
 .debug_frame   0x00001110      0x130 ../../BSP/Debug\libBSP.a(uart.o)
 .debug_frame   0x00001240       0x20 c:/software/electronica/arm/eclipsearm/sourcery-g++-lite-arm-2011.03/bin/../lib/gcc/arm-none-eabi/4.5.2\libgcc.a(_udivsi3.o)
 .debug_frame   0x00001260       0x50 c:/software/electronica/arm/eclipsearm/sourcery-g++-lite-arm-2011.03/bin/../lib/gcc/arm-none-eabi/4.5.2\libgcc.a(bpabi.o)
 .debug_frame   0x000012b0       0x3c c:/software/electronica/arm/eclipsearm/sourcery-g++-lite-arm-2011.03/bin/../lib/gcc/arm-none-eabi/4.5.2\libgcc.a(_divdi3.o)
 .debug_frame   0x000012ec       0x3c c:/software/electronica/arm/eclipsearm/sourcery-g++-lite-arm-2011.03/bin/../lib/gcc/arm-none-eabi/4.5.2\libgcc.a(_udivdi3.o)
