Archive member included because of file (symbol)

../../BSP/Debug\libBSP.a(uart.o)
                              ./lab4.o (uart0_init)

Memory Configuration

Name             Origin             Length             Attributes
*default*        0x00000000         0xffffffff

Linker script and memory map

LOAD ./lab4.o
LOAD ./systemLab4.o
LOAD ../../BSP/Debug\libBSP.a
START GROUP
LOAD c:/software/electronica/arm/eclipsearm/sourcery-g++-lite-arm-2011.03/bin/../lib/gcc/arm-none-eabi/4.5.2\libgcc.a
LOAD c:/software/electronica/arm/eclipsearm/sourcery-g++-lite-arm-2011.03/bin/../lib/gcc/arm-none-eabi/4.5.2/../../../../arm-none-eabi/lib\libc.a
END GROUP
                0x0c100000                . = 0xc100000

.text           0x0c100000      0xb10
 *(.text)
 .text          0x0c100000      0x32c ./lab4.o
                0x0c100000                main
 .text          0x0c10032c      0x224 ./systemLab4.o
                0x0c1004b4                sys_init
 .text          0x0c100550      0x5c0 ../../BSP/Debug\libBSP.a(uart.o)
                0x0c100550                uart0_init
                0x0c1005b4                uart0_putchar
                0x0c100604                uart0_getchar
                0x0c10064c                uart0_puts
                0x0c10069c                uart0_putint
                0x0c1007d4                uart0_puthex
                0x0c10088c                uart0_gets
                0x0c1008f8                uart0_getint
                0x0c100a0c                uart0_gethex

.glue_7         0x0c100b10        0x0
 .glue_7        0x00000000        0x0 linker stubs

.glue_7t        0x0c100b10        0x0
 .glue_7t       0x00000000        0x0 linker stubs

.vfp11_veneer   0x0c100b10        0x0
 .vfp11_veneer  0x00000000        0x0 linker stubs

.v4_bx          0x0c100b10        0x0
 .v4_bx         0x00000000        0x0 linker stubs

.rodata         0x0c100b10      0x2e0
 *(.rodata)
 .rodata        0x0c100b10      0x2e0 ./lab4.o

.data           0x0c100df0        0x0
 *(.data)
 .data          0x0c100df0        0x0 ./lab4.o
 .data          0x0c100df0        0x0 ./systemLab4.o
 .data          0x0c100df0        0x0 ../../BSP/Debug\libBSP.a(uart.o)

.bss            0x0c100df0        0x0
 *(.bss)
 .bss           0x0c100df0        0x0 ./lab4.o
 .bss           0x0c100df0        0x0 ./systemLab4.o
 .bss           0x0c100df0        0x0 ../../BSP/Debug\libBSP.a(uart.o)
                0x0c100df0                end = .
OUTPUT(lab4.elf elf32-littlearm)

.debug_abbrev   0x00000000      0x1cf
 .debug_abbrev  0x00000000       0x64 ./lab4.o
 .debug_abbrev  0x00000064       0x61 ./systemLab4.o
 .debug_abbrev  0x000000c5      0x10a ../../BSP/Debug\libBSP.a(uart.o)

.debug_info     0x00000000      0x3f9
 .debug_info    0x00000000       0xa0 ./lab4.o
 .debug_info    0x000000a0       0x96 ./systemLab4.o
 .debug_info    0x00000136      0x2c3 ../../BSP/Debug\libBSP.a(uart.o)

.debug_line     0x00000000      0x286
 .debug_line    0x00000000       0xc3 ./lab4.o
 .debug_line    0x000000c3       0xa5 ./systemLab4.o
 .debug_line    0x00000168      0x11e ../../BSP/Debug\libBSP.a(uart.o)

.debug_macinfo  0x00000000     0xa97b
 .debug_macinfo
                0x00000000     0x235f ./lab4.o
 .debug_macinfo
                0x0000235f     0x430f ./systemLab4.o
 .debug_macinfo
                0x0000666e     0x430d ../../BSP/Debug\libBSP.a(uart.o)

.debug_loc      0x00000000      0x210
 .debug_loc     0x00000000       0x2c ./lab4.o
 .debug_loc     0x0000002c       0x58 ./systemLab4.o
 .debug_loc     0x00000084      0x18c ../../BSP/Debug\libBSP.a(uart.o)

.debug_pubnames
                0x00000000       0xe1
 .debug_pubnames
                0x00000000       0x1b ./lab4.o
 .debug_pubnames
                0x0000001b       0x1f ./systemLab4.o
 .debug_pubnames
                0x0000003a       0xa7 ../../BSP/Debug\libBSP.a(uart.o)

.debug_pubtypes
                0x00000000       0x6c
 .debug_pubtypes
                0x00000000       0x12 ./lab4.o
 .debug_pubtypes
                0x00000012       0x1d ./systemLab4.o
 .debug_pubtypes
                0x0000002f       0x3d ../../BSP/Debug\libBSP.a(uart.o)

.debug_aranges  0x00000000       0x60
 .debug_aranges
                0x00000000       0x20 ./lab4.o
 .debug_aranges
                0x00000020       0x20 ./systemLab4.o
 .debug_aranges
                0x00000040       0x20 ../../BSP/Debug\libBSP.a(uart.o)

.debug_str      0x00000000      0x173
 .debug_str     0x00000000       0x83 ./lab4.o
                                 0xa1 (size before relaxing)
 .debug_str     0x00000083       0x2a ./systemLab4.o
                                 0xb7 (size before relaxing)
 .debug_str     0x000000ad       0xc6 ../../BSP/Debug\libBSP.a(uart.o)
                                0x14d (size before relaxing)

.comment        0x00000000       0x2a
 .comment       0x00000000       0x2a ./lab4.o
                                 0x2b (size before relaxing)
 .comment       0x00000000       0x2b ./systemLab4.o
 .comment       0x00000000       0x2b ../../BSP/Debug\libBSP.a(uart.o)

.ARM.attributes
                0x00000000       0x32
 .ARM.attributes
                0x00000000       0x32 ./lab4.o
 .ARM.attributes
                0x00000032       0x32 ./systemLab4.o
 .ARM.attributes
                0x00000064       0x32 ../../BSP/Debug\libBSP.a(uart.o)

.debug_frame    0x00000000      0x1b0
 .debug_frame   0x00000000       0x30 ./lab4.o
 .debug_frame   0x00000030       0x50 ./systemLab4.o
 .debug_frame   0x00000080      0x130 ../../BSP/Debug\libBSP.a(uart.o)
