Archive member included because of file (symbol)

../../BSP/Debug\libBSP.a(lcd.o)
                              ./lab10.o (lcd_init)
../../BSP/Debug\libBSP.a(system.o)
                              ./lab10.o (sys_init)
../../BSP/Debug\libBSP.a(timers.o)
                              ./lab10.o (timers_init)
../../BSP/Debug\libBSP.a(ts.o)
                              ./lab10.o (ts_init)
../../BSP/Debug\libBSP.a(uart.o)
                              ./lab10.o (uart0_init)
../../BSP/Debug\libBSP.a(adc.o)
                              ../../BSP/Debug\libBSP.a(ts.o) (adc_init)
../../BSP/Debug\libBSP.a(font8x16.o)
                              ../../BSP/Debug\libBSP.a(lcd.o) (font)
../../BSP/Debug\libBSP.a(segs.o)
                              ../../BSP/Debug\libBSP.a(system.o) (segs_init)
c:/software/electronica/arm/eclipsearm/sourcery-g++-lite-arm-2011.03/bin/../lib/gcc/arm-none-eabi/4.5.2\libgcc.a(_udivsi3.o)
                              ../../BSP/Debug\libBSP.a(timers.o) (__aeabi_uidiv)
c:/software/electronica/arm/eclipsearm/sourcery-g++-lite-arm-2011.03/bin/../lib/gcc/arm-none-eabi/4.5.2\libgcc.a(_divsi3.o)
                              ../../BSP/Debug\libBSP.a(ts.o) (__aeabi_idiv)
c:/software/electronica/arm/eclipsearm/sourcery-g++-lite-arm-2011.03/bin/../lib/gcc/arm-none-eabi/4.5.2\libgcc.a(_dvmd_tls.o)
                              c:/software/electronica/arm/eclipsearm/sourcery-g++-lite-arm-2011.03/bin/../lib/gcc/arm-none-eabi/4.5.2\libgcc.a(_udivsi3.o) (__aeabi_idiv0)
c:/software/electronica/arm/eclipsearm/sourcery-g++-lite-arm-2011.03/bin/../lib/gcc/arm-none-eabi/4.5.2\libgcc.a(_aeabi_uldivmod.o)
                              ../../BSP/Debug\libBSP.a(timers.o) (__aeabi_uldivmod)
c:/software/electronica/arm/eclipsearm/sourcery-g++-lite-arm-2011.03/bin/../lib/gcc/arm-none-eabi/4.5.2\libgcc.a(bpabi.o)
                              c:/software/electronica/arm/eclipsearm/sourcery-g++-lite-arm-2011.03/bin/../lib/gcc/arm-none-eabi/4.5.2\libgcc.a(_aeabi_uldivmod.o) (__gnu_uldivmod_helper)
c:/software/electronica/arm/eclipsearm/sourcery-g++-lite-arm-2011.03/bin/../lib/gcc/arm-none-eabi/4.5.2\libgcc.a(_divdi3.o)
                              c:/software/electronica/arm/eclipsearm/sourcery-g++-lite-arm-2011.03/bin/../lib/gcc/arm-none-eabi/4.5.2\libgcc.a(bpabi.o) (__divdi3)
c:/software/electronica/arm/eclipsearm/sourcery-g++-lite-arm-2011.03/bin/../lib/gcc/arm-none-eabi/4.5.2\libgcc.a(_udivdi3.o)
                              c:/software/electronica/arm/eclipsearm/sourcery-g++-lite-arm-2011.03/bin/../lib/gcc/arm-none-eabi/4.5.2\libgcc.a(bpabi.o) (__udivdi3)
c:/software/electronica/arm/eclipsearm/sourcery-g++-lite-arm-2011.03/bin/../lib/gcc/arm-none-eabi/4.5.2\libgcc.a(_clzsi2.o)
                              c:/software/electronica/arm/eclipsearm/sourcery-g++-lite-arm-2011.03/bin/../lib/gcc/arm-none-eabi/4.5.2\libgcc.a(_divdi3.o) (__clzsi2)

Allocating common symbols
Common symbol       size              file

lcd_buffer          0x9600            ../../BSP/Debug\libBSP.a(lcd.o)

Memory Configuration

Name             Origin             Length             Attributes
*default*        0x00000000         0xffffffff

Linker script and memory map

LOAD ./lab10.o
LOAD ../../BSP/Debug\libBSP.a
START GROUP
LOAD c:/software/electronica/arm/eclipsearm/sourcery-g++-lite-arm-2011.03/bin/../lib/gcc/arm-none-eabi/4.5.2\libgcc.a
LOAD c:/software/electronica/arm/eclipsearm/sourcery-g++-lite-arm-2011.03/bin/../lib/gcc/arm-none-eabi/4.5.2/../../../../arm-none-eabi/lib\libc.a
END GROUP
                0x0c100000                . = 0xc100000

.text           0x0c100000     0x5000
 *(.text)
 .text          0x0c100000      0xac8 ./lab10.o
                0x0c100000                main
                0x0c100728                lcd_draw_grid
 .text          0x0c100ac8      0xfe8 ../../BSP/Debug\libBSP.a(lcd.o)
                0x0c100ac8                lcd_init
                0x0c100c4c                lcd_on
                0x0c100c88                lcd_off
                0x0c100cc4                lcd_status
                0x0c100cec                lcd_clear
                0x0c100d48                lcd_putpixel
                0x0c100e34                lcd_getpixel
                0x0c100eb0                lcd_draw_hrow
                0x0c100f54                lcd_draw_vrow
                0x0c100ff8                lcd_draw_box
                0x0c101094                lcd_putchar
                0x0c1011e8                lcd_puts
                0x0c101274                lcd_putint
                0x0c1013ec                lcd_puthex
                0x0c1014cc                lcd_putchar_x2
                0x0c101670                lcd_puts_x2
                0x0c1016fc                lcd_putint_x2
                0x0c101874                lcd_puthex_x2
                0x0c101954                lcd_putWallpaper
 .text          0x0c101ab0      0xde4 ../../BSP/Debug\libBSP.a(system.o)
                0x0c101ab0                sys_init
                0x0c102020                isr_SWI_dummy
                0x0c10204c                isr_UNDEF_dummy
                0x0c102078                isr_IRQ_dummy
                0x0c1020a4                isr_FIQ_dummy
                0x0c1020d0                isr_PABORT_dummy
                0x0c1020fc                isr_DABORT_dummy
                0x0c102128                isr_ADC_dummy
                0x0c102154                isr_RTC_dummy
                0x0c102180                isr_UTXD1_dummy
                0x0c1021ac                isr_UTXD0_dummy
                0x0c1021d8                isr_SIO_dummy
                0x0c102204                isr_IIC_dummy
                0x0c102230                isr_URXD1_dummy
                0x0c10225c                isr_URXD0_dummy
                0x0c102288                isr_TIMER5_dummy
                0x0c1022b4                isr_TIMER4_dummy
                0x0c1022e0                isr_TIMER3_dummy
                0x0c10230c                isr_TIMER2_dummy
                0x0c102338                isr_TIMER1_dummy
                0x0c102364                isr_TIMER0_dummy
                0x0c102390                isr_UERR01_dummy
                0x0c1023bc                isr_WDT_dummy
                0x0c1023e8                isr_BDMA1_dummy
                0x0c102414                isr_BDMA0_dummy
                0x0c102440                isr_ZDMA1_dummy
                0x0c10246c                isr_ZDMA0_dummy
                0x0c102498                isr_TICK_dummy
                0x0c1024c4                isr_PB_dummy
                0x0c1024f0                isr_ETHERNET_dummy
                0x0c10251c                isr_TS_dummy
                0x0c102548                isr_KEYPAD_dummy
                0x0c102574                isr_USB_dummy
                0x0c102644                sleep
 .text          0x0c102894      0xa50 ../../BSP/Debug\libBSP.a(timers.o)
                0x0c102894                timers_init
                0x0c102a54                wait_for_1ms
                0x0c102b0c                wait_for_1s
                0x0c102bd0                timer3_delay_ms
                0x0c102c14                sw_delay_ms
                0x0c102c6c                timer3_delay_s
                0x0c102cb0                sw_delay_s
                0x0c102d08                timer3_start
                0x0c102db8                timer3_stop
                0x0c102e0c                timer3_start_timeout
                0x0c102ec4                timer3_timeout
                0x0c102f00                timer0_open_tick
                0x0c10313c                timer0_open_ms
                0x0c103248                timer0_close
 .text          0x0c1032e4      0x7e0 ../../BSP/Debug\libBSP.a(ts.o)
                0x0c1032e4                ts_init
                0x0c10332c                ts_on
                0x0c103358                ts_off
                0x0c103384                ts_status
                0x0c1033ac                ts_pressed
                0x0c1035f0                ts_getpos
                0x0c10367c                ts_getpostime
                0x0c10373c                ts_timeout_getpos
                0x0c103a20                ts_open
                0x0c103a80                ts_close
 .text          0x0c103ac4      0x5c0 ../../BSP/Debug\libBSP.a(uart.o)
                0x0c103ac4                uart0_init
                0x0c103b28                uart0_putchar
                0x0c103b78                uart0_getchar
                0x0c103bc0                uart0_puts
                0x0c103c10                uart0_putint
                0x0c103d48                uart0_puthex
                0x0c103e00                uart0_gets
                0x0c103e6c                uart0_getint
                0x0c103f80                uart0_gethex
 .text          0x0c104084      0x268 ../../BSP/Debug\libBSP.a(adc.o)
                0x0c104084                adc_init
                0x0c1040b0                adc_on
                0x0c1040f4                adc_off
                0x0c104130                adc_status
                0x0c104158                adc_getSample
                0x0c104250                adc_open
                0x0c1042a8                adc_close
 .text          0x0c1042ec        0x0 ../../BSP/Debug\libBSP.a(font8x16.o)
 .text          0x0c1042ec       0xd4 ../../BSP/Debug\libBSP.a(segs.o)
                0x0c1042ec                segs_init
                0x0c104308                segs_off
                0x0c104340                segs_putchar
                0x0c104398                segs_status
 .text          0x0c1043c0      0x114 c:/software/electronica/arm/eclipsearm/sourcery-g++-lite-arm-2011.03/bin/../lib/gcc/arm-none-eabi/4.5.2\libgcc.a(_udivsi3.o)
                0x0c1043c0                __aeabi_uidiv
                0x0c1043c0                __udivsi3
                0x0c1044b4                __aeabi_uidivmod
 .text          0x0c1044d4      0x148 c:/software/electronica/arm/eclipsearm/sourcery-g++-lite-arm-2011.03/bin/../lib/gcc/arm-none-eabi/4.5.2\libgcc.a(_divsi3.o)
                0x0c1044d4                __divsi3
                0x0c1044d4                __aeabi_idiv
                0x0c1045fc                __aeabi_idivmod
 .text          0x0c10461c        0x4 c:/software/electronica/arm/eclipsearm/sourcery-g++-lite-arm-2011.03/bin/../lib/gcc/arm-none-eabi/4.5.2\libgcc.a(_dvmd_tls.o)
                0x0c10461c                __aeabi_idiv0
                0x0c10461c                __aeabi_ldiv0
 .text          0x0c104620       0x3c c:/software/electronica/arm/eclipsearm/sourcery-g++-lite-arm-2011.03/bin/../lib/gcc/arm-none-eabi/4.5.2\libgcc.a(_aeabi_uldivmod.o)
                0x0c104620                __aeabi_uldivmod
 .text          0x0c10465c       0x80 c:/software/electronica/arm/eclipsearm/sourcery-g++-lite-arm-2011.03/bin/../lib/gcc/arm-none-eabi/4.5.2\libgcc.a(bpabi.o)
                0x0c10465c                __gnu_ldivmod_helper
                0x0c10469c                __gnu_uldivmod_helper
 .text          0x0c1046dc      0x4a8 c:/software/electronica/arm/eclipsearm/sourcery-g++-lite-arm-2011.03/bin/../lib/gcc/arm-none-eabi/4.5.2\libgcc.a(_divdi3.o)
                0x0c1046dc                __divdi3
 .text          0x0c104b84      0x434 c:/software/electronica/arm/eclipsearm/sourcery-g++-lite-arm-2011.03/bin/../lib/gcc/arm-none-eabi/4.5.2\libgcc.a(_udivdi3.o)
                0x0c104b84                __udivdi3
 .text          0x0c104fb8       0x48 c:/software/electronica/arm/eclipsearm/sourcery-g++-lite-arm-2011.03/bin/../lib/gcc/arm-none-eabi/4.5.2\libgcc.a(_clzsi2.o)
                0x0c104fb8                __clzsi2

.glue_7         0x0c105000        0x0
 .glue_7        0x00000000        0x0 linker stubs

.glue_7t        0x0c105000        0x0
 .glue_7t       0x00000000        0x0 linker stubs

.vfp11_veneer   0x0c105000        0x0
 .vfp11_veneer  0x00000000        0x0 linker stubs

.v4_bx          0x0c105000        0x0
 .v4_bx         0x00000000        0x0 linker stubs

.rodata         0x0c105000     0x17e0
 *(.rodata)
 .rodata        0x0c105000       0x54 ./lab10.o
 .rodata        0x0c105054      0x71c ../../BSP/Debug\libBSP.a(system.o)
 .rodata        0x0c105770       0x60 ../../BSP/Debug\libBSP.a(ts.o)
 .rodata        0x0c1057d0     0x1000 ../../BSP/Debug\libBSP.a(font8x16.o)
                0x0c1057d0                font
 .rodata        0x0c1067d0       0x10 ../../BSP/Debug\libBSP.a(segs.o)

.ARM.extab      0x0c1067e0        0x0
 .ARM.extab     0x0c1067e0        0x0 c:/software/electronica/arm/eclipsearm/sourcery-g++-lite-arm-2011.03/bin/../lib/gcc/arm-none-eabi/4.5.2\libgcc.a(_divdi3.o)
 .ARM.extab     0x0c1067e0        0x0 c:/software/electronica/arm/eclipsearm/sourcery-g++-lite-arm-2011.03/bin/../lib/gcc/arm-none-eabi/4.5.2\libgcc.a(_udivdi3.o)

.ARM.exidx      0x0c1067e0        0x8
 .ARM.exidx     0x0c1067e0        0x8 c:/software/electronica/arm/eclipsearm/sourcery-g++-lite-arm-2011.03/bin/../lib/gcc/arm-none-eabi/4.5.2\libgcc.a(_divdi3.o)
 .ARM.exidx     0x0c1067e8        0x0 c:/software/electronica/arm/eclipsearm/sourcery-g++-lite-arm-2011.03/bin/../lib/gcc/arm-none-eabi/4.5.2\libgcc.a(_udivdi3.o)
                                  0x8 (size before relaxing)

.data           0x0c1067e8        0x0
 *(.data)
 .data          0x0c1067e8        0x0 ./lab10.o
 .data          0x0c1067e8        0x0 ../../BSP/Debug\libBSP.a(lcd.o)
 .data          0x0c1067e8        0x0 ../../BSP/Debug\libBSP.a(system.o)
 .data          0x0c1067e8        0x0 ../../BSP/Debug\libBSP.a(timers.o)
 .data          0x0c1067e8        0x0 ../../BSP/Debug\libBSP.a(ts.o)
 .data          0x0c1067e8        0x0 ../../BSP/Debug\libBSP.a(uart.o)
 .data          0x0c1067e8        0x0 ../../BSP/Debug\libBSP.a(adc.o)
 .data          0x0c1067e8        0x0 ../../BSP/Debug\libBSP.a(font8x16.o)
 .data          0x0c1067e8        0x0 ../../BSP/Debug\libBSP.a(segs.o)
 .data          0x0c1067e8        0x0 c:/software/electronica/arm/eclipsearm/sourcery-g++-lite-arm-2011.03/bin/../lib/gcc/arm-none-eabi/4.5.2\libgcc.a(_udivsi3.o)
 .data          0x0c1067e8        0x0 c:/software/electronica/arm/eclipsearm/sourcery-g++-lite-arm-2011.03/bin/../lib/gcc/arm-none-eabi/4.5.2\libgcc.a(_divsi3.o)
 .data          0x0c1067e8        0x0 c:/software/electronica/arm/eclipsearm/sourcery-g++-lite-arm-2011.03/bin/../lib/gcc/arm-none-eabi/4.5.2\libgcc.a(_dvmd_tls.o)
 .data          0x0c1067e8        0x0 c:/software/electronica/arm/eclipsearm/sourcery-g++-lite-arm-2011.03/bin/../lib/gcc/arm-none-eabi/4.5.2\libgcc.a(_aeabi_uldivmod.o)
 .data          0x0c1067e8        0x0 c:/software/electronica/arm/eclipsearm/sourcery-g++-lite-arm-2011.03/bin/../lib/gcc/arm-none-eabi/4.5.2\libgcc.a(bpabi.o)
 .data          0x0c1067e8        0x0 c:/software/electronica/arm/eclipsearm/sourcery-g++-lite-arm-2011.03/bin/../lib/gcc/arm-none-eabi/4.5.2\libgcc.a(_divdi3.o)
 .data          0x0c1067e8        0x0 c:/software/electronica/arm/eclipsearm/sourcery-g++-lite-arm-2011.03/bin/../lib/gcc/arm-none-eabi/4.5.2\libgcc.a(_udivdi3.o)
 .data          0x0c1067e8        0x0 c:/software/electronica/arm/eclipsearm/sourcery-g++-lite-arm-2011.03/bin/../lib/gcc/arm-none-eabi/4.5.2\libgcc.a(_clzsi2.o)

.bss            0x0c1067e8     0x9618
 *(.bss)
 .bss           0x0c1067e8        0x0 ./lab10.o
 .bss           0x0c1067e8        0x1 ../../BSP/Debug\libBSP.a(lcd.o)
 .bss           0x0c1067e9        0x0 ../../BSP/Debug\libBSP.a(system.o)
 *fill*         0x0c1067e9        0x3 00
 .bss           0x0c1067ec        0x8 ../../BSP/Debug\libBSP.a(timers.o)
 .bss           0x0c1067f4        0xa ../../BSP/Debug\libBSP.a(ts.o)
 .bss           0x0c1067fe        0x0 ../../BSP/Debug\libBSP.a(uart.o)
 .bss           0x0c1067fe        0x1 ../../BSP/Debug\libBSP.a(adc.o)
 .bss           0x0c1067ff        0x0 ../../BSP/Debug\libBSP.a(font8x16.o)
 .bss           0x0c1067ff        0x1 ../../BSP/Debug\libBSP.a(segs.o)
 .bss           0x0c106800        0x0 c:/software/electronica/arm/eclipsearm/sourcery-g++-lite-arm-2011.03/bin/../lib/gcc/arm-none-eabi/4.5.2\libgcc.a(_udivsi3.o)
 .bss           0x0c106800        0x0 c:/software/electronica/arm/eclipsearm/sourcery-g++-lite-arm-2011.03/bin/../lib/gcc/arm-none-eabi/4.5.2\libgcc.a(_divsi3.o)
 .bss           0x0c106800        0x0 c:/software/electronica/arm/eclipsearm/sourcery-g++-lite-arm-2011.03/bin/../lib/gcc/arm-none-eabi/4.5.2\libgcc.a(_dvmd_tls.o)
 .bss           0x0c106800        0x0 c:/software/electronica/arm/eclipsearm/sourcery-g++-lite-arm-2011.03/bin/../lib/gcc/arm-none-eabi/4.5.2\libgcc.a(_aeabi_uldivmod.o)
 .bss           0x0c106800        0x0 c:/software/electronica/arm/eclipsearm/sourcery-g++-lite-arm-2011.03/bin/../lib/gcc/arm-none-eabi/4.5.2\libgcc.a(bpabi.o)
 .bss           0x0c106800        0x0 c:/software/electronica/arm/eclipsearm/sourcery-g++-lite-arm-2011.03/bin/../lib/gcc/arm-none-eabi/4.5.2\libgcc.a(_divdi3.o)
 .bss           0x0c106800        0x0 c:/software/electronica/arm/eclipsearm/sourcery-g++-lite-arm-2011.03/bin/../lib/gcc/arm-none-eabi/4.5.2\libgcc.a(_udivdi3.o)
 .bss           0x0c106800        0x0 c:/software/electronica/arm/eclipsearm/sourcery-g++-lite-arm-2011.03/bin/../lib/gcc/arm-none-eabi/4.5.2\libgcc.a(_clzsi2.o)
 COMMON         0x0c106800     0x9600 ../../BSP/Debug\libBSP.a(lcd.o)
                0x0c106800                lcd_buffer
                0x0c10fe00                end = .
OUTPUT(lab10.elf elf32-littlearm)

.debug_abbrev   0x00000000      0x768
 .debug_abbrev  0x00000000       0x74 ./lab10.o
 .debug_abbrev  0x00000074      0x160 ../../BSP/Debug\libBSP.a(lcd.o)
 .debug_abbrev  0x000001d4       0xeb ../../BSP/Debug\libBSP.a(system.o)
 .debug_abbrev  0x000002bf       0xdd ../../BSP/Debug\libBSP.a(timers.o)
 .debug_abbrev  0x0000039c       0xe7 ../../BSP/Debug\libBSP.a(ts.o)
 .debug_abbrev  0x00000483       0xfd ../../BSP/Debug\libBSP.a(uart.o)
 .debug_abbrev  0x00000580       0xd2 ../../BSP/Debug\libBSP.a(adc.o)
 .debug_abbrev  0x00000652       0x63 ../../BSP/Debug\libBSP.a(font8x16.o)
 .debug_abbrev  0x000006b5       0xb3 ../../BSP/Debug\libBSP.a(segs.o)

.debug_info     0x00000000     0x1888
 .debug_info    0x00000000       0xc1 ./lab10.o
 .debug_info    0x000000c1      0x7c8 ../../BSP/Debug\libBSP.a(lcd.o)
 .debug_info    0x00000889      0x423 ../../BSP/Debug\libBSP.a(system.o)
 .debug_info    0x00000cac      0x2c7 ../../BSP/Debug\libBSP.a(timers.o)
 .debug_info    0x00000f73      0x345 ../../BSP/Debug\libBSP.a(ts.o)
 .debug_info    0x000012b8      0x2b8 ../../BSP/Debug\libBSP.a(uart.o)
 .debug_info    0x00001570      0x176 ../../BSP/Debug\libBSP.a(adc.o)
 .debug_info    0x000016e6       0x95 ../../BSP/Debug\libBSP.a(font8x16.o)
 .debug_info    0x0000177b      0x10d ../../BSP/Debug\libBSP.a(segs.o)

.debug_line     0x00000000      0xba4
 .debug_line    0x00000000      0x1ab ./lab10.o
 .debug_line    0x000001ab      0x1f7 ../../BSP/Debug\libBSP.a(lcd.o)
 .debug_line    0x000003a2      0x23c ../../BSP/Debug\libBSP.a(system.o)
 .debug_line    0x000005de      0x191 ../../BSP/Debug\libBSP.a(timers.o)
 .debug_line    0x0000076f      0x166 ../../BSP/Debug\libBSP.a(ts.o)
 .debug_line    0x000008d5      0x11e ../../BSP/Debug\libBSP.a(uart.o)
 .debug_line    0x000009f3       0xc8 ../../BSP/Debug\libBSP.a(adc.o)
 .debug_line    0x00000abb       0x56 ../../BSP/Debug\libBSP.a(font8x16.o)
 .debug_line    0x00000b11       0x93 ../../BSP/Debug\libBSP.a(segs.o)

.debug_macinfo  0x00000000    0x27f04
 .debug_macinfo
                0x00000000     0x494b ./lab10.o
 .debug_macinfo
                0x0000494b     0x439b ../../BSP/Debug\libBSP.a(lcd.o)
 .debug_macinfo
                0x00008ce6     0x5568 ../../BSP/Debug\libBSP.a(system.o)
 .debug_macinfo
                0x0000e24e     0x4d1b ../../BSP/Debug\libBSP.a(timers.o)
 .debug_macinfo
                0x00012f69     0x4eb0 ../../BSP/Debug\libBSP.a(ts.o)
 .debug_macinfo
                0x00017e19     0x430d ../../BSP/Debug\libBSP.a(uart.o)
 .debug_macinfo
                0x0001c126     0x4da4 ../../BSP/Debug\libBSP.a(adc.o)
 .debug_macinfo
                0x00020eca     0x2339 ../../BSP/Debug\libBSP.a(font8x16.o)
 .debug_macinfo
                0x00023203     0x4d01 ../../BSP/Debug\libBSP.a(segs.o)

.debug_loc      0x00000000     0x1264
 .debug_loc     0x00000000       0x58 ./lab10.o
 .debug_loc     0x00000058      0x344 ../../BSP/Debug\libBSP.a(lcd.o)
 .debug_loc     0x0000039c      0x688 ../../BSP/Debug\libBSP.a(system.o)
 .debug_loc     0x00000a24      0x294 ../../BSP/Debug\libBSP.a(timers.o)
 .debug_loc     0x00000cb8      0x23c ../../BSP/Debug\libBSP.a(ts.o)
 .debug_loc     0x00000ef4      0x18c ../../BSP/Debug\libBSP.a(uart.o)
 .debug_loc     0x00001080      0x134 ../../BSP/Debug\libBSP.a(adc.o)
 .debug_loc     0x000011b4       0xb0 ../../BSP/Debug\libBSP.a(segs.o)

.debug_pubnames
                0x00000000      0x74a
 .debug_pubnames
                0x00000000       0x2d ./lab10.o
 .debug_pubnames
                0x0000002d      0x150 ../../BSP/Debug\libBSP.a(lcd.o)
 .debug_pubnames
                0x0000017d      0x29d ../../BSP/Debug\libBSP.a(system.o)
 .debug_pubnames
                0x0000041a      0x10f ../../BSP/Debug\libBSP.a(timers.o)
 .debug_pubnames
                0x00000529       0x9f ../../BSP/Debug\libBSP.a(ts.o)
 .debug_pubnames
                0x000005c8       0xa7 ../../BSP/Debug\libBSP.a(uart.o)
 .debug_pubnames
                0x0000066f       0x72 ../../BSP/Debug\libBSP.a(adc.o)
 .debug_pubnames
                0x000006e1       0x1b ../../BSP/Debug\libBSP.a(font8x16.o)
 .debug_pubnames
                0x000006fc       0x4e ../../BSP/Debug\libBSP.a(segs.o)

.debug_pubtypes
                0x00000000      0x1a2
 .debug_pubtypes
                0x00000000       0x1d ./lab10.o
 .debug_pubtypes
                0x0000001d       0x48 ../../BSP/Debug\libBSP.a(lcd.o)
 .debug_pubtypes
                0x00000065       0x27 ../../BSP/Debug\libBSP.a(system.o)
 .debug_pubtypes
                0x0000008c       0x3d ../../BSP/Debug\libBSP.a(timers.o)
 .debug_pubtypes
                0x000000c9       0x32 ../../BSP/Debug\libBSP.a(ts.o)
 .debug_pubtypes
                0x000000fb       0x3d ../../BSP/Debug\libBSP.a(uart.o)
 .debug_pubtypes
                0x00000138       0x32 ../../BSP/Debug\libBSP.a(adc.o)
 .debug_pubtypes
                0x0000016a       0x1c ../../BSP/Debug\libBSP.a(font8x16.o)
 .debug_pubtypes
                0x00000186       0x1c ../../BSP/Debug\libBSP.a(segs.o)

.debug_aranges  0x00000000      0x100
 .debug_aranges
                0x00000000       0x20 ./lab10.o
 .debug_aranges
                0x00000020       0x20 ../../BSP/Debug\libBSP.a(lcd.o)
 .debug_aranges
                0x00000040       0x20 ../../BSP/Debug\libBSP.a(system.o)
 .debug_aranges
                0x00000060       0x20 ../../BSP/Debug\libBSP.a(timers.o)
 .debug_aranges
                0x00000080       0x20 ../../BSP/Debug\libBSP.a(ts.o)
 .debug_aranges
                0x000000a0       0x20 ../../BSP/Debug\libBSP.a(uart.o)
 .debug_aranges
                0x000000c0       0x20 ../../BSP/Debug\libBSP.a(adc.o)
 .debug_aranges
                0x000000e0       0x20 ../../BSP/Debug\libBSP.a(segs.o)

.debug_str      0x00000000      0x77e
 .debug_str     0x00000000       0x9a ./lab10.o
                                 0xb3 (size before relaxing)
 .debug_str     0x0000009a      0x19a ../../BSP/Debug\libBSP.a(lcd.o)
                                0x221 (size before relaxing)
 .debug_str     0x00000234      0x26a ../../BSP/Debug\libBSP.a(system.o)
                                0x303 (size before relaxing)
 .debug_str     0x0000049e       0xf9 ../../BSP/Debug\libBSP.a(timers.o)
                                0x19e (size before relaxing)
 .debug_str     0x00000597       0xae ../../BSP/Debug\libBSP.a(ts.o)
                                0x154 (size before relaxing)
 .debug_str     0x00000645       0x8c ../../BSP/Debug\libBSP.a(uart.o)
                                0x147 (size before relaxing)
 .debug_str     0x000006d1       0x58 ../../BSP/Debug\libBSP.a(adc.o)
                                 0xfe (size before relaxing)
 .debug_str     0x00000729       0x12 ../../BSP/Debug\libBSP.a(font8x16.o)
                                 0xa9 (size before relaxing)
 .debug_str     0x0000073b       0x43 ../../BSP/Debug\libBSP.a(segs.o)
                                 0xdb (size before relaxing)

.comment        0x00000000       0x2a
 .comment       0x00000000       0x2a ./lab10.o
                                 0x2b (size before relaxing)
 .comment       0x00000000       0x2b ../../BSP/Debug\libBSP.a(lcd.o)
 .comment       0x00000000       0x2b ../../BSP/Debug\libBSP.a(system.o)
 .comment       0x00000000       0x2b ../../BSP/Debug\libBSP.a(timers.o)
 .comment       0x00000000       0x2b ../../BSP/Debug\libBSP.a(ts.o)
 .comment       0x00000000       0x2b ../../BSP/Debug\libBSP.a(uart.o)
 .comment       0x00000000       0x2b ../../BSP/Debug\libBSP.a(adc.o)
 .comment       0x00000000       0x2b ../../BSP/Debug\libBSP.a(font8x16.o)
 .comment       0x00000000       0x2b ../../BSP/Debug\libBSP.a(segs.o)

.ARM.attributes
                0x00000000       0x32
 .ARM.attributes
                0x00000000       0x32 ./lab10.o
 .ARM.attributes
                0x00000032       0x32 ../../BSP/Debug\libBSP.a(lcd.o)
 .ARM.attributes
                0x00000064       0x32 ../../BSP/Debug\libBSP.a(system.o)
 .ARM.attributes
                0x00000096       0x32 ../../BSP/Debug\libBSP.a(timers.o)
 .ARM.attributes
                0x000000c8       0x32 ../../BSP/Debug\libBSP.a(ts.o)
 .ARM.attributes
                0x000000fa       0x32 ../../BSP/Debug\libBSP.a(uart.o)
 .ARM.attributes
                0x0000012c       0x32 ../../BSP/Debug\libBSP.a(adc.o)
 .ARM.attributes
                0x0000015e       0x32 ../../BSP/Debug\libBSP.a(font8x16.o)
 .ARM.attributes
                0x00000190       0x32 ../../BSP/Debug\libBSP.a(segs.o)
 .ARM.attributes
                0x000001c2       0x1a c:/software/electronica/arm/eclipsearm/sourcery-g++-lite-arm-2011.03/bin/../lib/gcc/arm-none-eabi/4.5.2\libgcc.a(_udivsi3.o)
 .ARM.attributes
                0x000001dc       0x1a c:/software/electronica/arm/eclipsearm/sourcery-g++-lite-arm-2011.03/bin/../lib/gcc/arm-none-eabi/4.5.2\libgcc.a(_divsi3.o)
 .ARM.attributes
                0x000001f6       0x18 c:/software/electronica/arm/eclipsearm/sourcery-g++-lite-arm-2011.03/bin/../lib/gcc/arm-none-eabi/4.5.2\libgcc.a(_dvmd_tls.o)
 .ARM.attributes
                0x0000020e       0x1a c:/software/electronica/arm/eclipsearm/sourcery-g++-lite-arm-2011.03/bin/../lib/gcc/arm-none-eabi/4.5.2\libgcc.a(_aeabi_uldivmod.o)
 .ARM.attributes
                0x00000228       0x34 c:/software/electronica/arm/eclipsearm/sourcery-g++-lite-arm-2011.03/bin/../lib/gcc/arm-none-eabi/4.5.2\libgcc.a(bpabi.o)
 .ARM.attributes
                0x0000025c       0x34 c:/software/electronica/arm/eclipsearm/sourcery-g++-lite-arm-2011.03/bin/../lib/gcc/arm-none-eabi/4.5.2\libgcc.a(_divdi3.o)
 .ARM.attributes
                0x00000290       0x34 c:/software/electronica/arm/eclipsearm/sourcery-g++-lite-arm-2011.03/bin/../lib/gcc/arm-none-eabi/4.5.2\libgcc.a(_udivdi3.o)
 .ARM.attributes
                0x000002c4       0x1a c:/software/electronica/arm/eclipsearm/sourcery-g++-lite-arm-2011.03/bin/../lib/gcc/arm-none-eabi/4.5.2\libgcc.a(_clzsi2.o)

.debug_frame    0x00000000     0x1070
 .debug_frame   0x00000000       0x50 ./lab10.o
 .debug_frame   0x00000050      0x270 ../../BSP/Debug\libBSP.a(lcd.o)
 .debug_frame   0x000002c0      0x650 ../../BSP/Debug\libBSP.a(system.o)
 .debug_frame   0x00000910      0x1f8 ../../BSP/Debug\libBSP.a(timers.o)
 .debug_frame   0x00000b08      0x1b0 ../../BSP/Debug\libBSP.a(ts.o)
 .debug_frame   0x00000cb8      0x130 ../../BSP/Debug\libBSP.a(uart.o)
 .debug_frame   0x00000de8       0xf0 ../../BSP/Debug\libBSP.a(adc.o)
 .debug_frame   0x00000ed8       0x90 ../../BSP/Debug\libBSP.a(segs.o)
 .debug_frame   0x00000f68       0x20 c:/software/electronica/arm/eclipsearm/sourcery-g++-lite-arm-2011.03/bin/../lib/gcc/arm-none-eabi/4.5.2\libgcc.a(_udivsi3.o)
 .debug_frame   0x00000f88       0x20 c:/software/electronica/arm/eclipsearm/sourcery-g++-lite-arm-2011.03/bin/../lib/gcc/arm-none-eabi/4.5.2\libgcc.a(_divsi3.o)
 .debug_frame   0x00000fa8       0x50 c:/software/electronica/arm/eclipsearm/sourcery-g++-lite-arm-2011.03/bin/../lib/gcc/arm-none-eabi/4.5.2\libgcc.a(bpabi.o)
 .debug_frame   0x00000ff8       0x3c c:/software/electronica/arm/eclipsearm/sourcery-g++-lite-arm-2011.03/bin/../lib/gcc/arm-none-eabi/4.5.2\libgcc.a(_divdi3.o)
 .debug_frame   0x00001034       0x3c c:/software/electronica/arm/eclipsearm/sourcery-g++-lite-arm-2011.03/bin/../lib/gcc/arm-none-eabi/4.5.2\libgcc.a(_udivdi3.o)
