Archive member included because of file (symbol)

../../BSP/Debug\libBSP.a(lcd.o)
                              ./lab7.o (lcd_init)
../../BSP/Debug\libBSP.a(system.o)
                              ./lab7.o (sys_init)
../../BSP/Debug\libBSP.a(uart.o)
                              ../../BSP/Debug\libBSP.a(system.o) (uart0_init)
../../BSP/Debug\libBSP.a(font8x16.o)
                              ../../BSP/Debug\libBSP.a(lcd.o) (font)
../../BSP/Debug\libBSP.a(segs.o)
                              ../../BSP/Debug\libBSP.a(system.o) (segs_init)

Allocating common symbols
Common symbol       size              file

lcd_buffer          0x9600            ../../BSP/Debug\libBSP.a(lcd.o)

Memory Configuration

Name             Origin             Length             Attributes
*default*        0x00000000         0xffffffff

Linker script and memory map

LOAD ./lab7.o
LOAD ../../BSP/Debug\libBSP.a
START GROUP
LOAD c:/software/electronica/arm/eclipsearm/sourcery-g++-lite-arm-2011.03/bin/../lib/gcc/arm-none-eabi/4.5.2\libgcc.a
LOAD c:/software/electronica/arm/eclipsearm/sourcery-g++-lite-arm-2011.03/bin/../lib/gcc/arm-none-eabi/4.5.2/../../../../arm-none-eabi/lib\libc.a
END GROUP
                0x0c100000                . = 0xc100000

.text           0x0c100000     0x2774
 *(.text)
 .text          0x0c100000      0x314 ./lab7.o
                0x0c100000                main
                0x0c1002d0                one_second_loop
 .text          0x0c100314      0xfe8 ../../BSP/Debug\libBSP.a(lcd.o)
                0x0c100314                lcd_init
                0x0c100498                lcd_on
                0x0c1004d4                lcd_off
                0x0c100510                lcd_status
                0x0c100538                lcd_clear
                0x0c100594                lcd_putpixel
                0x0c100680                lcd_getpixel
                0x0c1006fc                lcd_draw_hrow
                0x0c1007a0                lcd_draw_vrow
                0x0c100844                lcd_draw_box
                0x0c1008e0                lcd_putchar
                0x0c100a34                lcd_puts
                0x0c100ac0                lcd_putint
                0x0c100c38                lcd_puthex
                0x0c100d18                lcd_putchar_x2
                0x0c100ebc                lcd_puts_x2
                0x0c100f48                lcd_putint_x2
                0x0c1010c0                lcd_puthex_x2
                0x0c1011a0                lcd_putWallpaper
 .text          0x0c1012fc      0xde4 ../../BSP/Debug\libBSP.a(system.o)
                0x0c1012fc                sys_init
                0x0c10186c                isr_SWI_dummy
                0x0c101898                isr_UNDEF_dummy
                0x0c1018c4                isr_IRQ_dummy
                0x0c1018f0                isr_FIQ_dummy
                0x0c10191c                isr_PABORT_dummy
                0x0c101948                isr_DABORT_dummy
                0x0c101974                isr_ADC_dummy
                0x0c1019a0                isr_RTC_dummy
                0x0c1019cc                isr_UTXD1_dummy
                0x0c1019f8                isr_UTXD0_dummy
                0x0c101a24                isr_SIO_dummy
                0x0c101a50                isr_IIC_dummy
                0x0c101a7c                isr_URXD1_dummy
                0x0c101aa8                isr_URXD0_dummy
                0x0c101ad4                isr_TIMER5_dummy
                0x0c101b00                isr_TIMER4_dummy
                0x0c101b2c                isr_TIMER3_dummy
                0x0c101b58                isr_TIMER2_dummy
                0x0c101b84                isr_TIMER1_dummy
                0x0c101bb0                isr_TIMER0_dummy
                0x0c101bdc                isr_UERR01_dummy
                0x0c101c08                isr_WDT_dummy
                0x0c101c34                isr_BDMA1_dummy
                0x0c101c60                isr_BDMA0_dummy
                0x0c101c8c                isr_ZDMA1_dummy
                0x0c101cb8                isr_ZDMA0_dummy
                0x0c101ce4                isr_TICK_dummy
                0x0c101d10                isr_PB_dummy
                0x0c101d3c                isr_ETHERNET_dummy
                0x0c101d68                isr_TS_dummy
                0x0c101d94                isr_KEYPAD_dummy
                0x0c101dc0                isr_USB_dummy
                0x0c101e90                sleep
 .text          0x0c1020e0      0x5c0 ../../BSP/Debug\libBSP.a(uart.o)
                0x0c1020e0                uart0_init
                0x0c102144                uart0_putchar
                0x0c102194                uart0_getchar
                0x0c1021dc                uart0_puts
                0x0c10222c                uart0_putint
                0x0c102364                uart0_puthex
                0x0c10241c                uart0_gets
                0x0c102488                uart0_getint
                0x0c10259c                uart0_gethex
 .text          0x0c1026a0        0x0 ../../BSP/Debug\libBSP.a(font8x16.o)
 .text          0x0c1026a0       0xd4 ../../BSP/Debug\libBSP.a(segs.o)
                0x0c1026a0                segs_init
                0x0c1026bc                segs_off
                0x0c1026f4                segs_putchar
                0x0c10274c                segs_status

.glue_7         0x0c102774        0x0
 .glue_7        0x00000000        0x0 linker stubs

.glue_7t        0x0c102774        0x0
 .glue_7t       0x00000000        0x0 linker stubs

.vfp11_veneer   0x0c102774        0x0
 .vfp11_veneer  0x00000000        0x0 linker stubs

.v4_bx          0x0c102774        0x0
 .v4_bx         0x00000000        0x0 linker stubs

.rodata         0x0c102774     0x17c0
 *(.rodata)
 .rodata        0x0c102774       0x94 ./lab7.o
 .rodata        0x0c102808      0x71c ../../BSP/Debug\libBSP.a(system.o)
 .rodata        0x0c102f24     0x1000 ../../BSP/Debug\libBSP.a(font8x16.o)
                0x0c102f24                font
 .rodata        0x0c103f24       0x10 ../../BSP/Debug\libBSP.a(segs.o)

.data           0x0c103f34        0x0
 *(.data)
 .data          0x0c103f34        0x0 ./lab7.o
 .data          0x0c103f34        0x0 ../../BSP/Debug\libBSP.a(lcd.o)
 .data          0x0c103f34        0x0 ../../BSP/Debug\libBSP.a(system.o)
 .data          0x0c103f34        0x0 ../../BSP/Debug\libBSP.a(uart.o)
 .data          0x0c103f34        0x0 ../../BSP/Debug\libBSP.a(font8x16.o)
 .data          0x0c103f34        0x0 ../../BSP/Debug\libBSP.a(segs.o)

.bss            0x0c103f34     0x9604
 *(.bss)
 .bss           0x0c103f34        0x0 ./lab7.o
 .bss           0x0c103f34        0x1 ../../BSP/Debug\libBSP.a(lcd.o)
 .bss           0x0c103f35        0x0 ../../BSP/Debug\libBSP.a(system.o)
 .bss           0x0c103f35        0x0 ../../BSP/Debug\libBSP.a(uart.o)
 .bss           0x0c103f35        0x0 ../../BSP/Debug\libBSP.a(font8x16.o)
 .bss           0x0c103f35        0x1 ../../BSP/Debug\libBSP.a(segs.o)
 *fill*         0x0c103f36        0x2 00
 COMMON         0x0c103f38     0x9600 ../../BSP/Debug\libBSP.a(lcd.o)
                0x0c103f38                lcd_buffer
                0x0c10d538                end = .
OUTPUT(lab7.elf elf32-littlearm)

.debug_abbrev   0x00000000      0x4fc
 .debug_abbrev  0x00000000       0x9e ./lab7.o
 .debug_abbrev  0x0000009e      0x160 ../../BSP/Debug\libBSP.a(lcd.o)
 .debug_abbrev  0x000001fe       0xeb ../../BSP/Debug\libBSP.a(system.o)
 .debug_abbrev  0x000002e9       0xfd ../../BSP/Debug\libBSP.a(uart.o)
 .debug_abbrev  0x000003e6       0x63 ../../BSP/Debug\libBSP.a(font8x16.o)
 .debug_abbrev  0x00000449       0xb3 ../../BSP/Debug\libBSP.a(segs.o)

.debug_info     0x00000000     0x1151
 .debug_info    0x00000000      0x10c ./lab7.o
 .debug_info    0x0000010c      0x7c8 ../../BSP/Debug\libBSP.a(lcd.o)
 .debug_info    0x000008d4      0x423 ../../BSP/Debug\libBSP.a(system.o)
 .debug_info    0x00000cf7      0x2b8 ../../BSP/Debug\libBSP.a(uart.o)
 .debug_info    0x00000faf       0x95 ../../BSP/Debug\libBSP.a(font8x16.o)
 .debug_info    0x00001044      0x10d ../../BSP/Debug\libBSP.a(segs.o)

.debug_line     0x00000000      0x727
 .debug_line    0x00000000       0xed ./lab7.o
 .debug_line    0x000000ed      0x1f7 ../../BSP/Debug\libBSP.a(lcd.o)
 .debug_line    0x000002e4      0x23c ../../BSP/Debug\libBSP.a(system.o)
 .debug_line    0x00000520      0x11e ../../BSP/Debug\libBSP.a(uart.o)
 .debug_line    0x0000063e       0x56 ../../BSP/Debug\libBSP.a(font8x16.o)
 .debug_line    0x00000694       0x93 ../../BSP/Debug\libBSP.a(segs.o)

.debug_macinfo  0x00000000    0x195be
 .debug_macinfo
                0x00000000     0x4974 ./lab7.o
 .debug_macinfo
                0x00004974     0x439b ../../BSP/Debug\libBSP.a(lcd.o)
 .debug_macinfo
                0x00008d0f     0x5568 ../../BSP/Debug\libBSP.a(system.o)
 .debug_macinfo
                0x0000e277     0x430d ../../BSP/Debug\libBSP.a(uart.o)
 .debug_macinfo
                0x00012584     0x2339 ../../BSP/Debug\libBSP.a(font8x16.o)
 .debug_macinfo
                0x000148bd     0x4d01 ../../BSP/Debug\libBSP.a(segs.o)

.debug_loc      0x00000000      0xc60
 .debug_loc     0x00000000       0x58 ./lab7.o
 .debug_loc     0x00000058      0x344 ../../BSP/Debug\libBSP.a(lcd.o)
 .debug_loc     0x0000039c      0x688 ../../BSP/Debug\libBSP.a(system.o)
 .debug_loc     0x00000a24      0x18c ../../BSP/Debug\libBSP.a(uart.o)
 .debug_loc     0x00000bb0       0xb0 ../../BSP/Debug\libBSP.a(segs.o)

.debug_pubnames
                0x00000000      0x52c
 .debug_pubnames
                0x00000000       0x2f ./lab7.o
 .debug_pubnames
                0x0000002f      0x150 ../../BSP/Debug\libBSP.a(lcd.o)
 .debug_pubnames
                0x0000017f      0x29d ../../BSP/Debug\libBSP.a(system.o)
 .debug_pubnames
                0x0000041c       0xa7 ../../BSP/Debug\libBSP.a(uart.o)
 .debug_pubnames
                0x000004c3       0x1b ../../BSP/Debug\libBSP.a(font8x16.o)
 .debug_pubnames
                0x000004de       0x4e ../../BSP/Debug\libBSP.a(segs.o)

.debug_pubtypes
                0x00000000      0x116
 .debug_pubtypes
                0x00000000       0x32 ./lab7.o
 .debug_pubtypes
                0x00000032       0x48 ../../BSP/Debug\libBSP.a(lcd.o)
 .debug_pubtypes
                0x0000007a       0x27 ../../BSP/Debug\libBSP.a(system.o)
 .debug_pubtypes
                0x000000a1       0x3d ../../BSP/Debug\libBSP.a(uart.o)
 .debug_pubtypes
                0x000000de       0x1c ../../BSP/Debug\libBSP.a(font8x16.o)
 .debug_pubtypes
                0x000000fa       0x1c ../../BSP/Debug\libBSP.a(segs.o)

.debug_aranges  0x00000000       0xa0
 .debug_aranges
                0x00000000       0x20 ./lab7.o
 .debug_aranges
                0x00000020       0x20 ../../BSP/Debug\libBSP.a(lcd.o)
 .debug_aranges
                0x00000040       0x20 ../../BSP/Debug\libBSP.a(system.o)
 .debug_aranges
                0x00000060       0x20 ../../BSP/Debug\libBSP.a(uart.o)
 .debug_aranges
                0x00000080       0x20 ../../BSP/Debug\libBSP.a(segs.o)

.debug_str      0x00000000      0x586
 .debug_str     0x00000000       0xae ./lab7.o
                                 0xc7 (size before relaxing)
 .debug_str     0x000000ae      0x18d ../../BSP/Debug\libBSP.a(lcd.o)
                                0x221 (size before relaxing)
 .debug_str     0x0000023b      0x26a ../../BSP/Debug\libBSP.a(system.o)
                                0x303 (size before relaxing)
 .debug_str     0x000004a5       0x8c ../../BSP/Debug\libBSP.a(uart.o)
                                0x147 (size before relaxing)
 .debug_str     0x00000531       0x12 ../../BSP/Debug\libBSP.a(font8x16.o)
                                 0xa9 (size before relaxing)
 .debug_str     0x00000543       0x43 ../../BSP/Debug\libBSP.a(segs.o)
                                 0xdb (size before relaxing)

.comment        0x00000000       0x2a
 .comment       0x00000000       0x2a ./lab7.o
                                 0x2b (size before relaxing)
 .comment       0x00000000       0x2b ../../BSP/Debug\libBSP.a(lcd.o)
 .comment       0x00000000       0x2b ../../BSP/Debug\libBSP.a(system.o)
 .comment       0x00000000       0x2b ../../BSP/Debug\libBSP.a(uart.o)
 .comment       0x00000000       0x2b ../../BSP/Debug\libBSP.a(font8x16.o)
 .comment       0x00000000       0x2b ../../BSP/Debug\libBSP.a(segs.o)

.ARM.attributes
                0x00000000       0x32
 .ARM.attributes
                0x00000000       0x32 ./lab7.o
 .ARM.attributes
                0x00000032       0x32 ../../BSP/Debug\libBSP.a(lcd.o)
 .ARM.attributes
                0x00000064       0x32 ../../BSP/Debug\libBSP.a(system.o)
 .ARM.attributes
                0x00000096       0x32 ../../BSP/Debug\libBSP.a(uart.o)
 .ARM.attributes
                0x000000c8       0x32 ../../BSP/Debug\libBSP.a(font8x16.o)
 .ARM.attributes
                0x000000fa       0x32 ../../BSP/Debug\libBSP.a(segs.o)

.debug_frame    0x00000000      0xad0
 .debug_frame   0x00000000       0x50 ./lab7.o
 .debug_frame   0x00000050      0x270 ../../BSP/Debug\libBSP.a(lcd.o)
 .debug_frame   0x000002c0      0x650 ../../BSP/Debug\libBSP.a(system.o)
 .debug_frame   0x00000910      0x130 ../../BSP/Debug\libBSP.a(uart.o)
 .debug_frame   0x00000a40       0x90 ../../BSP/Debug\libBSP.a(segs.o)
