Archive member included because of file (symbol)

../../BSP/Debug\libBSP.a(keypad.o)
                              ./lab6.o (keypad_pressed)
../../BSP/Debug\libBSP.a(pbs.o)
                              ./lab6.o (pbs_init)
../../BSP/Debug\libBSP.a(system.o)
                              ./lab6.o (sys_init)
../../BSP/Debug\libBSP.a(timers.o)
                              ./lab6.o (timers_init)
../../BSP/Debug\libBSP.a(uart.o)
                              ./lab6.o (uart0_init)
../../BSP/Debug\libBSP.a(segs.o)
                              ../../BSP/Debug\libBSP.a(system.o) (segs_init)
c:/software/electronica/arm/eclipsearm/sourcery-g++-lite-arm-2011.03/bin/../lib/gcc/arm-none-eabi/4.5.2\libgcc.a(_udivsi3.o)
                              ../../BSP/Debug\libBSP.a(timers.o) (__aeabi_uidiv)
c:/software/electronica/arm/eclipsearm/sourcery-g++-lite-arm-2011.03/bin/../lib/gcc/arm-none-eabi/4.5.2\libgcc.a(_dvmd_tls.o)
                              c:/software/electronica/arm/eclipsearm/sourcery-g++-lite-arm-2011.03/bin/../lib/gcc/arm-none-eabi/4.5.2\libgcc.a(_udivsi3.o) (__aeabi_idiv0)
c:/software/electronica/arm/eclipsearm/sourcery-g++-lite-arm-2011.03/bin/../lib/gcc/arm-none-eabi/4.5.2\libgcc.a(_aeabi_uldivmod.o)
                              ../../BSP/Debug\libBSP.a(timers.o) (__aeabi_uldivmod)
c:/software/electronica/arm/eclipsearm/sourcery-g++-lite-arm-2011.03/bin/../lib/gcc/arm-none-eabi/4.5.2\libgcc.a(bpabi.o)
                              c:/software/electronica/arm/eclipsearm/sourcery-g++-lite-arm-2011.03/bin/../lib/gcc/arm-none-eabi/4.5.2\libgcc.a(_aeabi_uldivmod.o) (__gnu_uldivmod_helper)
c:/software/electronica/arm/eclipsearm/sourcery-g++-lite-arm-2011.03/bin/../lib/gcc/arm-none-eabi/4.5.2\libgcc.a(_divdi3.o)
                              c:/software/electronica/arm/eclipsearm/sourcery-g++-lite-arm-2011.03/bin/../lib/gcc/arm-none-eabi/4.5.2\libgcc.a(bpabi.o) (__divdi3)
c:/software/electronica/arm/eclipsearm/sourcery-g++-lite-arm-2011.03/bin/../lib/gcc/arm-none-eabi/4.5.2\libgcc.a(_udivdi3.o)
                              c:/software/electronica/arm/eclipsearm/sourcery-g++-lite-arm-2011.03/bin/../lib/gcc/arm-none-eabi/4.5.2\libgcc.a(bpabi.o) (__udivdi3)
c:/software/electronica/arm/eclipsearm/sourcery-g++-lite-arm-2011.03/bin/../lib/gcc/arm-none-eabi/4.5.2\libgcc.a(_clzsi2.o)
                              c:/software/electronica/arm/eclipsearm/sourcery-g++-lite-arm-2011.03/bin/../lib/gcc/arm-none-eabi/4.5.2\libgcc.a(_divdi3.o) (__clzsi2)

Allocating common symbols
Common symbol       size              file

flagPbs             0x1               ./lab6.o
flagKeypad          0x1               ./lab6.o
flagTimer0          0x1               ./lab6.o

Memory Configuration

Name             Origin             Length             Attributes
*default*        0x00000000         0xffffffff

Linker script and memory map

LOAD ./lab6.o
LOAD ../../BSP/Debug\libBSP.a
START GROUP
LOAD c:/software/electronica/arm/eclipsearm/sourcery-g++-lite-arm-2011.03/bin/../lib/gcc/arm-none-eabi/4.5.2\libgcc.a
LOAD c:/software/electronica/arm/eclipsearm/sourcery-g++-lite-arm-2011.03/bin/../lib/gcc/arm-none-eabi/4.5.2/../../../../arm-none-eabi/lib\libc.a
END GROUP
                0x0c100000                . = 0xc100000

.text           0x0c100000     0x3bc4
 *(.text)
 .text          0x0c100000      0xa10 ./lab6.o
                0x0c100000                main
                0x0c1008b4                one_second_loop
                0x0c1008f8                isr_timer0
                0x0c100938                isr_keypad
                0x0c100978                isr_pbs
 .text          0x0c100a10      0x4c8 ../../BSP/Debug\libBSP.a(keypad.o)
                0x0c100a10                keypad_scan
                0x0c100c34                keypad_pressed
                0x0c100c70                keypad_open
                0x0c100cc8                keypad_close
                0x0c100d0c                keypad_init
                0x0c100d28                keypad_getchar
                0x0c100d90                keypad_getchartime
                0x0c100e2c                keypad_timeout_getchar
 .text          0x0c100ed8      0x32c ../../BSP/Debug\libBSP.a(pbs.o)
                0x0c100ed8                pbs_init
                0x0c100ef4                pb_scan
                0x0c100f50                pb_pressed
                0x0c100fa8                pb_getchar
                0x0c101010                pb_getchartime
                0x0c1010ac                pb_timeout_getchar
                0x0c101158                pbs_open
                0x0c1011c0                pbs_close
 .text          0x0c101204      0xde4 ../../BSP/Debug\libBSP.a(system.o)
                0x0c101204                sys_init
                0x0c101774                isr_SWI_dummy
                0x0c1017a0                isr_UNDEF_dummy
                0x0c1017cc                isr_IRQ_dummy
                0x0c1017f8                isr_FIQ_dummy
                0x0c101824                isr_PABORT_dummy
                0x0c101850                isr_DABORT_dummy
                0x0c10187c                isr_ADC_dummy
                0x0c1018a8                isr_RTC_dummy
                0x0c1018d4                isr_UTXD1_dummy
                0x0c101900                isr_UTXD0_dummy
                0x0c10192c                isr_SIO_dummy
                0x0c101958                isr_IIC_dummy
                0x0c101984                isr_URXD1_dummy
                0x0c1019b0                isr_URXD0_dummy
                0x0c1019dc                isr_TIMER5_dummy
                0x0c101a08                isr_TIMER4_dummy
                0x0c101a34                isr_TIMER3_dummy
                0x0c101a60                isr_TIMER2_dummy
                0x0c101a8c                isr_TIMER1_dummy
                0x0c101ab8                isr_TIMER0_dummy
                0x0c101ae4                isr_UERR01_dummy
                0x0c101b10                isr_WDT_dummy
                0x0c101b3c                isr_BDMA1_dummy
                0x0c101b68                isr_BDMA0_dummy
                0x0c101b94                isr_ZDMA1_dummy
                0x0c101bc0                isr_ZDMA0_dummy
                0x0c101bec                isr_TICK_dummy
                0x0c101c18                isr_PB_dummy
                0x0c101c44                isr_ETHERNET_dummy
                0x0c101c70                isr_TS_dummy
                0x0c101c9c                isr_KEYPAD_dummy
                0x0c101cc8                isr_USB_dummy
                0x0c101d98                sleep
 .text          0x0c101fe8      0xa50 ../../BSP/Debug\libBSP.a(timers.o)
                0x0c101fe8                timers_init
                0x0c1021a8                wait_for_1ms
                0x0c102260                wait_for_1s
                0x0c102324                timer3_delay_ms
                0x0c102368                sw_delay_ms
                0x0c1023c0                timer3_delay_s
                0x0c102404                sw_delay_s
                0x0c10245c                timer3_start
                0x0c10250c                timer3_stop
                0x0c102560                timer3_start_timeout
                0x0c102618                timer3_timeout
                0x0c102654                timer0_open_tick
                0x0c102890                timer0_open_ms
                0x0c10299c                timer0_close
 .text          0x0c102a38      0x5c0 ../../BSP/Debug\libBSP.a(uart.o)
                0x0c102a38                uart0_init
                0x0c102a9c                uart0_putchar
                0x0c102aec                uart0_getchar
                0x0c102b34                uart0_puts
                0x0c102b84                uart0_putint
                0x0c102cbc                uart0_puthex
                0x0c102d74                uart0_gets
                0x0c102de0                uart0_getint
                0x0c102ef4                uart0_gethex
 .text          0x0c102ff8       0xd4 ../../BSP/Debug\libBSP.a(segs.o)
                0x0c102ff8                segs_init
                0x0c103014                segs_off
                0x0c10304c                segs_putchar
                0x0c1030a4                segs_status
 .text          0x0c1030cc      0x114 c:/software/electronica/arm/eclipsearm/sourcery-g++-lite-arm-2011.03/bin/../lib/gcc/arm-none-eabi/4.5.2\libgcc.a(_udivsi3.o)
                0x0c1030cc                __aeabi_uidiv
                0x0c1030cc                __udivsi3
                0x0c1031c0                __aeabi_uidivmod
 .text          0x0c1031e0        0x4 c:/software/electronica/arm/eclipsearm/sourcery-g++-lite-arm-2011.03/bin/../lib/gcc/arm-none-eabi/4.5.2\libgcc.a(_dvmd_tls.o)
                0x0c1031e0                __aeabi_idiv0
                0x0c1031e0                __aeabi_ldiv0
 .text          0x0c1031e4       0x3c c:/software/electronica/arm/eclipsearm/sourcery-g++-lite-arm-2011.03/bin/../lib/gcc/arm-none-eabi/4.5.2\libgcc.a(_aeabi_uldivmod.o)
                0x0c1031e4                __aeabi_uldivmod
 .text          0x0c103220       0x80 c:/software/electronica/arm/eclipsearm/sourcery-g++-lite-arm-2011.03/bin/../lib/gcc/arm-none-eabi/4.5.2\libgcc.a(bpabi.o)
                0x0c103220                __gnu_ldivmod_helper
                0x0c103260                __gnu_uldivmod_helper
 .text          0x0c1032a0      0x4a8 c:/software/electronica/arm/eclipsearm/sourcery-g++-lite-arm-2011.03/bin/../lib/gcc/arm-none-eabi/4.5.2\libgcc.a(_divdi3.o)
                0x0c1032a0                __divdi3
 .text          0x0c103748      0x434 c:/software/electronica/arm/eclipsearm/sourcery-g++-lite-arm-2011.03/bin/../lib/gcc/arm-none-eabi/4.5.2\libgcc.a(_udivdi3.o)
                0x0c103748                __udivdi3
 .text          0x0c103b7c       0x48 c:/software/electronica/arm/eclipsearm/sourcery-g++-lite-arm-2011.03/bin/../lib/gcc/arm-none-eabi/4.5.2\libgcc.a(_clzsi2.o)
                0x0c103b7c                __clzsi2

.glue_7         0x0c103bc4        0x0
 .glue_7        0x00000000        0x0 linker stubs

.glue_7t        0x0c103bc4        0x0
 .glue_7t       0x00000000        0x0 linker stubs

.vfp11_veneer   0x0c103bc4        0x0
 .vfp11_veneer  0x00000000        0x0 linker stubs

.v4_bx          0x0c103bc4        0x0
 .v4_bx         0x00000000        0x0 linker stubs

.rodata         0x0c103bc4      0xf20
 *(.rodata)
 .rodata        0x0c103bc4      0x7f4 ./lab6.o
 .rodata        0x0c1043b8      0x71c ../../BSP/Debug\libBSP.a(system.o)
 .rodata        0x0c104ad4       0x10 ../../BSP/Debug\libBSP.a(segs.o)

.ARM.extab      0x0c104ae4        0x0
 .ARM.extab     0x0c104ae4        0x0 c:/software/electronica/arm/eclipsearm/sourcery-g++-lite-arm-2011.03/bin/../lib/gcc/arm-none-eabi/4.5.2\libgcc.a(_divdi3.o)
 .ARM.extab     0x0c104ae4        0x0 c:/software/electronica/arm/eclipsearm/sourcery-g++-lite-arm-2011.03/bin/../lib/gcc/arm-none-eabi/4.5.2\libgcc.a(_udivdi3.o)

.ARM.exidx      0x0c104ae4        0x8
 .ARM.exidx     0x0c104ae4        0x8 c:/software/electronica/arm/eclipsearm/sourcery-g++-lite-arm-2011.03/bin/../lib/gcc/arm-none-eabi/4.5.2\libgcc.a(_divdi3.o)
 .ARM.exidx     0x0c104aec        0x0 c:/software/electronica/arm/eclipsearm/sourcery-g++-lite-arm-2011.03/bin/../lib/gcc/arm-none-eabi/4.5.2\libgcc.a(_udivdi3.o)
                                  0x8 (size before relaxing)

.data           0x0c104aec        0x0
 *(.data)
 .data          0x0c104aec        0x0 ./lab6.o
 .data          0x0c104aec        0x0 ../../BSP/Debug\libBSP.a(keypad.o)
 .data          0x0c104aec        0x0 ../../BSP/Debug\libBSP.a(pbs.o)
 .data          0x0c104aec        0x0 ../../BSP/Debug\libBSP.a(system.o)
 .data          0x0c104aec        0x0 ../../BSP/Debug\libBSP.a(timers.o)
 .data          0x0c104aec        0x0 ../../BSP/Debug\libBSP.a(uart.o)
 .data          0x0c104aec        0x0 ../../BSP/Debug\libBSP.a(segs.o)
 .data          0x0c104aec        0x0 c:/software/electronica/arm/eclipsearm/sourcery-g++-lite-arm-2011.03/bin/../lib/gcc/arm-none-eabi/4.5.2\libgcc.a(_udivsi3.o)
 .data          0x0c104aec        0x0 c:/software/electronica/arm/eclipsearm/sourcery-g++-lite-arm-2011.03/bin/../lib/gcc/arm-none-eabi/4.5.2\libgcc.a(_dvmd_tls.o)
 .data          0x0c104aec        0x0 c:/software/electronica/arm/eclipsearm/sourcery-g++-lite-arm-2011.03/bin/../lib/gcc/arm-none-eabi/4.5.2\libgcc.a(_aeabi_uldivmod.o)
 .data          0x0c104aec        0x0 c:/software/electronica/arm/eclipsearm/sourcery-g++-lite-arm-2011.03/bin/../lib/gcc/arm-none-eabi/4.5.2\libgcc.a(bpabi.o)
 .data          0x0c104aec        0x0 c:/software/electronica/arm/eclipsearm/sourcery-g++-lite-arm-2011.03/bin/../lib/gcc/arm-none-eabi/4.5.2\libgcc.a(_divdi3.o)
 .data          0x0c104aec        0x0 c:/software/electronica/arm/eclipsearm/sourcery-g++-lite-arm-2011.03/bin/../lib/gcc/arm-none-eabi/4.5.2\libgcc.a(_udivdi3.o)
 .data          0x0c104aec        0x0 c:/software/electronica/arm/eclipsearm/sourcery-g++-lite-arm-2011.03/bin/../lib/gcc/arm-none-eabi/4.5.2\libgcc.a(_clzsi2.o)

.bss            0x0c104aec        0xc
 *(.bss)
 .bss           0x0c104aec        0x0 ./lab6.o
 .bss           0x0c104aec        0x0 ../../BSP/Debug\libBSP.a(keypad.o)
 .bss           0x0c104aec        0x0 ../../BSP/Debug\libBSP.a(pbs.o)
 .bss           0x0c104aec        0x0 ../../BSP/Debug\libBSP.a(system.o)
 .bss           0x0c104aec        0x8 ../../BSP/Debug\libBSP.a(timers.o)
 .bss           0x0c104af4        0x0 ../../BSP/Debug\libBSP.a(uart.o)
 .bss           0x0c104af4        0x1 ../../BSP/Debug\libBSP.a(segs.o)
 .bss           0x0c104af5        0x0 c:/software/electronica/arm/eclipsearm/sourcery-g++-lite-arm-2011.03/bin/../lib/gcc/arm-none-eabi/4.5.2\libgcc.a(_udivsi3.o)
 .bss           0x0c104af5        0x0 c:/software/electronica/arm/eclipsearm/sourcery-g++-lite-arm-2011.03/bin/../lib/gcc/arm-none-eabi/4.5.2\libgcc.a(_dvmd_tls.o)
 .bss           0x0c104af5        0x0 c:/software/electronica/arm/eclipsearm/sourcery-g++-lite-arm-2011.03/bin/../lib/gcc/arm-none-eabi/4.5.2\libgcc.a(_aeabi_uldivmod.o)
 .bss           0x0c104af5        0x0 c:/software/electronica/arm/eclipsearm/sourcery-g++-lite-arm-2011.03/bin/../lib/gcc/arm-none-eabi/4.5.2\libgcc.a(bpabi.o)
 .bss           0x0c104af5        0x0 c:/software/electronica/arm/eclipsearm/sourcery-g++-lite-arm-2011.03/bin/../lib/gcc/arm-none-eabi/4.5.2\libgcc.a(_divdi3.o)
 .bss           0x0c104af5        0x0 c:/software/electronica/arm/eclipsearm/sourcery-g++-lite-arm-2011.03/bin/../lib/gcc/arm-none-eabi/4.5.2\libgcc.a(_udivdi3.o)
 .bss           0x0c104af5        0x0 c:/software/electronica/arm/eclipsearm/sourcery-g++-lite-arm-2011.03/bin/../lib/gcc/arm-none-eabi/4.5.2\libgcc.a(_clzsi2.o)
 COMMON         0x0c104af5        0x3 ./lab6.o
                0x0c104af5                flagPbs
                0x0c104af6                flagKeypad
                0x0c104af7                flagTimer0
                0x0c104af8                end = .
OUTPUT(lab6.elf elf32-littlearm)

.debug_abbrev   0x00000000      0x5f6
 .debug_abbrev  0x00000000       0xd2 ./lab6.o
 .debug_abbrev  0x000000d2       0xe9 ../../BSP/Debug\libBSP.a(keypad.o)
 .debug_abbrev  0x000001bb       0xc3 ../../BSP/Debug\libBSP.a(pbs.o)
 .debug_abbrev  0x0000027e       0xeb ../../BSP/Debug\libBSP.a(system.o)
 .debug_abbrev  0x00000369       0xdd ../../BSP/Debug\libBSP.a(timers.o)
 .debug_abbrev  0x00000446       0xfd ../../BSP/Debug\libBSP.a(uart.o)
 .debug_abbrev  0x00000543       0xb3 ../../BSP/Debug\libBSP.a(segs.o)

.debug_info     0x00000000      0xfcf
 .debug_info    0x00000000      0x1ab ./lab6.o
 .debug_info    0x000001ab      0x1c2 ../../BSP/Debug\libBSP.a(keypad.o)
 .debug_info    0x0000036d      0x1b3 ../../BSP/Debug\libBSP.a(pbs.o)
 .debug_info    0x00000520      0x423 ../../BSP/Debug\libBSP.a(system.o)
 .debug_info    0x00000943      0x2c7 ../../BSP/Debug\libBSP.a(timers.o)
 .debug_info    0x00000c0a      0x2b8 ../../BSP/Debug\libBSP.a(uart.o)
 .debug_info    0x00000ec2      0x10d ../../BSP/Debug\libBSP.a(segs.o)

.debug_line     0x00000000      0x9ab
 .debug_line    0x00000000      0x219 ./lab6.o
 .debug_line    0x00000219      0x114 ../../BSP/Debug\libBSP.a(keypad.o)
 .debug_line    0x0000032d      0x100 ../../BSP/Debug\libBSP.a(pbs.o)
 .debug_line    0x0000042d      0x23c ../../BSP/Debug\libBSP.a(system.o)
 .debug_line    0x00000669      0x191 ../../BSP/Debug\libBSP.a(timers.o)
 .debug_line    0x000007fa      0x11e ../../BSP/Debug\libBSP.a(uart.o)
 .debug_line    0x00000918       0x93 ../../BSP/Debug\libBSP.a(segs.o)

.debug_macinfo  0x00000000    0x22321
 .debug_macinfo
                0x00000000     0x5445 ./lab6.o
 .debug_macinfo
                0x00005445     0x4eba ../../BSP/Debug\libBSP.a(keypad.o)
 .debug_macinfo
                0x0000a2ff     0x4d91 ../../BSP/Debug\libBSP.a(pbs.o)
 .debug_macinfo
                0x0000f090     0x5568 ../../BSP/Debug\libBSP.a(system.o)
 .debug_macinfo
                0x000145f8     0x4d1b ../../BSP/Debug\libBSP.a(timers.o)
 .debug_macinfo
                0x00019313     0x430d ../../BSP/Debug\libBSP.a(uart.o)
 .debug_macinfo
                0x0001d620     0x4d01 ../../BSP/Debug\libBSP.a(segs.o)

.debug_loc      0x00000000      0xef4
 .debug_loc     0x00000000       0xdc ./lab6.o
 .debug_loc     0x000000dc      0x160 ../../BSP/Debug\libBSP.a(keypad.o)
 .debug_loc     0x0000023c      0x160 ../../BSP/Debug\libBSP.a(pbs.o)
 .debug_loc     0x0000039c      0x688 ../../BSP/Debug\libBSP.a(system.o)
 .debug_loc     0x00000a24      0x294 ../../BSP/Debug\libBSP.a(timers.o)
 .debug_loc     0x00000cb8      0x18c ../../BSP/Debug\libBSP.a(uart.o)
 .debug_loc     0x00000e44       0xb0 ../../BSP/Debug\libBSP.a(segs.o)

.debug_pubnames
                0x00000000      0x65d
 .debug_pubnames
                0x00000000       0x83 ./lab6.o
 .debug_pubnames
                0x00000083       0xab ../../BSP/Debug\libBSP.a(keypad.o)
 .debug_pubnames
                0x0000012e       0x8e ../../BSP/Debug\libBSP.a(pbs.o)
 .debug_pubnames
                0x000001bc      0x29d ../../BSP/Debug\libBSP.a(system.o)
 .debug_pubnames
                0x00000459      0x10f ../../BSP/Debug\libBSP.a(timers.o)
 .debug_pubnames
                0x00000568       0xa7 ../../BSP/Debug\libBSP.a(uart.o)
 .debug_pubnames
                0x0000060f       0x4e ../../BSP/Debug\libBSP.a(segs.o)

.debug_pubtypes
                0x00000000      0x15f
 .debug_pubtypes
                0x00000000       0x3e ./lab6.o
 .debug_pubtypes
                0x0000003e       0x32 ../../BSP/Debug\libBSP.a(keypad.o)
 .debug_pubtypes
                0x00000070       0x32 ../../BSP/Debug\libBSP.a(pbs.o)
 .debug_pubtypes
                0x000000a2       0x27 ../../BSP/Debug\libBSP.a(system.o)
 .debug_pubtypes
                0x000000c9       0x3d ../../BSP/Debug\libBSP.a(timers.o)
 .debug_pubtypes
                0x00000106       0x3d ../../BSP/Debug\libBSP.a(uart.o)
 .debug_pubtypes
                0x00000143       0x1c ../../BSP/Debug\libBSP.a(segs.o)

.debug_aranges  0x00000000       0xe0
 .debug_aranges
                0x00000000       0x20 ./lab6.o
 .debug_aranges
                0x00000020       0x20 ../../BSP/Debug\libBSP.a(keypad.o)
 .debug_aranges
                0x00000040       0x20 ../../BSP/Debug\libBSP.a(pbs.o)
 .debug_aranges
                0x00000060       0x20 ../../BSP/Debug\libBSP.a(system.o)
 .debug_aranges
                0x00000080       0x20 ../../BSP/Debug\libBSP.a(timers.o)
 .debug_aranges
                0x000000a0       0x20 ../../BSP/Debug\libBSP.a(uart.o)
 .debug_aranges
                0x000000c0       0x20 ../../BSP/Debug\libBSP.a(segs.o)

.debug_str      0x00000000      0x652
 .debug_str     0x00000000       0xfa ./lab6.o
                                0x118 (size before relaxing)
 .debug_str     0x000000fa       0xa8 ../../BSP/Debug\libBSP.a(keypad.o)
                                0x131 (size before relaxing)
 .debug_str     0x000001a2       0x69 ../../BSP/Debug\libBSP.a(pbs.o)
                                0x112 (size before relaxing)
 .debug_str     0x0000020b      0x26a ../../BSP/Debug\libBSP.a(system.o)
                                0x303 (size before relaxing)
 .debug_str     0x00000475       0xf9 ../../BSP/Debug\libBSP.a(timers.o)
                                0x19e (size before relaxing)
 .debug_str     0x0000056e       0x9b ../../BSP/Debug\libBSP.a(uart.o)
                                0x147 (size before relaxing)
 .debug_str     0x00000609       0x49 ../../BSP/Debug\libBSP.a(segs.o)
                                 0xdb (size before relaxing)

.comment        0x00000000       0x2a
 .comment       0x00000000       0x2a ./lab6.o
                                 0x2b (size before relaxing)
 .comment       0x00000000       0x2b ../../BSP/Debug\libBSP.a(keypad.o)
 .comment       0x00000000       0x2b ../../BSP/Debug\libBSP.a(pbs.o)
 .comment       0x00000000       0x2b ../../BSP/Debug\libBSP.a(system.o)
 .comment       0x00000000       0x2b ../../BSP/Debug\libBSP.a(timers.o)
 .comment       0x00000000       0x2b ../../BSP/Debug\libBSP.a(uart.o)
 .comment       0x00000000       0x2b ../../BSP/Debug\libBSP.a(segs.o)

.ARM.attributes
                0x00000000       0x32
 .ARM.attributes
                0x00000000       0x32 ./lab6.o
 .ARM.attributes
                0x00000032       0x32 ../../BSP/Debug\libBSP.a(keypad.o)
 .ARM.attributes
                0x00000064       0x32 ../../BSP/Debug\libBSP.a(pbs.o)
 .ARM.attributes
                0x00000096       0x32 ../../BSP/Debug\libBSP.a(system.o)
 .ARM.attributes
                0x000000c8       0x32 ../../BSP/Debug\libBSP.a(timers.o)
 .ARM.attributes
                0x000000fa       0x32 ../../BSP/Debug\libBSP.a(uart.o)
 .ARM.attributes
                0x0000012c       0x32 ../../BSP/Debug\libBSP.a(segs.o)
 .ARM.attributes
                0x0000015e       0x1a c:/software/electronica/arm/eclipsearm/sourcery-g++-lite-arm-2011.03/bin/../lib/gcc/arm-none-eabi/4.5.2\libgcc.a(_udivsi3.o)
 .ARM.attributes
                0x00000178       0x18 c:/software/electronica/arm/eclipsearm/sourcery-g++-lite-arm-2011.03/bin/../lib/gcc/arm-none-eabi/4.5.2\libgcc.a(_dvmd_tls.o)
 .ARM.attributes
                0x00000190       0x1a c:/software/electronica/arm/eclipsearm/sourcery-g++-lite-arm-2011.03/bin/../lib/gcc/arm-none-eabi/4.5.2\libgcc.a(_aeabi_uldivmod.o)
 .ARM.attributes
                0x000001aa       0x34 c:/software/electronica/arm/eclipsearm/sourcery-g++-lite-arm-2011.03/bin/../lib/gcc/arm-none-eabi/4.5.2\libgcc.a(bpabi.o)
 .ARM.attributes
                0x000001de       0x34 c:/software/electronica/arm/eclipsearm/sourcery-g++-lite-arm-2011.03/bin/../lib/gcc/arm-none-eabi/4.5.2\libgcc.a(_divdi3.o)
 .ARM.attributes
                0x00000212       0x34 c:/software/electronica/arm/eclipsearm/sourcery-g++-lite-arm-2011.03/bin/../lib/gcc/arm-none-eabi/4.5.2\libgcc.a(_udivdi3.o)
 .ARM.attributes
                0x00000246       0x1a c:/software/electronica/arm/eclipsearm/sourcery-g++-lite-arm-2011.03/bin/../lib/gcc/arm-none-eabi/4.5.2\libgcc.a(_clzsi2.o)

.debug_frame    0x00000000      0xddc
 .debug_frame   0x00000000       0xcc ./lab6.o
 .debug_frame   0x000000cc      0x110 ../../BSP/Debug\libBSP.a(keypad.o)
 .debug_frame   0x000001dc      0x110 ../../BSP/Debug\libBSP.a(pbs.o)
 .debug_frame   0x000002ec      0x650 ../../BSP/Debug\libBSP.a(system.o)
 .debug_frame   0x0000093c      0x1f8 ../../BSP/Debug\libBSP.a(timers.o)
 .debug_frame   0x00000b34      0x130 ../../BSP/Debug\libBSP.a(uart.o)
 .debug_frame   0x00000c64       0x90 ../../BSP/Debug\libBSP.a(segs.o)
 .debug_frame   0x00000cf4       0x20 c:/software/electronica/arm/eclipsearm/sourcery-g++-lite-arm-2011.03/bin/../lib/gcc/arm-none-eabi/4.5.2\libgcc.a(_udivsi3.o)
 .debug_frame   0x00000d14       0x50 c:/software/electronica/arm/eclipsearm/sourcery-g++-lite-arm-2011.03/bin/../lib/gcc/arm-none-eabi/4.5.2\libgcc.a(bpabi.o)
 .debug_frame   0x00000d64       0x3c c:/software/electronica/arm/eclipsearm/sourcery-g++-lite-arm-2011.03/bin/../lib/gcc/arm-none-eabi/4.5.2\libgcc.a(_divdi3.o)
 .debug_frame   0x00000da0       0x3c c:/software/electronica/arm/eclipsearm/sourcery-g++-lite-arm-2011.03/bin/../lib/gcc/arm-none-eabi/4.5.2\libgcc.a(_udivdi3.o)
