Archive member included because of file (symbol)

../../BSP/Debug\libBSP.a(rtc.o)
                              ./lab11.o (rtc_init)
../../BSP/Debug\libBSP.a(system.o)
                              ./lab11.o (sys_init)
../../BSP/Debug\libBSP.a(uart.o)
                              ./lab11.o (uart0_init)
../../BSP/Debug\libBSP.a(segs.o)
                              ../../BSP/Debug\libBSP.a(system.o) (segs_init)

Allocating common symbols
Common symbol       size              file

flag                0x1               ./lab11.o

Memory Configuration

Name             Origin             Length             Attributes
*default*        0x00000000         0xffffffff

Linker script and memory map

LOAD ./bootloader.o
LOAD ./lab11.o
LOAD ../../BSP/Debug\libBSP.a
START GROUP
LOAD c:/software/electronica/arm/eclipsearm/sourcery-g++-lite-arm-2011.03/bin/../lib/gcc/arm-none-eabi/4.5.2\libgcc.a
LOAD c:/software/electronica/arm/eclipsearm/sourcery-g++-lite-arm-2011.03/bin/../lib/gcc/arm-none-eabi/4.5.2/../../../../arm-none-eabi/lib\libc.a
END GROUP
                0x0c000000                . = 0xc000000
                0x0c000000                _image_start = .

.text           0x0c000000     0x2c60
 bootloader.o()
 .text          0x0c000000      0x584 bootloader.o
 .data          0x0c000584        0x0 bootloader.o
 .bss           0x0c000584        0x0 bootloader.o
 .ARM.attributes
                0x0c000584       0x22 bootloader.o
 .debug_line    0x0c0005a6       0xc6 bootloader.o
 .debug_info    0x0c00066c       0x54 bootloader.o
 .debug_abbrev  0x0c0006c0       0x14 bootloader.o
 *fill*         0x0c0006d4        0x4 00
 .debug_aranges
                0x0c0006d8       0x20 bootloader.o
 *(.text)
 .text          0x0c0006f8      0x584 ./bootloader.o
 .text          0x0c000c7c      0x284 ./lab11.o
                0x0c000c7c                main
                0x0c000ec0                isr_tick
 .text          0x0c000f00      0x92c ../../BSP/Debug\libBSP.a(rtc.o)
                0x0c000f00                rtc_init
                0x0c00103c                rtc_puttime
                0x0c0012f4                rtc_gettime
                0x0c00175c                rtc_open
                0x0c0017d8                rtc_close
 .text          0x0c00182c      0xda0 ../../BSP/Debug\libBSP.a(system.o)
                0x0c00182c                sys_init
                0x0c001d9c                isr_SWI_dummy
                0x0c001dc8                isr_UNDEF_dummy
                0x0c001df4                isr_IRQ_dummy
                0x0c001e20                isr_FIQ_dummy
                0x0c001e4c                isr_PABORT_dummy
                0x0c001e78                isr_DABORT_dummy
                0x0c001ea4                isr_ADC_dummy
                0x0c001ed0                isr_RTC_dummy
                0x0c001efc                isr_UTXD1_dummy
                0x0c001f28                isr_UTXD0_dummy
                0x0c001f54                isr_SIO_dummy
                0x0c001f80                isr_IIC_dummy
                0x0c001fac                isr_URXD1_dummy
                0x0c001fd8                isr_URXD0_dummy
                0x0c002004                isr_TIMER5_dummy
                0x0c002030                isr_TIMER4_dummy
                0x0c00205c                isr_TIMER3_dummy
                0x0c002088                isr_TIMER2_dummy
                0x0c0020b4                isr_TIMER1_dummy
                0x0c0020e0                isr_TIMER0_dummy
                0x0c00210c                isr_UERR01_dummy
                0x0c002138                isr_WDT_dummy
                0x0c002164                isr_BDMA1_dummy
                0x0c002190                isr_BDMA0_dummy
                0x0c0021bc                isr_ZDMA1_dummy
                0x0c0021e8                isr_ZDMA0_dummy
                0x0c002214                isr_TICK_dummy
                0x0c002240                isr_PB_dummy
                0x0c00226c                isr_ETHERNET_dummy
                0x0c002298                isr_TS_dummy
                0x0c0022c4                isr_KEYPAD_dummy
                0x0c0022f0                isr_USB_dummy
                0x0c00237c                sleep
 .text          0x0c0025cc      0x5c0 ../../BSP/Debug\libBSP.a(uart.o)
                0x0c0025cc                uart0_init
                0x0c002630                uart0_putchar
                0x0c002680                uart0_getchar
                0x0c0026c8                uart0_puts
                0x0c002718                uart0_putint
                0x0c002850                uart0_puthex
                0x0c002908                uart0_gets
                0x0c002974                uart0_getint
                0x0c002a88                uart0_gethex
 .text          0x0c002b8c       0xd4 ../../BSP/Debug\libBSP.a(segs.o)
                0x0c002b8c                segs_init
                0x0c002ba8                segs_off
                0x0c002be0                segs_putchar
                0x0c002c38                segs_status

.glue_7         0x0c002c60        0x0
 .glue_7        0x00000000        0x0 linker stubs

.glue_7t        0x0c002c60        0x0
 .glue_7t       0x00000000        0x0 linker stubs

.vfp11_veneer   0x0c002c60        0x0
 .vfp11_veneer  0x00000000        0x0 linker stubs

.v4_bx          0x0c002c60        0x0
 .v4_bx         0x00000000        0x0 linker stubs

.rodata         0x0c002c60      0x760
 *(.rodata)
 .rodata        0x0c002c60       0xbc ./lab11.o
 .rodata        0x0c002d1c      0x694 ../../BSP/Debug\libBSP.a(system.o)
 .rodata        0x0c0033b0       0x10 ../../BSP/Debug\libBSP.a(segs.o)

.data           0x0c0033c0        0x0
 *(.data)
 .data          0x0c0033c0        0x0 ./bootloader.o
 .data          0x0c0033c0        0x0 ./lab11.o
 .data          0x0c0033c0        0x0 ../../BSP/Debug\libBSP.a(rtc.o)
 .data          0x0c0033c0        0x0 ../../BSP/Debug\libBSP.a(system.o)
 .data          0x0c0033c0        0x0 ../../BSP/Debug\libBSP.a(uart.o)
 .data          0x0c0033c0        0x0 ../../BSP/Debug\libBSP.a(segs.o)

.bss            0x0c0033c0        0x2
 *(.bss)
 .bss           0x0c0033c0        0x0 ./bootloader.o
 .bss           0x0c0033c0        0x0 ./lab11.o
 .bss           0x0c0033c0        0x0 ../../BSP/Debug\libBSP.a(rtc.o)
 .bss           0x0c0033c0        0x0 ../../BSP/Debug\libBSP.a(system.o)
 .bss           0x0c0033c0        0x0 ../../BSP/Debug\libBSP.a(uart.o)
 .bss           0x0c0033c0        0x1 ../../BSP/Debug\libBSP.a(segs.o)
 COMMON         0x0c0033c1        0x1 ./lab11.o
                0x0c0033c1                flag
                0x0c0033c2                _image_end = .
                0x0c0033c2                end = .
OUTPUT(lab11.elf elf32-littlearm)

.ARM.attributes
                0x00000000       0x2e
 .ARM.attributes
                0x00000000       0x22 ./bootloader.o
 .ARM.attributes
                0x00000022       0x32 ./lab11.o
 .ARM.attributes
                0x00000054       0x32 ../../BSP/Debug\libBSP.a(rtc.o)
 .ARM.attributes
                0x00000086       0x32 ../../BSP/Debug\libBSP.a(system.o)
 .ARM.attributes
                0x000000b8       0x32 ../../BSP/Debug\libBSP.a(uart.o)
 .ARM.attributes
                0x000000ea       0x32 ../../BSP/Debug\libBSP.a(segs.o)

.comment        0x00000000       0x2a
 .comment       0x00000000       0x2a ./lab11.o
                                 0x2b (size before relaxing)
 .comment       0x00000000       0x2b ../../BSP/Debug\libBSP.a(rtc.o)
 .comment       0x00000000       0x2b ../../BSP/Debug\libBSP.a(system.o)
 .comment       0x00000000       0x2b ../../BSP/Debug\libBSP.a(uart.o)
 .comment       0x00000000       0x2b ../../BSP/Debug\libBSP.a(segs.o)

.debug_line     0x00000000      0x65f
 .debug_line    0x00000000       0xc6 ./bootloader.o
 .debug_line    0x000000c6       0xc6 ./lab11.o
 .debug_line    0x0000018c       0xec ../../BSP/Debug\libBSP.a(rtc.o)
 .debug_line    0x00000278      0x236 ../../BSP/Debug\libBSP.a(system.o)
 .debug_line    0x000004ae      0x11e ../../BSP/Debug\libBSP.a(uart.o)
 .debug_line    0x000005cc       0x93 ../../BSP/Debug\libBSP.a(segs.o)

.debug_info     0x00000000      0xb42
 .debug_info    0x00000000       0x54 ./bootloader.o
 .debug_info    0x00000054      0x15a ./lab11.o
 .debug_info    0x000001ae      0x1ac ../../BSP/Debug\libBSP.a(rtc.o)
 .debug_info    0x0000035a      0x423 ../../BSP/Debug\libBSP.a(system.o)
 .debug_info    0x0000077d      0x2b8 ../../BSP/Debug\libBSP.a(uart.o)
 .debug_info    0x00000a35      0x10d ../../BSP/Debug\libBSP.a(segs.o)

.debug_abbrev   0x00000000      0x435
 .debug_abbrev  0x00000000       0x14 ./bootloader.o
 .debug_abbrev  0x00000014       0xc8 ./lab11.o
 .debug_abbrev  0x000000dc       0xbe ../../BSP/Debug\libBSP.a(rtc.o)
 .debug_abbrev  0x0000019a       0xeb ../../BSP/Debug\libBSP.a(system.o)
 .debug_abbrev  0x00000285       0xfd ../../BSP/Debug\libBSP.a(uart.o)
 .debug_abbrev  0x00000382       0xb3 ../../BSP/Debug\libBSP.a(segs.o)

.debug_aranges  0x00000000       0xc0
 .debug_aranges
                0x00000000       0x20 ./bootloader.o
 .debug_aranges
                0x00000020       0x20 ./lab11.o
 .debug_aranges
                0x00000040       0x20 ../../BSP/Debug\libBSP.a(rtc.o)
 .debug_aranges
                0x00000060       0x20 ../../BSP/Debug\libBSP.a(system.o)
 .debug_aranges
                0x00000080       0x20 ../../BSP/Debug\libBSP.a(uart.o)
 .debug_aranges
                0x000000a0       0x20 ../../BSP/Debug\libBSP.a(segs.o)

.debug_macinfo  0x00000000    0x17a85
 .debug_macinfo
                0x00000000     0x4821 ./lab11.o
 .debug_macinfo
                0x00004821     0x4cee ../../BSP/Debug\libBSP.a(rtc.o)
 .debug_macinfo
                0x0000950f     0x5568 ../../BSP/Debug\libBSP.a(system.o)
 .debug_macinfo
                0x0000ea77     0x430d ../../BSP/Debug\libBSP.a(uart.o)
 .debug_macinfo
                0x00012d84     0x4d01 ../../BSP/Debug\libBSP.a(segs.o)

.debug_loc      0x00000000      0x9f8
 .debug_loc     0x00000000       0x58 ./lab11.o
 .debug_loc     0x00000058       0xdc ../../BSP/Debug\libBSP.a(rtc.o)
 .debug_loc     0x00000134      0x688 ../../BSP/Debug\libBSP.a(system.o)
 .debug_loc     0x000007bc      0x18c ../../BSP/Debug\libBSP.a(uart.o)
 .debug_loc     0x00000948       0xb0 ../../BSP/Debug\libBSP.a(segs.o)

.debug_pubnames
                0x00000000      0x41d
 .debug_pubnames
                0x00000000       0x31 ./lab11.o
 .debug_pubnames
                0x00000031       0x5a ../../BSP/Debug\libBSP.a(rtc.o)
 .debug_pubnames
                0x0000008b      0x29d ../../BSP/Debug\libBSP.a(system.o)
 .debug_pubnames
                0x00000328       0xa7 ../../BSP/Debug\libBSP.a(uart.o)
 .debug_pubnames
                0x000003cf       0x4e ../../BSP/Debug\libBSP.a(segs.o)

.debug_pubtypes
                0x00000000       0xf8
 .debug_pubtypes
                0x00000000       0x42 ./lab11.o
 .debug_pubtypes
                0x00000042       0x36 ../../BSP/Debug\libBSP.a(rtc.o)
 .debug_pubtypes
                0x00000078       0x27 ../../BSP/Debug\libBSP.a(system.o)
 .debug_pubtypes
                0x0000009f       0x3d ../../BSP/Debug\libBSP.a(uart.o)
 .debug_pubtypes
                0x000000dc       0x1c ../../BSP/Debug\libBSP.a(segs.o)

.debug_str      0x00000000      0x481
 .debug_str     0x00000000       0xd0 ./lab11.o
                                 0xe9 (size before relaxing)
 .debug_str     0x000000d0       0x63 ../../BSP/Debug\libBSP.a(rtc.o)
                                0x10d (size before relaxing)
 .debug_str     0x00000133      0x26a ../../BSP/Debug\libBSP.a(system.o)
                                0x303 (size before relaxing)
 .debug_str     0x0000039d       0x9b ../../BSP/Debug\libBSP.a(uart.o)
                                0x147 (size before relaxing)
 .debug_str     0x00000438       0x49 ../../BSP/Debug\libBSP.a(segs.o)
                                 0xdb (size before relaxing)

.debug_frame    0x00000000      0x918
 .debug_frame   0x00000000       0x58 ./lab11.o
 .debug_frame   0x00000058       0xb0 ../../BSP/Debug\libBSP.a(rtc.o)
 .debug_frame   0x00000108      0x650 ../../BSP/Debug\libBSP.a(system.o)
 .debug_frame   0x00000758      0x130 ../../BSP/Debug\libBSP.a(uart.o)
 .debug_frame   0x00000888       0x90 ../../BSP/Debug\libBSP.a(segs.o)
