11:25:06 **** Incremental Build of configuration Debug for project lab9-efectos ****
cs-make all 
'Building file: ../lab9-efectos.c'
'Invoking: ARM Sourcery Windows GCC C Compiler'
arm-none-eabi-gcc -I../../BSP/include -O0 -Wall -Wa,-adhlns="lab9-efectos.o.lst" -c -fmessage-length=0 -mapcs-frame -MMD -MP -MF"lab9-efectos.d" -MT"lab9-efectos.d" -mcpu=arm7tdmi -g3 -gdwarf-2 -o "lab9-efectos.o" "../lab9-efectos.c"
../lab9-efectos.c:77:6: warning: return type of 'main' is not 'int'
'Finished building: ../lab9-efectos.c'
' '
'Building target: lab9-efectos.elf'
'Invoking: ARM Sourcery Windows GCC C Linker'
arm-none-eabi-gcc -T"../lab9-efectos.ld" -nostartfiles -L../../BSP/Debug -Wl,-Map,lab9-efectos.map -mcpu=arm7tdmi -g3 -gdwarf-2 -o "lab9-efectos.elf"  ./lab9-efectos.o   -lBSP
'Finished building target: lab9-efectos.elf'
' '
'Invoking: ARM Sourcery Windows GNU Create Flash Image'
arm-none-eabi-objcopy -O binary lab9-efectos.elf  "lab9-efectos.hex"
'Finished building: lab9-efectos.hex'
' '
'Invoking: ARM Sourcery Windows GNU Create Listing'
arm-none-eabi-objdump -h -S lab9-efectos.elf > "lab9-efectos.lst"
'Finished building: lab9-efectos.lst'
' '
'Invoking: ARM Sourcery Windows GNU Print Size'
arm-none-eabi-size  --format=berkeley lab9-efectos.elf
   text	   data	    bss	    dec	    hex	filename
  21920	    216	 768022	 790158	  c0e8e	lab9-efectos.elf
'Finished building: lab9-efectos.siz'
' '
11:25:15 **** Incremental Build of configuration Debug for project lab9-efectos ****
cs-make all 
'Invoking: ARM Sourcery Windows GNU Print Size'
arm-none-eabi-size  --format=berkeley lab9-efectos.elf
   text	   data	    bss	    dec	    hex	filename
  21920	    216	 768022	 790158	  c0e8e	lab9-efectos.elf
'Finished building: lab9-efectos.siz'
' '
